[1ms] Using G1
[350ms] GC(0) Pause Young (Normal) (G1 Evacuation Pause) 51M->22M(1032M) 3.317ms
[551ms] GC(1) Pause Young (Normal) (G1 Evacuation Pause) 62M->36M(1032M) 3.002ms
[727ms] GC(2) Pause Young (Concurrent Start) (Metadata GC Threshold) 92M->63M(1032M) 1.532ms
[728ms] GC(3) Concurrent Mark Cycle
[731ms] GC(3) Pause Remark 65M->65M(1024M) 0.831ms
[731ms] GC(3) Pause Cleanup 65M->65M(1024M) 0.002ms
[732ms] GC(3) Concurrent Mark Cycle 4.289ms
[899ms] GC(4) Pause Young (Normal) (G1 Evacuation Pause) 103M->67M(1024M) 1.687ms
[964ms] GC(5) Pause Young (Normal) (GCLocker Initiated GC) 111M->67M(1024M) 1.942ms
[984ms] GC(6) Pause Young (Normal) (GCLocker Initiated GC) 111M->67M(1024M) 1.498ms
[1009ms] GC(7) Pause Young (Normal) (G1 Evacuation Pause) 111M->67M(1024M) 1.283ms
[1028ms] GC(8) Pause Young (Normal) (G1 Evacuation Pause) 111M->67M(1024M) 0.980ms
[1044ms] GC(9) Pause Young (Normal) (GCLocker Initiated GC) 115M->67M(1352M) 2.254ms
[1075ms] GC(10) Pause Young (Normal) (GCLocker Initiated GC) 151M->68M(1352M) 3.256ms
[1234ms] GC(11) Pause Young (Normal) (G1 Evacuation Pause) 332M->69M(1352M) 1.464ms
[1503ms] GC(12) Pause Young (Normal) (GCLocker Initiated GC) 869M->74M(1352M) 2.788ms
[1749ms] GC(13) Pause Young (Normal) (G1 Evacuation Pause) 870M->77M(1352M) 2.541ms
[1886ms] GC(14) Pause Young (Concurrent Start) (Metadata GC Threshold) 109M->79M(1352M) 2.026ms
[1886ms] GC(15) Concurrent Mark Cycle
[1892ms] GC(15) Pause Remark 81M->81M(1024M) 1.345ms
[1894ms] GC(15) Pause Cleanup 81M->81M(1024M) 0.071ms
[1894ms] GC(15) Concurrent Mark Cycle 7.868ms
[2097ms] GC(16) Pause Young (Normal) (GCLocker Initiated GC) 339M->75M(1024M) 1.899ms
[2170ms] GC(17) Pause Young (Normal) (GCLocker Initiated GC) 623M->78M(1024M) 2.577ms
[2235ms] GC(18) Pause Young (Normal) (GCLocker Initiated GC) 674M->82M(1752M) 3.732ms
[2357ms] GC(19) Pause Young (Normal) (GCLocker Initiated GC) 1110M->89M(1752M) 5.980ms
[3071ms] GC(20) Pause Young (Normal) (GCLocker Initiated GC) 1112M->83M(1752M) 3.265ms
[3177ms] GC(21) Pause Young (Normal) (GCLocker Initiated GC) 1111M->89M(1752M) 3.414ms
[3299ms] GC(22) Pause Young (Concurrent Start) (Metadata GC Threshold) 213M->91M(1752M) 3.159ms
[3299ms] GC(23) Concurrent Mark Cycle
[3311ms] GC(23) Pause Remark 93M->93M(1024M) 6.447ms
[3313ms] GC(23) Pause Cleanup 93M->93M(1024M) 0.082ms
[3313ms] GC(23) Concurrent Mark Cycle 13.936ms
[3802ms] GC(24) Pause Young (Normal) (G1 Evacuation Pause) 675M->88M(1024M) 3.071ms
[4219ms] GC(25) Pause Young (Normal) (G1 Evacuation Pause) 676M->92M(1024M) 3.512ms
[4628ms] GC(26) Pause Young (Normal) (G1 Evacuation Pause) 676M->96M(1024M) 3.543ms
[5017ms] GC(27) Pause Young (Normal) (G1 Evacuation Pause) 676M->101M(1024M) 4.334ms
[5415ms] GC(28) Pause Young (Normal) (G1 Evacuation Pause) 677M->104M(1024M) 4.232ms
[5852ms] GC(29) Pause Young (Normal) (G1 Evacuation Pause) 676M->107M(1024M) 4.083ms
[6503ms] GC(30) Pause Young (Normal) (GCLocker Initiated GC) 679M->93M(1024M) 3.554ms
[6690ms] GC(31) Pause Young (Normal) (GCLocker Initiated GC) 681M->95M(1024M) 3.379ms
[6756ms] GC(32) Pause Young (Normal) (GCLocker Initiated GC) 683M->97M(1024M) 3.062ms
[7128ms] GC(33) Pause Young (Normal) (GCLocker Initiated GC) 685M->98M(1024M) 2.745ms
[7191ms] GC(34) Pause Young (Normal) (GCLocker Initiated GC) 682M->100M(1024M) 3.211ms
[7250ms] GC(35) Pause Young (Normal) (GCLocker Initiated GC) 684M->104M(1024M) 3.177ms
[7306ms] GC(36) Pause Young (Normal) (GCLocker Initiated GC) 685M->106M(1024M) 3.446ms
[7365ms] GC(37) Pause Young (Normal) (GCLocker Initiated GC) 695M->109M(1384M) 3.509ms
[7467ms] GC(38) Pause Young (Normal) (GCLocker Initiated GC) 909M->113M(1384M) 3.221ms
[7851ms] GC(39) Pause Young (Normal) (G1 Evacuation Pause) 913M->113M(1384M) 3.924ms
[7903ms] GC(40) Pause Young (Concurrent Start) (Metadata GC Threshold) 127M->114M(1384M) 2.891ms
[7903ms] GC(41) Concurrent Mark Cycle
[7913ms] GC(41) Pause Remark 116M->116M(1024M) 0.996ms
[7916ms] GC(41) Pause Cleanup 118M->118M(1024M) 0.066ms
[7916ms] GC(41) Concurrent Mark Cycle 12.888ms
[19393ms] GC(42) Pause Young (Concurrent Start) (Diagnostic Command) 340M->112M(1024M) 5.107ms
[19393ms] GC(43) Concurrent Mark Cycle
[19418ms] GC(43) Pause Remark 112M->112M(1024M) 14.960ms
[19422ms] GC(43) Pause Cleanup 115M->115M(1024M) 0.090ms
[19422ms] GC(43) Concurrent Mark Cycle 29.104ms
[36202ms] GC(44) Pause Young (Normal) (GCLocker Initiated GC) 697M->175M(1024M) 16.154ms
[36474ms] GC(45) Pause Young (Normal) (GCLocker Initiated GC) 711M->265M(1024M) 17.425ms
[36682ms] GC(46) Pause Young (Normal) (GCLocker Initiated GC) 745M->378M(1024M) 9.464ms
[36737ms] GC(47) Pause Young (Normal) (GCLocker Initiated GC) 747M->545M(1024M) 6.268ms
[36858ms] GC(48) Pause Young (Concurrent Start) (GCLocker Initiated GC) 749M->574M(1608M) 8.395ms
[36858ms] GC(49) Concurrent Mark Cycle
[36990ms] GC(49) Pause Remark 898M->874M(1608M) 3.139ms
[37035ms] GC(49) Pause Cleanup 1069M->1069M(1608M) 0.130ms
[37038ms] GC(49) Concurrent Mark Cycle 179.672ms
[37057ms] GC(50) Pause Young (Prepare Mixed) (GCLocker Initiated GC) 1138M->630M(1608M) 5.331ms
[37068ms] GC(51) Pause Young (Mixed) (GCLocker Initiated GC) 646M->570M(1608M) 6.994ms
[37165ms] GC(52) Pause Young (Concurrent Start) (GCLocker Initiated GC) 1166M->705M(1608M) 4.983ms
[37165ms] GC(53) Concurrent Mark Cycle
[37265ms] GC(53) Pause Remark 1141M->1077M(1808M) 3.633ms
[37279ms] GC(54) Pause Young (Normal) (GCLocker Initiated GC) 1100M->672M(1808M) 8.091ms
[37311ms] GC(53) Pause Cleanup 740M->740M(1808M) 0.263ms
[37315ms] GC(53) Concurrent Mark Cycle 149.270ms
[37371ms] GC(55) Pause Young (Prepare Mixed) (GCLocker Initiated GC) 1332M->830M(1808M) 6.734ms
[37378ms] GC(56) Pause Young (Mixed) (GCLocker Initiated GC) 839M->774M(1808M) 4.483ms
[37446ms] GC(57) Pause Young (Concurrent Start) (GCLocker Initiated GC) 1290M->871M(3544M) 8.946ms
[37446ms] GC(58) Concurrent Mark Cycle
[37565ms] GC(58) Pause Remark 1343M->1247M(3544M) 2.714ms
[37598ms] GC(58) Pause Cleanup 1419M->1419M(3544M) 0.194ms
[37605ms] GC(58) Concurrent Mark Cycle 158.781ms
[37901ms] GC(59) Pause Young (Prepare Mixed) (GCLocker Initiated GC) 2631M->939M(3544M) 11.747ms
[37911ms] GC(60) Pause Young (Mixed) (G1 Evacuation Pause) 947M->884M(3544M) 7.101ms
[38253ms] GC(61) Pause Young (Normal) (G1 Evacuation Pause) 2584M->1072M(3544M) 9.951ms
[38543ms] GC(62) Pause Young (Normal) (GCLocker Initiated GC) 2648M->1161M(3544M) 10.965ms
[38893ms] GC(63) Pause Young (Normal) (GCLocker Initiated GC) 2733M->1264M(3544M) 13.761ms
[39221ms] GC(64) Pause Young (Normal) (GCLocker Initiated GC) 2724M->1370M(3544M) 10.675ms
[39465ms] GC(65) Pause Young (Normal) (GCLocker Initiated GC) 2758M->1453M(3544M) 7.276ms
[39710ms] GC(66) Pause Young (Normal) (G1 Evacuation Pause) 2761M->1569M(3544M) 9.531ms
[39964ms] GC(67) Pause Young (Normal) (GCLocker Initiated GC) 2781M->1669M(3544M) 7.070ms
[40175ms] GC(68) Pause Young (Normal) (GCLocker Initiated GC) 2801M->1864M(3544M) 7.447ms
[40342ms] GC(69) Pause Young (Normal) (GCLocker Initiated GC) 2810M->2015M(3544M) 13.233ms
[40486ms] GC(70) Pause Young (Normal) (GCLocker Initiated GC) 2823M->2118M(3544M) 7.209ms
[40627ms] GC(71) Pause Young (Normal) (GCLocker Initiated GC) 2850M->2127M(3544M) 6.397ms
[40779ms] GC(72) Pause Young (Normal) (G1 Evacuation Pause) 2879M->2256M(3544M) 37.311ms
[40849ms] GC(73) Pause Young (Normal) (GCLocker Initiated GC) 2676M->2333M(3544M) 8.687ms
[40953ms] GC(74) Pause Young (Normal) (G1 Evacuation Pause) 2909M->2397M(3544M) 9.895ms
[41032ms] GC(75) Pause Young (Normal) (GCLocker Initiated GC) 2937M->2508M(3544M) 5.845ms
[41088ms] GC(76) Pause Young (Normal) (GCLocker Initiated GC) 2935M->2623M(3544M) 9.550ms
[41136ms] GC(77) Pause Young (Normal) (GCLocker Initiated GC) 2946M->2667M(4064M) 10.861ms
[41238ms] GC(78) Pause Young (Normal) (GCLocker Initiated GC) 3252M->2733M(4064M) 10.869ms
[41311ms] GC(79) Pause Young (Normal) (GCLocker Initiated GC) 3318M->2824M(4064M) 5.452ms
[41389ms] GC(80) Pause Young (Normal) (GCLocker Initiated GC) 3330M->2924M(4064M) 6.396ms
[41483ms] GC(81) Pause Young (Normal) (GCLocker Initiated GC) 3357M->2947M(4064M) 4.890ms
[41571ms] GC(82) Pause Young (Normal) (G1 Evacuation Pause) 3423M->2990M(4064M) 5.194ms
[41633ms] GC(83) Pause Young (Normal) (GCLocker Initiated GC) 3429M->3039M(4064M) 5.880ms
[41705ms] GC(84) Pause Young (Normal) (GCLocker Initiated GC) 3455M->3095M(4336M) 10.479ms
[41809ms] GC(85) Pause Young (Normal) (G1 Evacuation Pause) 3659M->3109M(4336M) 6.773ms
[41887ms] GC(86) Pause Young (Normal) (GCLocker Initiated GC) 3689M->3151M(4336M) 7.655ms
[41972ms] GC(87) Pause Young (Normal) (G1 Evacuation Pause) 3711M->3224M(4336M) 7.873ms
[42047ms] GC(88) Pause Young (Normal) (GCLocker Initiated GC) 3688M->3268M(4336M) 7.687ms
[42114ms] GC(89) Pause Young (Normal) (GCLocker Initiated GC) 3700M->3304M(4484M) 5.523ms
[42198ms] GC(90) Pause Young (Normal) (GCLocker Initiated GC) 3816M->3352M(4484M) 5.876ms
[42305ms] GC(91) Pause Young (Normal) (GCLocker Initiated GC) 3852M->3401M(4484M) 7.954ms
[42373ms] GC(92) Pause Young (Normal) (GCLocker Initiated GC) 3837M->3478M(4484M) 6.214ms
[42425ms] GC(93) Pause Young (Normal) (GCLocker Initiated GC) 3819M->3554M(4484M) 6.122ms
[42477ms] GC(94) Pause Young (Normal) (GCLocker Initiated GC) 3831M->3599M(4484M) 5.692ms
[42519ms] GC(95) Pause Young (Normal) (GCLocker Initiated GC) 3855M->3633M(4584M) 9.413ms
[42584ms] GC(96) Pause Young (Normal) (G1 Evacuation Pause) 3941M->3650M(4584M) 5.521ms
[42660ms] GC(97) Pause Young (Normal) (G1 Evacuation Pause) 3994M->3678M(4584M) 5.081ms
[42727ms] GC(98) Pause Young (Normal) (G1 Evacuation Pause) 3990M->3700M(4584M) 7.907ms
[42785ms] GC(99) Pause Young (Normal) (G1 Evacuation Pause) 3992M->3742M(4584M) 13.404ms
[42829ms] GC(100) Pause Young (Normal) (GCLocker Initiated GC) 3986M->3830M(4896M) 10.134ms
[42895ms] GC(101) Pause Young (Normal) (GCLocker Initiated GC) 4206M->3981M(4896M) 9.995ms
[42932ms] GC(102) Pause Young (Normal) (GCLocker Initiated GC) 4218M->4039M(4896M) 11.332ms
[42974ms] GC(103) Pause Young (Normal) (GCLocker Initiated GC) 4255M->4093M(4896M) 9.793ms
[43009ms] GC(104) Pause Young (Normal) (GCLocker Initiated GC) 4313M->4145M(5204M) 9.411ms
[43102ms] GC(105) Pause Young (Normal) (GCLocker Initiated GC) 4457M->4200M(5204M) 9.494ms
[43240ms] GC(106) Pause Young (Normal) (GCLocker Initiated GC) 4484M->4301M(5204M) 107.571ms
[43264ms] GC(107) Pause Young (Normal) (GCLocker Initiated GC) 4529M->4399M(5204M) 6.145ms
[43300ms] GC(108) Pause Young (Normal) (G1 Evacuation Pause) 4623M->4458M(5580M) 6.713ms
[43362ms] GC(109) Pause Young (Normal) (GCLocker Initiated GC) 4718M->4513M(5580M) 5.781ms
[43420ms] GC(110) Pause Young (Normal) (GCLocker Initiated GC) 4759M->4537M(5580M) 23.061ms
[43480ms] GC(111) Pause Young (Normal) (GCLocker Initiated GC) 4781M->4573M(5580M) 7.564ms
[43506ms] GC(112) Pause Young (Normal) (GCLocker Initiated GC) 4824M->4679M(5700M) 6.991ms
[43588ms] GC(113) Pause Young (Normal) (G1 Evacuation Pause) 4927M->4778M(5700M) 40.710ms
[43665ms] GC(114) Pause Young (Concurrent Start) (GCLocker Initiated GC) 5026M->4865M(5700M) 41.379ms
[43665ms] GC(115) Concurrent Mark Cycle
[43721ms] GC(116) Pause Young (Normal) (G1 Evacuation Pause) 5113M->4933M(5700M) 11.498ms
[43806ms] GC(117) Pause Young (Normal) (G1 Evacuation Pause) 5181M->4977M(5852M) 24.603ms
[43887ms] GC(118) Pause Young (Normal) (G1 Evacuation Pause) 5273M->5049M(5852M) 8.507ms
[43941ms] GC(119) Pause Young (Normal) (GCLocker Initiated GC) 5305M->5088M(5852M) 7.824ms
[43993ms] GC(120) Pause Young (Normal) (GCLocker Initiated GC) 5343M->5130M(5852M) 6.000ms
[44047ms] GC(121) Pause Young (Normal) (GCLocker Initiated GC) 5390M->5178M(5912M) 10.295ms
[44094ms] GC(122) Pause Young (Normal) (G1 Evacuation Pause) 5434M->5223M(5912M) 7.627ms
[44155ms] GC(123) Pause Young (Normal) (G1 Evacuation Pause) 5475M->5253M(5912M) 8.840ms
[44228ms] GC(124) Pause Young (Normal) (GCLocker Initiated GC) 5517M->5277M(5912M) 7.181ms
[44310ms] GC(125) Pause Young (Normal) (G1 Evacuation Pause) 5533M->5305M(5956M) 7.330ms
[44353ms] GC(126) Pause Young (Normal) (G1 Evacuation Pause) 5569M->5377M(5956M) 5.527ms
[44395ms] GC(127) Pause Young (Normal) (GCLocker Initiated GC) 5638M->5428M(5956M) 5.945ms
[44460ms] GC(115) Pause Remark 5546M->2730M(5956M) 45.681ms
[44488ms] GC(128) Pause Young (Normal) (GCLocker Initiated GC) 2868M->2640M(5956M) 6.141ms
[44611ms] GC(115) Pause Cleanup 3364M->3364M(5956M) 0.614ms
[44638ms] GC(115) Concurrent Mark Cycle 972.317ms
[44659ms] GC(129) Pause Young (Prepare Mixed) (GCLocker Initiated GC) 3512M->2739M(5956M) 11.058ms
[44695ms] GC(130) Pause Young (Mixed) (GCLocker Initiated GC) 2948M->2435M(6020M) 6.953ms
[44745ms] GC(131) Pause Young (Mixed) (GCLocker Initiated GC) 2699M->2071M(6020M) 6.183ms
[44788ms] GC(132) Pause Young (Mixed) (GCLocker Initiated GC) 2341M->1864M(6020M) 6.815ms
[45005ms] GC(133) Pause Young (Normal) (GCLocker Initiated GC) 3004M->1990M(6020M) 10.424ms
[45192ms] GC(134) Pause Young (Normal) (GCLocker Initiated GC) 3271M->2171M(6020M) 7.274ms
[45425ms] GC(135) Pause Young (Normal) (GCLocker Initiated GC) 3695M->2243M(6020M) 10.567ms
[45717ms] GC(136) Pause Young (Normal) (GCLocker Initiated GC) 4263M->2493M(6020M) 7.737ms
[45984ms] GC(137) Pause Young (Normal) (G1 Evacuation Pause) 4437M->2709M(6020M) 8.568ms
[46287ms] GC(138) Pause Young (Normal) (GCLocker Initiated GC) 4605M->2854M(6020M) 12.625ms
[46521ms] GC(139) Pause Young (Normal) (GCLocker Initiated GC) 4709M->3095M(6020M) 9.441ms
[46780ms] GC(140) Pause Young (Normal) (GCLocker Initiated GC) 4752M->3234M(6020M) 10.631ms
[47025ms] GC(141) Pause Young (Normal) (GCLocker Initiated GC) 4852M->3445M(6020M) 10.598ms
[47352ms] GC(142) Pause Young (Normal) (GCLocker Initiated GC) 4915M->3624M(6020M) 15.799ms
[47575ms] GC(143) Pause Young (Concurrent Start) (G1 Evacuation Pause) 4960M->3847M(6020M) 18.257ms
[47575ms] GC(144) Concurrent Mark Cycle
[47713ms] GC(144) Pause Remark 4267M->1699M(5696M) 11.429ms
[47888ms] GC(145) Pause Young (Normal) (G1 Evacuation Pause) 2375M->1384M(5696M) 13.913ms
[47899ms] GC(144) Pause Cleanup 1400M->1400M(5696M) 0.295ms
[47906ms] GC(144) Concurrent Mark Cycle 331.066ms
[48127ms] GC(146) Pause Young (Prepare Mixed) (GCLocker Initiated GC) 2676M->1469M(5696M) 11.564ms
[48166ms] GC(147) Pause Young (Mixed) (GCLocker Initiated GC) 1669M->1388M(5696M) 8.188ms
[48689ms] GC(148) Pause Young (Normal) (GCLocker Initiated GC) 4356M->1691M(5696M) 13.058ms
[49063ms] GC(149) Pause Young (Normal) (G1 Evacuation Pause) 3875M->1613M(5696M) 7.092ms
[49631ms] GC(150) Pause Young (Normal) (GCLocker Initiated GC) 4417M->1613M(5696M) 9.432ms
[49956ms] GC(151) Pause Young (Normal) (GCLocker Initiated GC) 3671M->1618M(5696M) 5.661ms
[50468ms] GC(152) Pause Young (Normal) (GCLocker Initiated GC) 4682M->1621M(5696M) 10.865ms
[51011ms] GC(153) Pause Young (Normal) (GCLocker Initiated GC) 4761M->1614M(5696M) 7.552ms
[51511ms] GC(154) Pause Young (Normal) (GCLocker Initiated GC) 4818M->1623M(5696M) 11.384ms
[52042ms] GC(155) Pause Young (Normal) (G1 Evacuation Pause) 4859M->1706M(5696M) 17.288ms
[52873ms] GC(156) Pause Young (Normal) (GCLocker Initiated GC) 4862M->1960M(5696M) 91.745ms
[53099ms] GC(157) Pause Young (Normal) (G1 Evacuation Pause) 2544M->1983M(5696M) 95.607ms
[53168ms] GC(158) Pause Young (Normal) (GCLocker Initiated GC) 2211M->2017M(5696M) 18.945ms
[53292ms] GC(159) Pause Young (Normal) (G1 Evacuation Pause) 2469M->2087M(5696M) 24.530ms
[53383ms] GC(160) Pause Young (Normal) (GCLocker Initiated GC) 2412M->2150M(5820M) 16.976ms
[53502ms] GC(161) Pause Young (Normal) (G1 Evacuation Pause) 2554M->2208M(5820M) 27.682ms
[53612ms] GC(162) Pause Young (Normal) (G1 Evacuation Pause) 2492M->2253M(5820M) 22.190ms
[53750ms] GC(163) Pause Young (Normal) (G1 Evacuation Pause) 2613M->2307M(5820M) 27.060ms
[53891ms] GC(164) Pause Young (Normal) (G1 Evacuation Pause) 2647M->2383M(5892M) 19.221ms
[53993ms] GC(165) Pause Young (Normal) (G1 Evacuation Pause) 2675M->2429M(5892M) 14.593ms
[54197ms] GC(166) Pause Young (Normal) (GCLocker Initiated GC) 2927M->2528M(5892M) 35.929ms
[54295ms] GC(167) Pause Young (Normal) (G1 Evacuation Pause) 2752M->2560M(5892M) 21.754ms
[54394ms] GC(168) Pause Young (Normal) (G1 Evacuation Pause) 2824M->2607M(5944M) 14.301ms
[54569ms] GC(169) Pause Young (Normal) (G1 Evacuation Pause) 2895M->2645M(5944M) 15.548ms
[54728ms] GC(170) Pause Young (Normal) (G1 Evacuation Pause) 3029M->2692M(5944M) 40.769ms
[54838ms] GC(171) Pause Young (Normal) (G1 Evacuation Pause) 2936M->2720M(5944M) 15.636ms
[54976ms] GC(172) Pause Young (Normal) (G1 Evacuation Pause) 3016M->2778M(5984M) 7.568ms
[55075ms] GC(173) Pause Young (Normal) (G1 Evacuation Pause) 3054M->2834M(5984M) 12.781ms
[55148ms] GC(174) Pause Young (Normal) (G1 Evacuation Pause) 3090M->2860M(5984M) 11.997ms
[55317ms] GC(175) Pause Young (Normal) (GCLocker Initiated GC) 3186M->2903M(5984M) 10.213ms
[55475ms] GC(176) Pause Young (Normal) (G1 Evacuation Pause) 3327M->2979M(5984M) 21.367ms
[55578ms] GC(177) Pause Young (Normal) (G1 Evacuation Pause) 3327M->3024M(5984M) 12.838ms
[55724ms] GC(178) Pause Young (Normal) (GCLocker Initiated GC) 3438M->3087M(6012M) 15.230ms
[55901ms] GC(179) Pause Young (Normal) (G1 Evacuation Pause) 3551M->3146M(6012M) 19.601ms
[56027ms] GC(180) Pause Young (Normal) (G1 Evacuation Pause) 3558M->3208M(6012M) 14.514ms
[56205ms] GC(181) Pause Young (Normal) (G1 Evacuation Pause) 3812M->3289M(6012M) 21.223ms
[56216ms] GC(182) Pause Young (Concurrent Start) (Diagnostic Command) 3297M->3297M(6024M) 8.501ms
[56216ms] GC(183) Concurrent Mark Cycle
[56412ms] GC(183) Pause Remark 4039M->2198M(6024M) 3.513ms
[56554ms] GC(183) Pause Cleanup 2573M->2573M(6024M) 0.281ms
[56558ms] GC(183) Concurrent Mark Cycle 341.440ms
[56772ms] GC(184) Pause Young (Prepare Mixed) (GCLocker Initiated GC) 3187M->1683M(6024M) 46.326ms
[56822ms] GC(185) Pause Young (Mixed) (GCLocker Initiated GC) 1787M->1237M(6024M) 23.515ms
[56955ms] GC(186) Pause Young (Normal) (G1 Evacuation Pause) 1961M->1349M(6024M) 18.740ms
[57043ms] GC(187) Pause Young (Normal) (GCLocker Initiated GC) 1681M->1398M(6024M) 21.474ms
[57101ms] GC(188) Pause Young (Normal) (G1 Evacuation Pause) 1654M->1443M(6060M) 14.172ms
[57188ms] GC(189) Pause Young (Normal) (G1 Evacuation Pause) 1831M->1494M(6060M) 12.745ms
[57334ms] GC(190) Pause Young (Normal) (GCLocker Initiated GC) 2026M->1584M(6060M) 13.065ms
[57495ms] GC(191) Pause Young (Normal) (G1 Evacuation Pause) 2184M->1642M(6060M) 16.314ms
[57700ms] GC(192) Pause Young (Normal) (G1 Evacuation Pause) 2398M->1740M(6076M) 18.588ms
[57904ms] GC(193) Pause Young (Normal) (G1 Evacuation Pause) 2312M->1824M(6076M) 18.687ms
[58123ms] GC(194) Pause Young (Normal) (GCLocker Initiated GC) 2536M->1901M(6076M) 17.840ms
[58259ms] GC(195) Pause Young (Normal) (G1 Evacuation Pause) 2501M->1986M(6076M) 16.465ms
[58466ms] GC(196) Pause Young (Normal) (GCLocker Initiated GC) 2786M->2087M(6080M) 23.089ms
[58568ms] GC(197) Pause Young (Normal) (G1 Evacuation Pause) 2543M->2157M(6080M) 19.800ms
[58716ms] GC(198) Pause Young (Normal) (G1 Evacuation Pause) 2805M->2257M(6080M) 25.724ms
[58828ms] GC(199) Pause Young (Normal) (GCLocker Initiated GC) 2721M->2359M(6080M) 21.569ms
[58954ms] GC(200) Pause Young (Normal) (GCLocker Initiated GC) 2943M->2441M(6096M) 18.219ms
[59063ms] GC(201) Pause Young (Normal) (G1 Evacuation Pause) 2913M->2512M(6096M) 17.121ms
[59170ms] GC(202) Pause Young (Normal) (G1 Evacuation Pause) 2996M->2584M(6096M) 15.381ms
[59280ms] GC(203) Pause Young (Normal) (G1 Evacuation Pause) 3180M->2660M(6096M) 19.032ms
[59352ms] GC(204) Pause Young (Normal) (G1 Evacuation Pause) 2968M->2726M(6108M) 15.292ms
[59635ms] GC(205) Pause Young (Normal) (GCLocker Initiated GC) 3518M->2840M(6108M) 28.030ms
[59698ms] GC(206) Pause Young (Normal) (GCLocker Initiated GC) 3040M->2885M(6108M) 19.327ms
[59775ms] GC(207) Pause Young (Normal) (GCLocker Initiated GC) 3181M->2945M(6108M) 11.036ms
[59872ms] GC(208) Pause Young (Normal) (G1 Evacuation Pause) 3413M->3021M(6116M) 15.674ms
[59967ms] GC(209) Pause Young (Normal) (G1 Evacuation Pause) 3457M->3111M(6116M) 16.140ms
[60064ms] GC(210) Pause Young (Normal) (GCLocker Initiated GC) 3469M->3171M(6116M) 19.639ms
[60153ms] GC(211) Pause Young (Normal) (GCLocker Initiated GC) 3599M->3247M(6116M) 14.507ms
[60247ms] GC(212) Pause Young (Normal) (G1 Evacuation Pause) 3715M->3321M(6124M) 14.148ms
[60381ms] GC(213) Pause Young (Normal) (G1 Evacuation Pause) 3901M->3412M(6124M) 18.140ms
[60486ms] GC(214) Pause Young (Normal) (GCLocker Initiated GC) 3980M->3489M(6124M) 18.490ms
[60574ms] GC(215) Pause Young (Normal) (G1 Evacuation Pause) 3969M->3565M(6124M) 16.543ms
[60692ms] GC(216) Pause Young (Normal) (G1 Evacuation Pause) 4077M->3643M(6128M) 17.766ms
[60796ms] GC(217) Pause Young (Normal) (GCLocker Initiated GC) 4125M->3645M(6128M) 8.518ms
[60913ms] GC(218) Pause Young (Normal) (GCLocker Initiated GC) 4553M->3685M(6128M) 6.958ms
[60968ms] GC(219) Pause Young (Concurrent Start) (G1 Humongous Allocation) 4093M->3689M(6128M) 6.145ms
[60968ms] GC(220) Concurrent Mark Cycle
[61039ms] GC(220) Pause Remark 4181M->1429M(4788M) 3.467ms
[61076ms] GC(220) Pause Cleanup 1728M->1728M(4788M) 0.269ms
[61080ms] GC(220) Concurrent Mark Cycle 112.120ms
[61216ms] GC(221) Pause Young (Prepare Mixed) (G1 Evacuation Pause) 2473M->953M(4788M) 10.877ms
[61267ms] GC(222) Pause Young (Mixed) (G1 Evacuation Pause) 1097M->588M(4788M) 10.651ms
[61781ms] GC(223) Pause Young (Normal) (GCLocker Initiated GC) 2916M->688M(4788M) 9.706ms
[62160ms] GC(224) Pause Young (Normal) (GCLocker Initiated GC) 2988M->695M(4788M) 7.992ms
[62817ms] GC(225) Pause Young (Normal) (GCLocker Initiated GC) 3543M->730M(4788M) 12.248ms
[63218ms] GC(226) Pause Young (Normal) (G1 Evacuation Pause) 3538M->692M(4788M) 8.594ms
[63797ms] GC(227) Pause Young (Normal) (G1 Evacuation Pause) 3572M->722M(4788M) 9.349ms
[64341ms] GC(228) Pause Young (Normal) (G1 Evacuation Pause) 3582M->731M(4788M) 8.387ms
[64866ms] GC(229) Pause Young (Normal) (GCLocker Initiated GC) 3577M->682M(4788M) 13.983ms
[65264ms] GC(230) Pause Young (Normal) (GCLocker Initiated GC) 3550M->711M(4788M) 9.337ms
[65672ms] GC(231) Pause Young (Normal) (GCLocker Initiated GC) 3547M->698M(4788M) 11.192ms
[66151ms] GC(232) Pause Young (Normal) (GCLocker Initiated GC) 3510M->724M(4788M) 15.243ms
[66579ms] GC(233) Pause Young (Concurrent Start) (GCLocker Initiated GC) 3032M->710M(4788M) 8.942ms
[66579ms] GC(234) Concurrent Mark Cycle
[66719ms] GC(234) Pause Remark 1534M->1478M(4788M) 3.374ms
[66779ms] GC(234) Pause Cleanup 1794M->1794M(4788M) 0.237ms
[66782ms] GC(234) Concurrent Mark Cycle 202.562ms
[67143ms] GC(235) Pause Young (Prepare Mixed) (GCLocker Initiated GC) 3501M->564M(4788M) 8.378ms
[67177ms] GC(236) Pause Young (Mixed) (G1 Evacuation Pause) 748M->512M(4788M) 6.921ms
[67569ms] GC(237) Pause Young (Normal) (GCLocker Initiated GC) 3419M->586M(4788M) 6.063ms
[68015ms] GC(238) Pause Young (Normal) (GCLocker Initiated GC) 3458M->588M(4788M) 7.217ms
[68421ms] GC(239) Pause Young (Normal) (GCLocker Initiated GC) 3448M->574M(4788M) 6.284ms
[68954ms] GC(240) Pause Young (Normal) (GCLocker Initiated GC) 3462M->596M(4788M) 8.062ms
[69440ms] GC(241) Pause Young (Normal) (GCLocker Initiated GC) 3460M->606M(4788M) 8.001ms
[69986ms] GC(242) Pause Young (Normal) (GCLocker Initiated GC) 3414M->609M(4788M) 8.375ms
[70413ms] GC(243) Pause Young (Normal) (GCLocker Initiated GC) 3413M->598M(4788M) 17.495ms
[70952ms] GC(244) Pause Young (Normal) (G1 Evacuation Pause) 3414M->612M(4788M) 56.809ms
[71006ms] GC(245) Pause Young (Normal) (GCLocker Initiated GC) 776M->634M(4788M) 16.865ms
[71048ms] GC(246) Pause Young (Normal) (GCLocker Initiated GC) 842M->657M(4788M) 8.474ms
[71121ms] GC(247) Pause Young (Normal) (GCLocker Initiated GC) 1050M->679M(4844M) 8.139ms
[71271ms] GC(248) Pause Young (Normal) (GCLocker Initiated GC) 1540M->679M(4844M) 5.521ms
[71555ms] GC(249) Pause Young (Normal) (G1 Evacuation Pause) 2283M->680M(4844M) 13.733ms
[71997ms] GC(250) Pause Young (Normal) (GCLocker Initiated GC) 3008M->754M(4844M) 10.326ms
[72338ms] GC(251) Pause Young (Normal) (GCLocker Initiated GC) 2918M->701M(4844M) 8.386ms
[72825ms] GC(252) Pause Young (Normal) (GCLocker Initiated GC) 3557M->717M(4844M) 11.221ms
[73297ms] GC(253) Pause Young (Normal) (GCLocker Initiated GC) 3569M->713M(4844M) 10.115ms
[73733ms] GC(254) Pause Young (Normal) (G1 Evacuation Pause) 3573M->713M(4844M) 5.112ms
[74254ms] GC(255) Pause Young (Normal) (G1 Evacuation Pause) 3569M->705M(4844M) 6.840ms
[74744ms] GC(256) Pause Young (Normal) (GCLocker Initiated GC) 3582M->713M(4844M) 6.613ms
[75203ms] GC(257) Pause Young (Normal) (G1 Evacuation Pause) 3609M->731M(4844M) 6.592ms
[75634ms] GC(258) Pause Young (Normal) (GCLocker Initiated GC) 3646M->716M(4844M) 5.848ms
[76101ms] GC(259) Pause Young (Normal) (GCLocker Initiated GC) 3640M->713M(4844M) 4.375ms
[76609ms] GC(260) Pause Young (Normal) (G1 Evacuation Pause) 3633M->709M(4844M) 6.783ms
[76635ms] GC(261) Pause Young (Concurrent Start) (Diagnostic Command) 737M->713M(4844M) 23.036ms
[76635ms] GC(262) Concurrent Mark Cycle
[77062ms] GC(262) Pause Remark 2533M->2413M(4844M) 121.806ms
[77099ms] GC(262) Pause Cleanup 2665M->2665M(4844M) 0.144ms
[77100ms] GC(262) Concurrent Mark Cycle 464.614ms
[77228ms] GC(263) Pause Young (Prepare Mixed) (GCLocker Initiated GC) 3505M->521M(4844M) 3.882ms
[77277ms] GC(264) Pause Young (Mixed) (G1 Evacuation Pause) 745M->483M(4844M) 8.093ms
[77559ms] GC(265) Pause Young (Normal) (GCLocker Initiated GC) 2523M->482M(4844M) 5.239ms
[77930ms] GC(266) Pause Young (Normal) (G1 Evacuation Pause) 2850M->488M(4844M) 4.833ms
[78333ms] GC(267) Pause Young (Normal) (G1 Evacuation Pause) 3420M->488M(4844M) 5.317ms
[78881ms] GC(268) Pause Young (Normal) (G1 Evacuation Pause) 3420M->484M(4844M) 3.207ms
[79423ms] GC(269) Pause Young (Normal) (GCLocker Initiated GC) 3428M->507M(4844M) 7.355ms
[80469ms] GC(270) Pause Young (Normal) (G1 Evacuation Pause) 3443M->500M(4844M) 4.045ms
[80886ms] GC(271) Pause Young (Normal) (GCLocker Initiated GC) 3434M->487M(4844M) 4.922ms
[81320ms] GC(272) Pause Young (Normal) (G1 Evacuation Pause) 3431M->493M(4844M) 4.366ms
[81731ms] GC(273) Pause Young (Normal) (G1 Evacuation Pause) 3445M->491M(4844M) 4.382ms
[82167ms] GC(274) Pause Young (Normal) (G1 Evacuation Pause) 3431M->491M(4844M) 8.995ms
[82624ms] GC(275) Pause Young (Normal) (G1 Evacuation Pause) 3415M->487M(4844M) 4.841ms
[83096ms] GC(276) Pause Young (Normal) (G1 Evacuation Pause) 3443M->492M(4844M) 7.146ms
[83598ms] GC(277) Pause Young (Normal) (G1 Evacuation Pause) 3436M->494M(4844M) 6.840ms
[84032ms] GC(278) Pause Young (Concurrent Start) (Diagnostic Command) 2346M->488M(4844M) 8.628ms
[84124ms] GC(279) Concurrent Mark Cycle
[84154ms] GC(279) Pause Remark 682M->658M(2240M) 2.281ms
[84183ms] GC(279) Pause Cleanup 734M->734M(2240M) 0.250ms
[84188ms] GC(279) Concurrent Mark Cycle 63.612ms
[84362ms] GC(280) Pause Young (Prepare Mixed) (GCLocker Initiated GC) 1808M->459M(2240M) 6.592ms
[84396ms] GC(281) Pause Young (Mixed) (GCLocker Initiated GC) 555M->341M(2240M) 6.053ms
[84634ms] GC(282) Pause Young (Normal) (G1 Evacuation Pause) 1697M->362M(2240M) 5.861ms
[84816ms] GC(283) Pause Young (Normal) (GCLocker Initiated GC) 1702M->365M(2240M) 4.416ms
[85027ms] GC(284) Pause Young (Normal) (GCLocker Initiated GC) 1712M->365M(2240M) 5.190ms
[85212ms] GC(285) Pause Young (Normal) (G1 Evacuation Pause) 1709M->369M(2240M) 4.096ms
[85377ms] GC(286) Pause Young (Normal) (G1 Evacuation Pause) 1709M->368M(2240M) 5.746ms
[85590ms] GC(287) Pause Young (Normal) (GCLocker Initiated GC) 1720M->370M(2240M) 6.848ms
[85786ms] GC(288) Pause Young (Normal) (GCLocker Initiated GC) 1714M->367M(2240M) 4.503ms
[85955ms] GC(289) Pause Young (Normal) (G1 Evacuation Pause) 1715M->366M(2240M) 4.583ms
[86150ms] GC(290) Pause Young (Normal) (GCLocker Initiated GC) 1718M->364M(2240M) 5.966ms
[86351ms] GC(291) Pause Young (Normal) (G1 Evacuation Pause) 1716M->367M(2240M) 3.514ms
[86523ms] GC(292) Pause Young (Normal) (GCLocker Initiated GC) 1707M->370M(2240M) 3.999ms
[86711ms] GC(293) Pause Young (Normal) (G1 Evacuation Pause) 1710M->365M(2240M) 5.693ms
[86951ms] GC(294) Pause Young (Normal) (GCLocker Initiated GC) 1725M->368M(2240M) 5.216ms
[87122ms] GC(295) Pause Young (Normal) (G1 Evacuation Pause) 1712M->372M(2240M) 5.082ms
[87288ms] GC(296) Pause Young (Normal) (G1 Evacuation Pause) 1704M->357M(2240M) 3.545ms
[87510ms] GC(297) Pause Young (Normal) (G1 Evacuation Pause) 1733M->368M(2240M) 4.983ms
[87691ms] GC(298) Pause Young (Normal) (GCLocker Initiated GC) 1717M->374M(2240M) 5.368ms
[87877ms] GC(299) Pause Young (Normal) (G1 Evacuation Pause) 1698M->364M(2240M) 4.054ms
[88243ms] GC(300) Pause Young (Normal) (GCLocker Initiated GC) 1700M->369M(2240M) 3.911ms
[88404ms] GC(301) Pause Young (Normal) (GCLocker Initiated GC) 1717M->366M(2240M) 4.767ms
[88571ms] GC(302) Pause Young (Normal) (GCLocker Initiated GC) 1722M->362M(2240M) 3.365ms
[88867ms] GC(303) Pause Young (Normal) (GCLocker Initiated GC) 1730M->365M(2240M) 4.287ms
[89127ms] GC(304) Pause Young (Normal) (GCLocker Initiated GC) 1717M->363M(2240M) 3.531ms
[89319ms] GC(305) Pause Young (Normal) (G1 Evacuation Pause) 1719M->374M(2240M) 4.672ms
[89568ms] GC(306) Pause Young (Normal) (G1 Evacuation Pause) 1754M->369M(2240M) 3.611ms
[89748ms] GC(307) Pause Young (Normal) (G1 Evacuation Pause) 1709M->369M(2240M) 4.745ms
[89985ms] GC(308) Pause Young (Normal) (G1 Evacuation Pause) 1725M->358M(2240M) 5.216ms
[91951ms] GC(309) Pause Young (Normal) (G1 Evacuation Pause) 1786M->365M(2240M) 4.830ms
[92416ms] GC(310) Pause Young (Normal) (G1 Evacuation Pause) 1733M->358M(2240M) 3.479ms
[92820ms] GC(311) Pause Young (Normal) (G1 Evacuation Pause) 1782M->360M(2240M) 3.248ms
[98649ms] GC(312) Pause Young (Normal) (G1 Evacuation Pause) 1784M->355M(2240M) 3.149ms
[99286ms] GC(313) Pause Young (Normal) (G1 Evacuation Pause) 1783M->355M(2240M) 2.518ms
[100399ms] GC(314) Pause Young (Normal) (G1 Evacuation Pause) 1783M->355M(2240M) 1.811ms
[101098ms] GC(315) Pause Young (Normal) (GCLocker Initiated GC) 1791M->348M(2240M) 1.599ms
[101748ms] GC(316) Pause Young (Normal) (G1 Evacuation Pause) 1784M->355M(2240M) 2.001ms
[102180ms] GC(317) Pause Young (Normal) (GCLocker Initiated GC) 1779M->346M(2240M) 1.807ms
[102594ms] GC(318) Pause Young (Normal) (G1 Evacuation Pause) 1794M->358M(2240M) 1.671ms
[103315ms] GC(319) Pause Young (Normal) (G1 Evacuation Pause) 1790M->355M(2240M) 2.197ms
[103520ms] GC(320) Pause Young (Concurrent Start) (Diagnostic Command) 925M->355M(2240M) 20.152ms
[103520ms] GC(321) Concurrent Mark Cycle
[105442ms] GC(321) Pause Remark 1464M->1436M(2420M) 7.403ms
[105468ms] GC(321) Pause Cleanup 1439M->1439M(2420M) 1.735ms
[105471ms] GC(321) Concurrent Mark Cycle 1950.637ms
[106071ms] GC(322) Pause Young (Prepare Mixed) (G1 Evacuation Pause) 1871M->327M(2420M) 3.562ms
[106128ms] GC(323) Pause Young (Mixed) (G1 Evacuation Pause) 439M->304M(2420M) 5.204ms
[106564ms] GC(324) Pause Young (Normal) (GCLocker Initiated GC) 1832M->319M(2420M) 1.560ms
[107249ms] GC(325) Pause Young (Normal) (G1 Evacuation Pause) 1823M->314M(2420M) 4.221ms
[108003ms] GC(326) Pause Young (Normal) (G1 Evacuation Pause) 1778M->309M(2420M) 1.539ms
[108641ms] GC(327) Pause Young (Normal) (G1 Evacuation Pause) 1777M->309M(2420M) 1.456ms
[109871ms] GC(328) Pause Young (Normal) (G1 Evacuation Pause) 1773M->308M(2420M) 3.806ms
[110443ms] GC(329) Pause Young (Normal) (G1 Evacuation Pause) 1776M->309M(2420M) 1.389ms
[110987ms] GC(330) Pause Young (Normal) (GCLocker Initiated GC) 1777M->308M(2420M) 1.222ms
[111485ms] GC(331) Pause Young (Normal) (G1 Evacuation Pause) 1776M->308M(2420M) 1.523ms
[111735ms] GC(332) Pause Young (Concurrent Start) (Diagnostic Command) 982M->309M(2420M) 2.296ms
[111735ms] GC(333) Concurrent Mark Cycle
[112131ms] GC(333) Pause Remark 385M->385M(1336M) 365.509ms
[112161ms] GC(333) Pause Cleanup 415M->415M(1336M) 0.090ms
[112164ms] GC(333) Concurrent Mark Cycle 429.143ms
[112442ms] GC(334) Pause Young (Prepare Mixed) (G1 Evacuation Pause) 1233M->288M(1336M) 6.229ms
[112469ms] GC(335) Pause Young (Mixed) (G1 Evacuation Pause) 348M->252M(1336M) 6.977ms
[112784ms] GC(336) Pause Young (Normal) (G1 Evacuation Pause) 1060M->253M(1336M) 1.604ms
[113043ms] GC(337) Pause Young (Normal) (G1 Evacuation Pause) 1061M->253M(1336M) 1.141ms
[113304ms] GC(338) Pause Young (Normal) (G1 Evacuation Pause) 1053M->252M(1336M) 1.201ms
[113570ms] GC(339) Pause Young (Normal) (G1 Evacuation Pause) 1060M->252M(1336M) 1.246ms
[113837ms] GC(340) Pause Young (Normal) (G1 Evacuation Pause) 1060M->253M(1336M) 1.300ms
[114130ms] GC(341) Pause Young (Normal) (G1 Evacuation Pause) 1061M->253M(1336M) 1.561ms
[114413ms] GC(342) Pause Young (Normal) (G1 Evacuation Pause) 1057M->252M(1336M) 1.068ms
[114694ms] GC(343) Pause Young (Normal) (G1 Evacuation Pause) 1060M->253M(1336M) 1.897ms
[114978ms] GC(344) Pause Young (Normal) (G1 Evacuation Pause) 1065M->253M(1336M) 1.176ms
[115257ms] GC(345) Pause Young (Normal) (G1 Evacuation Pause) 1053M->253M(1336M) 1.380ms
[115577ms] GC(346) Pause Young (Normal) (G1 Evacuation Pause) 1061M->253M(1336M) 1.607ms
[115883ms] GC(347) Pause Young (Normal) (G1 Evacuation Pause) 1065M->252M(1336M) 1.355ms
[116164ms] GC(348) Pause Young (Normal) (G1 Evacuation Pause) 1056M->253M(1336M) 1.290ms
[116420ms] GC(349) Pause Young (Normal) (G1 Evacuation Pause) 1061M->252M(1336M) 1.121ms
[116675ms] GC(350) Pause Young (Normal) (G1 Evacuation Pause) 1060M->252M(1336M) 1.315ms
[116957ms] GC(351) Pause Young (Normal) (G1 Evacuation Pause) 1056M->252M(1336M) 1.060ms
[117188ms] GC(352) Pause Young (Concurrent Start) (Diagnostic Command) 926M->253M(1336M) 2.100ms
[117188ms] GC(353) Concurrent Mark Cycle
[117207ms] GC(353) Pause Remark 301M->301M(1056M) 2.010ms
[117217ms] GC(353) Pause Cleanup 325M->325M(1056M) 0.111ms
[117217ms] GC(353) Concurrent Mark Cycle 29.542ms
[117499ms] GC(354) Pause Young (Prepare Mixed) (G1 Evacuation Pause) 961M->252M(1056M) 1.245ms
[117520ms] GC(355) Pause Young (Mixed) (G1 Evacuation Pause) 300M->234M(1056M) 4.175ms
[118040ms] GC(356) Pause Young (Normal) (G1 Evacuation Pause) 870M->235M(1056M) 1.902ms
[118400ms] GC(357) Pause Young (Normal) (G1 Evacuation Pause) 871M->235M(1056M) 1.733ms
[118655ms] GC(358) Pause Young (Normal) (G1 Evacuation Pause) 871M->235M(1056M) 1.536ms
[118881ms] GC(359) Pause Young (Normal) (G1 Evacuation Pause) 875M->234M(1056M) 1.189ms
[119098ms] GC(360) Pause Young (Normal) (GCLocker Initiated GC) 866M->234M(1056M) 1.125ms
[119311ms] GC(361) Pause Young (Normal) (G1 Evacuation Pause) 874M->235M(1056M) 1.305ms
[119571ms] GC(362) Pause Young (Normal) (G1 Evacuation Pause) 867M->234M(1056M) 1.097ms
[119781ms] GC(363) Pause Young (Normal) (G1 Evacuation Pause) 874M->235M(1056M) 1.109ms
[119993ms] GC(364) Pause Young (Normal) (G1 Evacuation Pause) 867M->235M(1056M) 1.093ms
[120220ms] GC(365) Pause Young (Normal) (G1 Evacuation Pause) 875M->234M(1056M) 1.749ms
[120435ms] GC(366) Pause Young (Normal) (G1 Evacuation Pause) 870M->234M(1056M) 1.170ms
[120721ms] GC(367) Pause Young (Normal) (G1 Evacuation Pause) 874M->234M(1056M) 1.086ms
[120972ms] GC(368) Pause Young (Normal) (G1 Evacuation Pause) 866M->235M(1056M) 1.352ms
[122098ms] GC(369) Pause Young (Normal) (G1 Evacuation Pause) 875M->235M(1056M) 1.241ms
[122500ms] GC(370) Pause Young (Normal) (G1 Evacuation Pause) 867M->235M(1056M) 1.375ms
[122733ms] GC(371) Pause Young (Normal) (G1 Evacuation Pause) 875M->234M(1056M) 1.198ms
[122959ms] GC(372) Pause Young (Normal) (G1 Evacuation Pause) 866M->234M(1056M) 1.463ms
[123185ms] GC(373) Pause Young (Normal) (G1 Evacuation Pause) 874M->235M(1056M) 1.160ms
[123400ms] GC(374) Pause Young (Normal) (G1 Evacuation Pause) 871M->234M(1056M) 0.929ms
[123625ms] GC(375) Pause Young (Normal) (G1 Evacuation Pause) 870M->234M(1056M) 1.167ms
[123853ms] GC(376) Pause Young (Normal) (G1 Evacuation Pause) 874M->235M(1056M) 1.353ms
[124078ms] GC(377) Pause Young (Normal) (G1 Evacuation Pause) 867M->234M(1056M) 1.104ms
[124287ms] GC(378) Pause Young (Normal) (G1 Evacuation Pause) 874M->235M(1056M) 1.206ms
[124511ms] GC(379) Pause Young (Normal) (G1 Evacuation Pause) 867M->234M(1056M) 1.392ms
[124770ms] GC(380) Pause Young (Normal) (G1 Evacuation Pause) 874M->235M(1056M) 1.734ms
[124877ms] GC(381) Pause Young (Concurrent Start) (Diagnostic Command) 471M->235M(1056M) 1.747ms
[124877ms] GC(382) Concurrent Mark Cycle
[124898ms] GC(382) Pause Remark 273M->273M(1024M) 3.835ms
[124908ms] GC(382) Pause Cleanup 297M->297M(1024M) 0.144ms
[124908ms] GC(382) Concurrent Mark Cycle 31.578ms
[125147ms] GC(383) Pause Young (Prepare Mixed) (G1 Evacuation Pause) 867M->235M(1024M) 1.357ms
[125195ms] GC(384) Pause Young (Mixed) (G1 Evacuation Pause) 279M->224M(1024M) 28.439ms
[125469ms] GC(385) Pause Young (Normal) (G1 Evacuation Pause) 844M->223M(1024M) 1.117ms
[125729ms] GC(386) Pause Young (Normal) (G1 Evacuation Pause) 835M->223M(1024M) 2.123ms
[125961ms] GC(387) Pause Young (Normal) (G1 Evacuation Pause) 843M->223M(1024M) 1.006ms
[126216ms] GC(388) Pause Young (Normal) (G1 Evacuation Pause) 835M->224M(1024M) 1.977ms
[126497ms] GC(389) Pause Young (Normal) (G1 Evacuation Pause) 844M->223M(1024M) 1.389ms
[126778ms] GC(390) Pause Young (Normal) (G1 Evacuation Pause) 839M->223M(1024M) 1.836ms
[127021ms] GC(391) Pause Young (Normal) (G1 Evacuation Pause) 839M->223M(1024M) 1.138ms
[127267ms] GC(392) Pause Young (Normal) (G1 Evacuation Pause) 839M->223M(1024M) 1.350ms
[127506ms] GC(393) Pause Young (Normal) (G1 Evacuation Pause) 839M->223M(1024M) 1.402ms
[127718ms] GC(394) Pause Young (Normal) (G1 Evacuation Pause) 839M->223M(1024M) 1.375ms
[127953ms] GC(395) Pause Young (Normal) (G1 Evacuation Pause) 839M->224M(1024M) 1.329ms
[128215ms] GC(396) Pause Young (Normal) (G1 Evacuation Pause) 840M->223M(1024M) 1.164ms
[128456ms] GC(397) Pause Young (Normal) (G1 Evacuation Pause) 839M->224M(1024M) 1.402ms
[128701ms] GC(398) Pause Young (Normal) (G1 Evacuation Pause) 840M->224M(1024M) 2.014ms
[128995ms] GC(399) Pause Young (Normal) (G1 Evacuation Pause) 840M->223M(1024M) 1.558ms
[129277ms] GC(400) Pause Young (Normal) (G1 Evacuation Pause) 839M->223M(1024M) 3.290ms
[129581ms] GC(401) Pause Young (Normal) (G1 Evacuation Pause) 839M->223M(1024M) 1.222ms
[129880ms] GC(402) Pause Young (Normal) (G1 Evacuation Pause) 839M->223M(1024M) 1.624ms
[130187ms] GC(403) Pause Young (Normal) (G1 Evacuation Pause) 839M->223M(1024M) 2.075ms
[130530ms] GC(404) Pause Young (Normal) (G1 Evacuation Pause) 843M->224M(1024M) 2.312ms
[130853ms] GC(405) Pause Young (Normal) (G1 Evacuation Pause) 836M->223M(1024M) 2.413ms
[131108ms] GC(406) Pause Young (Normal) (G1 Evacuation Pause) 843M->224M(1024M) 2.215ms
[131408ms] GC(407) Pause Young (Normal) (G1 Evacuation Pause) 836M->224M(1024M) 2.038ms
[132097ms] GC(408) Pause Young (Normal) (G1 Evacuation Pause) 844M->224M(1024M) 2.522ms
[132451ms] GC(409) Pause Young (Normal) (G1 Evacuation Pause) 836M->224M(1024M) 2.769ms
[132780ms] GC(410) Pause Young (Normal) (G1 Evacuation Pause) 844M->224M(1024M) 1.323ms
[133055ms] GC(411) Pause Young (Normal) (G1 Evacuation Pause) 836M->224M(1024M) 1.753ms
[133289ms] GC(412) Pause Young (Normal) (G1 Evacuation Pause) 844M->223M(1024M) 1.307ms
[134611ms] GC(413) Pause Young (Normal) (G1 Evacuation Pause) 835M->223M(1024M) 1.229ms
[134870ms] GC(414) Pause Young (Normal) (G1 Evacuation Pause) 843M->224M(1024M) 1.434ms
[135168ms] GC(415) Pause Young (Normal) (G1 Evacuation Pause) 836M->223M(1024M) 2.334ms
[135217ms] GC(416) Pause Young (Concurrent Start) (Diagnostic Command) 333M->224M(1024M) 2.392ms
[135217ms] GC(417) Concurrent Mark Cycle
[135244ms] GC(417) Pause Remark 254M->254M(1024M) 4.348ms
[135263ms] GC(417) Pause Cleanup 272M->272M(1024M) 0.298ms
[135263ms] GC(417) Concurrent Mark Cycle 46.375ms
[135879ms] GC(418) Pause Young (Prepare Mixed) (G1 Evacuation Pause) 844M->224M(1024M) 1.905ms
[135942ms] GC(419) Pause Young (Mixed) (G1 Evacuation Pause) 268M->208M(1024M) 35.070ms
[136390ms] GC(420) Pause Young (Normal) (G1 Evacuation Pause) 824M->208M(1024M) 1.349ms
[136678ms] GC(421) Pause Young (Normal) (G1 Evacuation Pause) 824M->208M(1024M) 1.856ms
[137043ms] GC(422) Pause Young (Normal) (G1 Evacuation Pause) 824M->207M(1024M) 3.198ms
[137974ms] GC(423) Pause Young (Normal) (G1 Evacuation Pause) 823M->208M(1024M) 1.418ms
[138469ms] GC(424) Pause Young (Normal) (G1 Evacuation Pause) 824M->208M(1024M) 3.092ms
[139140ms] GC(425) Pause Young (Normal) (G1 Evacuation Pause) 824M->208M(1024M) 11.019ms
[139622ms] GC(426) Pause Young (Normal) (G1 Evacuation Pause) 824M->208M(1024M) 2.844ms
[140093ms] GC(427) Pause Young (Normal) (G1 Evacuation Pause) 824M->208M(1024M) 3.684ms
[140641ms] GC(428) Pause Young (Normal) (G1 Evacuation Pause) 824M->208M(1024M) 4.294ms
[140983ms] GC(429) Pause Young (Normal) (G1 Evacuation Pause) 824M->208M(1024M) 3.603ms
[141356ms] GC(430) Pause Young (Normal) (G1 Evacuation Pause) 824M->209M(1024M) 3.018ms
[141891ms] GC(431) Pause Young (Normal) (G1 Evacuation Pause) 825M->208M(1024M) 3.406ms
[142279ms] GC(432) Pause Young (Normal) (G1 Evacuation Pause) 824M->208M(1024M) 6.813ms
[142668ms] GC(433) Pause Young (Normal) (G1 Evacuation Pause) 824M->208M(1024M) 2.444ms
[143008ms] GC(434) Pause Young (Normal) (G1 Evacuation Pause) 824M->207M(1024M) 1.242ms
[143273ms] GC(435) Pause Young (Normal) (G1 Evacuation Pause) 823M->207M(1024M) 1.441ms
[143619ms] GC(436) Pause Young (Normal) (G1 Evacuation Pause) 823M->208M(1024M) 2.941ms
[144003ms] GC(437) Pause Young (Normal) (G1 Evacuation Pause) 824M->208M(1024M) 4.869ms
[144524ms] GC(438) Pause Young (Normal) (G1 Evacuation Pause) 824M->209M(1024M) 3.434ms
[144917ms] GC(439) Pause Young (Normal) (G1 Evacuation Pause) 825M->208M(1024M) 3.625ms
[145262ms] GC(440) Pause Young (Normal) (G1 Evacuation Pause) 824M->207M(1024M) 1.527ms
[145553ms] GC(441) Pause Young (Normal) (G1 Evacuation Pause) 823M->208M(1024M) 3.197ms
[145876ms] GC(442) Pause Young (Normal) (G1 Evacuation Pause) 828M->208M(1024M) 2.415ms
[146145ms] GC(443) Pause Young (Normal) (G1 Evacuation Pause) 820M->208M(1024M) 1.184ms
[146369ms] GC(444) Pause Young (Normal) (G1 Evacuation Pause) 828M->207M(1024M) 1.291ms
[146587ms] GC(445) Pause Young (Normal) (G1 Evacuation Pause) 819M->207M(1024M) 1.892ms
[146877ms] GC(446) Pause Young (Normal) (G1 Evacuation Pause) 827M->208M(1024M) 3.342ms
[147124ms] GC(447) Pause Young (Normal) (G1 Evacuation Pause) 820M->208M(1024M) 1.853ms
[147369ms] GC(448) Pause Young (Concurrent Start) (Diagnostic Command) 798M->208M(1024M) 14.915ms
[147369ms] GC(449) Concurrent Mark Cycle
[147415ms] GC(449) Pause Remark 270M->270M(1024M) 20.287ms
[147446ms] GC(449) Pause Cleanup 338M->338M(1024M) 0.099ms
[147446ms] GC(449) Concurrent Mark Cycle 77.511ms
[147718ms] GC(450) Pause Young (Prepare Mixed) (G1 Evacuation Pause) 820M->208M(1024M) 1.881ms
[147775ms] GC(451) Pause Young (Mixed) (G1 Evacuation Pause) 252M->203M(1024M) 35.179ms
[148086ms] GC(452) Pause Young (Normal) (G1 Evacuation Pause) 827M->204M(1024M) 1.572ms
[148344ms] GC(453) Pause Young (Normal) (G1 Evacuation Pause) 812M->203M(1024M) 1.267ms
[148662ms] GC(454) Pause Young (Normal) (G1 Evacuation Pause) 827M->203M(1024M) 1.656ms
[149025ms] GC(455) Pause Young (Normal) (G1 Evacuation Pause) 811M->203M(1024M) 1.716ms
[149390ms] GC(456) Pause Young (Normal) (G1 Evacuation Pause) 827M->203M(1024M) 3.910ms
[149691ms] GC(457) Pause Young (Normal) (G1 Evacuation Pause) 815M->203M(1024M) 1.590ms
[149980ms] GC(458) Pause Young (Normal) (G1 Evacuation Pause) 823M->203M(1024M) 2.659ms
[150315ms] GC(459) Pause Young (Normal) (G1 Evacuation Pause) 815M->203M(1024M) 3.634ms
[150979ms] GC(460) Pause Young (Normal) (G1 Evacuation Pause) 823M->203M(1024M) 1.796ms
[151351ms] GC(461) Pause Young (Normal) (G1 Evacuation Pause) 815M->203M(1024M) 1.304ms
[151577ms] GC(462) Pause Young (Normal) (G1 Evacuation Pause) 823M->202M(1024M) 1.502ms
[151807ms] GC(463) Pause Young (Normal) (G1 Evacuation Pause) 814M->203M(1024M) 1.473ms
[152052ms] GC(464) Pause Young (Normal) (G1 Evacuation Pause) 823M->203M(1024M) 1.183ms
[152274ms] GC(465) Pause Young (Normal) (G1 Evacuation Pause) 815M->204M(1024M) 1.497ms
[152525ms] GC(466) Pause Young (Normal) (G1 Evacuation Pause) 824M->203M(1024M) 1.740ms
[152924ms] GC(467) Pause Young (Normal) (G1 Evacuation Pause) 815M->203M(1024M) 3.620ms
[153294ms] GC(468) Pause Young (Normal) (G1 Evacuation Pause) 823M->203M(1024M) 4.704ms
[153930ms] GC(469) Pause Young (Normal) (G1 Evacuation Pause) 819M->203M(1024M) 1.934ms
[154243ms] GC(470) Pause Young (Normal) (G1 Evacuation Pause) 819M->203M(1024M) 1.566ms
[154517ms] GC(471) Pause Young (Normal) (G1 Evacuation Pause) 819M->203M(1024M) 1.091ms
[154851ms] GC(472) Pause Young (Normal) (G1 Evacuation Pause) 819M->203M(1024M) 1.152ms
[155096ms] GC(473) Pause Young (Normal) (G1 Evacuation Pause) 823M->202M(1024M) 0.988ms
[155321ms] GC(474) Pause Young (Normal) (G1 Evacuation Pause) 814M->204M(1024M) 1.219ms
[155579ms] GC(475) Pause Young (Normal) (G1 Evacuation Pause) 820M->203M(1024M) 3.531ms
[155814ms] GC(476) Pause Young (Normal) (G1 Evacuation Pause) 819M->202M(1024M) 0.965ms
[156043ms] GC(477) Pause Young (Normal) (G1 Evacuation Pause) 822M->203M(1024M) 1.139ms
[156269ms] GC(478) Pause Young (Normal) (G1 Evacuation Pause) 815M->203M(1024M) 2.263ms
[156476ms] GC(479) Pause Young (Normal) (G1 Evacuation Pause) 823M->202M(1024M) 0.983ms
[156674ms] GC(480) Pause Young (Normal) (G1 Evacuation Pause) 814M->202M(1024M) 1.034ms
[157281ms] GC(481) Pause Young (Normal) (G1 Evacuation Pause) 826M->203M(1024M) 5.750ms
[157527ms] GC(482) Pause Young (Concurrent Start) (Diagnostic Command) 635M->203M(1024M) 1.668ms
[157527ms] GC(483) Concurrent Mark Cycle
[157548ms] GC(483) Pause Remark 247M->247M(1024M) 3.225ms
[157557ms] GC(483) Pause Cleanup 271M->271M(1024M) 0.081ms
[157557ms] GC(483) Concurrent Mark Cycle 30.656ms
[157771ms] GC(484) Pause Young (Prepare Mixed) (G1 Evacuation Pause) 815M->204M(1024M) 1.833ms
[157802ms] GC(485) Pause Young (Mixed) (G1 Evacuation Pause) 252M->196M(1024M) 11.960ms
[158005ms] GC(486) Pause Young (Normal) (G1 Evacuation Pause) 812M->196M(1024M) 1.076ms
[158211ms] GC(487) Pause Young (Normal) (G1 Evacuation Pause) 816M->200M(1024M) 1.200ms
[158418ms] GC(488) Pause Young (Normal) (G1 Evacuation Pause) 812M->196M(1024M) 1.327ms
[158629ms] GC(489) Pause Young (Normal) (G1 Evacuation Pause) 816M->197M(1024M) 1.671ms
[158893ms] GC(490) Pause Young (Normal) (G1 Evacuation Pause) 809M->197M(1024M) 1.739ms
[159130ms] GC(491) Pause Young (Normal) (G1 Evacuation Pause) 821M->197M(1024M) 1.754ms
[159357ms] GC(492) Pause Young (Normal) (G1 Evacuation Pause) 805M->196M(1024M) 1.129ms
[159569ms] GC(493) Pause Young (Normal) (G1 Evacuation Pause) 820M->197M(1024M) 1.196ms
[159780ms] GC(494) Pause Young (Normal) (G1 Evacuation Pause) 805M->197M(1024M) 1.620ms
[160007ms] GC(495) Pause Young (Normal) (G1 Evacuation Pause) 821M->197M(1024M) 1.962ms
[160239ms] GC(496) Pause Young (Normal) (G1 Evacuation Pause) 805M->197M(1024M) 2.611ms
[160473ms] GC(497) Pause Young (Normal) (G1 Evacuation Pause) 821M->197M(1024M) 1.564ms
[161125ms] GC(498) Pause Young (Normal) (G1 Evacuation Pause) 805M->197M(1024M) 1.232ms
[161451ms] GC(499) Pause Young (Normal) (G1 Evacuation Pause) 821M->197M(1024M) 1.354ms
[161713ms] GC(500) Pause Young (Normal) (G1 Evacuation Pause) 805M->197M(1024M) 1.510ms
[161953ms] GC(501) Pause Young (Normal) (G1 Evacuation Pause) 821M->196M(1024M) 1.230ms
[162228ms] GC(502) Pause Young (Normal) (G1 Evacuation Pause) 804M->196M(1024M) 0.968ms
[162761ms] GC(503) Pause Young (Normal) (GCLocker Initiated GC) 820M->196M(1024M) 1.258ms
[162992ms] GC(504) Pause Young (Normal) (G1 Evacuation Pause) 804M->197M(1024M) 1.089ms
[163203ms] GC(505) Pause Young (Normal) (G1 Evacuation Pause) 821M->197M(1024M) 1.251ms
[163437ms] GC(506) Pause Young (Normal) (G1 Evacuation Pause) 809M->197M(1024M) 1.402ms
[163669ms] GC(507) Pause Young (Normal) (G1 Evacuation Pause) 817M->197M(1024M) 1.575ms
[163934ms] GC(508) Pause Young (Normal) (G1 Evacuation Pause) 809M->197M(1024M) 1.752ms
[164171ms] GC(509) Pause Young (Normal) (G1 Evacuation Pause) 817M->196M(1024M) 1.122ms
[164431ms] GC(510) Pause Young (Normal) (G1 Evacuation Pause) 808M->197M(1024M) 3.248ms
[164662ms] GC(511) Pause Young (Normal) (G1 Evacuation Pause) 817M->197M(1024M) 2.516ms
[164938ms] GC(512) Pause Young (Normal) (G1 Evacuation Pause) 809M->197M(1024M) 1.717ms
[165153ms] GC(513) Pause Young (Normal) (G1 Evacuation Pause) 817M->196M(1024M) 1.196ms
[165369ms] GC(514) Pause Young (Normal) (G1 Evacuation Pause) 808M->197M(1024M) 1.169ms
[165610ms] GC(515) Pause Young (Normal) (G1 Evacuation Pause) 817M->197M(1024M) 1.508ms
[165866ms] GC(516) Pause Young (Normal) (G1 Evacuation Pause) 813M->196M(1024M) 2.247ms
[166160ms] GC(517) Pause Young (Normal) (G1 Evacuation Pause) 812M->197M(1024M) 2.354ms
[166506ms] GC(518) Pause Young (Normal) (G1 Evacuation Pause) 809M->194M(1024M) 1.307ms
[166729ms] GC(519) Pause Young (Normal) (G1 Evacuation Pause) 806M->192M(1024M) 2.010ms
[167009ms] GC(520) Pause Young (Normal) (G1 Evacuation Pause) 804M->193M(1024M) 1.926ms
[167348ms] GC(521) Pause Young (Normal) (G1 Evacuation Pause) 809M->197M(1024M) 2.984ms
[167618ms] GC(522) Pause Young (Normal) (G1 Evacuation Pause) 813M->197M(1024M) 2.176ms
[167872ms] GC(523) Pause Young (Normal) (G1 Evacuation Pause) 813M->197M(1024M) 1.940ms
[168090ms] GC(524) Pause Young (Normal) (G1 Evacuation Pause) 813M->197M(1024M) 1.870ms
[168318ms] GC(525) Pause Young (Normal) (G1 Evacuation Pause) 813M->197M(1024M) 1.418ms
[168524ms] GC(526) Pause Young (Normal) (G1 Evacuation Pause) 813M->197M(1024M) 1.341ms
[168736ms] GC(527) Pause Young (Normal) (G1 Evacuation Pause) 813M->196M(1024M) 1.175ms
[168947ms] GC(528) Pause Young (Normal) (G1 Evacuation Pause) 812M->197M(1024M) 1.458ms
[169147ms] GC(529) Pause Young (Normal) (G1 Evacuation Pause) 813M->197M(1024M) 1.161ms
[169357ms] GC(530) Pause Young (Normal) (G1 Evacuation Pause) 813M->196M(1024M) 1.191ms
[169571ms] GC(531) Pause Young (Normal) (G1 Evacuation Pause) 812M->197M(1024M) 1.251ms
[169812ms] GC(532) Pause Young (Normal) (G1 Evacuation Pause) 813M->197M(1024M) 1.259ms
[170138ms] GC(533) Pause Young (Normal) (G1 Evacuation Pause) 813M->196M(1024M) 1.680ms
[170518ms] GC(534) Pause Young (Normal) (GCLocker Initiated GC) 812M->196M(1024M) 3.019ms
[170686ms] GC(535) Pause Young (Concurrent Start) (Diagnostic Command) 420M->197M(1024M) 2.078ms
[170686ms] GC(536) Concurrent Mark Cycle
[170710ms] GC(536) Pause Remark 213M->213M(1024M) 4.484ms
[170728ms] GC(536) Pause Cleanup 225M->225M(1024M) 2.630ms
[170728ms] GC(536) Concurrent Mark Cycle 42.149ms
[171118ms] GC(537) Pause Young (Prepare Mixed) (G1 Evacuation Pause) 809M->196M(1024M) 1.790ms
[171159ms] GC(538) Pause Young (Mixed) (G1 Evacuation Pause) 240M->190M(1024M) 13.757ms
[171477ms] GC(539) Pause Young (Normal) (G1 Evacuation Pause) 810M->191M(1024M) 1.664ms
[171724ms] GC(540) Pause Young (Normal) (G1 Evacuation Pause) 803M->190M(1024M) 1.519ms
[172118ms] GC(541) Pause Young (Normal) (G1 Evacuation Pause) 810M->191M(1024M) 2.143ms
[172373ms] GC(542) Pause Young (Normal) (G1 Evacuation Pause) 803M->190M(1024M) 1.360ms
[172632ms] GC(543) Pause Young (Normal) (G1 Evacuation Pause) 810M->190M(1024M) 1.493ms
[172889ms] GC(544) Pause Young (Normal) (G1 Evacuation Pause) 806M->190M(1024M) 1.169ms
[173117ms] GC(545) Pause Young (Normal) (G1 Evacuation Pause) 806M->191M(1024M) 1.661ms
[173385ms] GC(546) Pause Young (Normal) (G1 Evacuation Pause) 807M->194M(1024M) 1.232ms
[173643ms] GC(547) Pause Young (Normal) (G1 Evacuation Pause) 810M->189M(1024M) 1.187ms
[174075ms] GC(548) Pause Young (Normal) (G1 Evacuation Pause) 801M->190M(1024M) 1.909ms
[175434ms] GC(549) Pause Young (Normal) (G1 Evacuation Pause) 810M->191M(1024M) 1.287ms
[175822ms] GC(550) Pause Young (Normal) (G1 Evacuation Pause) 807M->190M(1024M) 4.636ms
[176060ms] GC(551) Pause Young (Normal) (G1 Evacuation Pause) 806M->189M(1024M) 1.298ms
[176360ms] GC(552) Pause Young (Normal) (G1 Evacuation Pause) 805M->190M(1024M) 1.469ms
[176581ms] GC(553) Pause Young (Normal) (G1 Evacuation Pause) 806M->190M(1024M) 1.438ms
[176895ms] GC(554) Pause Young (Normal) (G1 Evacuation Pause) 806M->191M(1024M) 4.007ms
[177155ms] GC(555) Pause Young (Normal) (G1 Evacuation Pause) 807M->190M(1024M) 1.092ms
[177400ms] GC(556) Pause Young (Normal) (G1 Evacuation Pause) 806M->190M(1024M) 1.249ms
[177659ms] GC(557) Pause Young (Normal) (G1 Evacuation Pause) 806M->190M(1024M) 2.374ms
[177894ms] GC(558) Pause Young (Normal) (G1 Evacuation Pause) 806M->191M(1024M) 2.003ms
[178110ms] GC(559) Pause Young (Normal) (G1 Evacuation Pause) 807M->190M(1024M) 1.208ms
[178325ms] GC(560) Pause Young (Normal) (G1 Evacuation Pause) 810M->190M(1024M) 1.172ms
[178537ms] GC(561) Pause Young (Normal) (G1 Evacuation Pause) 802M->190M(1024M) 1.252ms
[178757ms] GC(562) Pause Young (Normal) (G1 Evacuation Pause) 810M->190M(1024M) 1.722ms
[178982ms] GC(563) Pause Young (Normal) (G1 Evacuation Pause) 802M->190M(1024M) 1.182ms
[179178ms] GC(564) Pause Young (Normal) (G1 Evacuation Pause) 814M->190M(1024M) 1.142ms
[179370ms] GC(565) Pause Young (Normal) (G1 Evacuation Pause) 802M->190M(1024M) 1.092ms
[179585ms] GC(566) Pause Young (Normal) (G1 Evacuation Pause) 802M->185M(1024M) 1.155ms
[179798ms] GC(567) Pause Young (Normal) (G1 Evacuation Pause) 789M->181M(1024M) 1.100ms
[181102ms] GC(568) Pause Young (Concurrent Start) (Diagnostic Command) 497M->178M(1024M) 1.530ms
[181102ms] GC(569) Concurrent Mark Cycle
[181119ms] GC(569) Pause Remark 179M->179M(1024M) 2.085ms
[181128ms] GC(569) Pause Cleanup 179M->179M(1024M) 0.121ms
[181128ms] GC(569) Concurrent Mark Cycle 26.081ms
[186193ms] GC(570) Pause Young (Concurrent Start) (Diagnostic Command) 194M->178M(1024M) 1.385ms
[186193ms] GC(571) Concurrent Mark Cycle
[186209ms] GC(571) Pause Remark 181M->181M(1024M) 1.919ms
[186218ms] GC(571) Pause Cleanup 182M->182M(1024M) 0.145ms
[186219ms] GC(571) Concurrent Mark Cycle 25.618ms
[194431ms] GC(572) Pause Young (Concurrent Start) (Diagnostic Command) 205M->176M(1024M) 1.571ms
[194431ms] GC(573) Concurrent Mark Cycle
[194448ms] GC(573) Pause Remark 176M->176M(1024M) 2.412ms
[194457ms] GC(573) Pause Cleanup 176M->176M(1024M) 0.107ms
[194457ms] GC(573) Concurrent Mark Cycle 26.651ms
[200520ms] GC(574) Pause Young (Concurrent Start) (Diagnostic Command) 196M->176M(1024M) 2.327ms
[200520ms] GC(575) Concurrent Mark Cycle
[200542ms] GC(575) Pause Remark 176M->176M(1024M) 4.164ms
[200551ms] GC(575) Pause Cleanup 176M->176M(1024M) 0.151ms
[200551ms] GC(575) Concurrent Mark Cycle 31.048ms
