[1ms] Using G1
[370ms] GC(0) Pause Young (Normal) (G1 Evacuation Pause) 53M->21M(1028M) 3.146ms
[554ms] GC(1) Pause Young (Normal) (G1 Evacuation Pause) 63M->39M(1028M) 2.442ms
[692ms] GC(2) Pause Young (Concurrent Start) (Metadata GC Threshold) 89M->61M(1028M) 1.475ms
[692ms] GC(3) Concurrent Mark Cycle
[695ms] GC(3) Pause Remark 62M->62M(1024M) 0.888ms
[697ms] GC(3) Pause Cleanup 62M->62M(1024M) 0.053ms
[697ms] GC(3) Concurrent Mark Cycle 5.363ms
[874ms] GC(4) Pause Young (Normal) (GCLocker Initiated GC) 105M->64M(1024M) 1.550ms
[936ms] GC(5) Pause Young (Normal) (G1 Evacuation Pause) 110M->64M(1024M) 1.347ms
[960ms] GC(6) Pause Young (Normal) (GCLocker Initiated GC) 110M->64M(1024M) 1.747ms
[981ms] GC(7) Pause Young (Normal) (G1 Evacuation Pause) 110M->65M(1024M) 1.478ms
[1000ms] GC(8) Pause Young (Normal) (GCLocker Initiated GC) 111M->65M(1024M) 1.015ms
[1017ms] GC(9) Pause Young (Normal) (G1 Evacuation Pause) 119M->65M(1024M) 1.870ms
[1193ms] GC(10) Pause Young (Normal) (G1 Evacuation Pause) 395M->67M(1144M) 1.777ms
[1446ms] GC(11) Pause Young (Normal) (GCLocker Initiated GC) 606M->69M(1144M) 2.516ms
[1509ms] GC(12) Pause Young (Normal) (GCLocker Initiated GC) 570M->73M(1144M) 2.457ms
[1868ms] GC(13) Pause Young (Concurrent Start) (Metadata GC Threshold) 665M->77M(1144M) 3.200ms
[1868ms] GC(14) Concurrent Mark Cycle
[1873ms] GC(14) Pause Remark 78M->78M(1024M) 1.176ms
[1875ms] GC(14) Pause Cleanup 79M->79M(1024M) 0.084ms
[1875ms] GC(14) Concurrent Mark Cycle 7.119ms
[2126ms] GC(15) Pause Young (Normal) (GCLocker Initiated GC) 747M->76M(1024M) 2.528ms
[2191ms] GC(16) Pause Young (Normal) (GCLocker Initiated GC) 675M->79M(1024M) 3.139ms
[2253ms] GC(17) Pause Young (Normal) (GCLocker Initiated GC) 675M->84M(1024M) 2.814ms
[2316ms] GC(18) Pause Young (Normal) (GCLocker Initiated GC) 674M->87M(1024M) 2.956ms
[2375ms] GC(19) Pause Young (Normal) (GCLocker Initiated GC) 675M->90M(1024M) 3.184ms
[2987ms] GC(20) Pause Young (Normal) (G1 Evacuation Pause) 674M->82M(1024M) 3.344ms
[3041ms] GC(21) Pause Young (Normal) (GCLocker Initiated GC) 678M->85M(1024M) 2.917ms
[3183ms] GC(22) Pause Young (Concurrent Start) (Metadata GC Threshold) 465M->87M(1024M) 2.981ms
[3183ms] GC(23) Concurrent Mark Cycle
[3194ms] GC(23) Pause Remark 89M->89M(1024M) 5.845ms
[3196ms] GC(23) Pause Cleanup 89M->89M(1024M) 0.099ms
[3197ms] GC(23) Concurrent Mark Cycle 13.598ms
[3684ms] GC(24) Pause Young (Normal) (G1 Evacuation Pause) 677M->85M(1024M) 5.558ms
[4094ms] GC(25) Pause Young (Normal) (G1 Evacuation Pause) 677M->89M(1024M) 3.895ms
[4501ms] GC(26) Pause Young (Normal) (G1 Evacuation Pause) 677M->93M(1024M) 4.288ms
[4905ms] GC(27) Pause Young (Normal) (G1 Evacuation Pause) 677M->99M(1024M) 4.389ms
[5305ms] GC(28) Pause Young (Normal) (G1 Evacuation Pause) 677M->102M(1024M) 6.469ms
[5811ms] GC(29) Pause Young (Normal) (G1 Evacuation Pause) 680M->104M(1024M) 4.679ms
[6483ms] GC(30) Pause Young (Normal) (GCLocker Initiated GC) 682M->115M(1024M) 5.027ms
[6664ms] GC(31) Pause Young (Normal) (GCLocker Initiated GC) 685M->117M(1024M) 4.300ms
[6723ms] GC(32) Pause Young (Normal) (GCLocker Initiated GC) 687M->122M(1024M) 4.914ms
[7024ms] GC(33) Pause Young (Normal) (GCLocker Initiated GC) 694M->120M(1024M) 3.693ms
[7087ms] GC(34) Pause Young (Normal) (GCLocker Initiated GC) 695M->123M(1024M) 3.724ms
[7146ms] GC(35) Pause Young (Normal) (GCLocker Initiated GC) 697M->128M(1024M) 4.216ms
[7201ms] GC(36) Pause Young (Normal) (GCLocker Initiated GC) 696M->130M(1024M) 4.453ms
[7257ms] GC(37) Pause Young (Normal) (GCLocker Initiated GC) 703M->132M(1140M) 4.101ms
[7322ms] GC(38) Pause Young (Normal) (GCLocker Initiated GC) 776M->136M(1140M) 3.969ms
[7387ms] GC(39) Pause Young (Normal) (GCLocker Initiated GC) 776M->136M(1140M) 4.177ms
[7660ms] GC(40) Pause Young (Concurrent Start) (Metadata GC Threshold) 528M->135M(1140M) 4.834ms
[7661ms] GC(41) Concurrent Mark Cycle
[7671ms] GC(41) Pause Remark 138M->135M(1024M) 1.063ms
[7675ms] GC(41) Pause Cleanup 136M->136M(1024M) 0.096ms
[7675ms] GC(41) Concurrent Mark Cycle 14.686ms
[19677ms] GC(42) Pause Full (Heap Inspection Initiated GC) 386M->100M(1024M) 36.921ms
[37052ms] GC(43) Pause Young (Concurrent Start) (G1 Humongous Allocation) 952M->283M(1024M) 11.514ms
[37052ms] GC(44) Concurrent Undo Cycle
[37055ms] GC(44) Concurrent Undo Cycle 3.035ms
[37084ms] GC(45) Pause Young (Concurrent Start) (G1 Humongous Allocation) 429M->346M(1024M) 11.913ms
[37084ms] GC(46) Concurrent Undo Cycle
[37084ms] GC(46) Concurrent Undo Cycle 0.256ms
[37225ms] GC(47) Pause Young (Concurrent Start) (G1 Humongous Allocation) 548M->371M(1434M) 5.363ms
[37225ms] GC(48) Concurrent Undo Cycle
[37226ms] GC(48) Concurrent Undo Cycle 1.290ms
[37242ms] GC(49) Pause Young (Concurrent Start) (G1 Humongous Allocation) 538M->445M(1434M) 4.174ms
[37242ms] GC(50) Concurrent Undo Cycle
[37242ms] GC(50) Concurrent Undo Cycle 0.333ms
[37253ms] GC(51) Pause Young (Concurrent Start) (G1 Humongous Allocation) 533M->486M(1434M) 3.399ms
[37253ms] GC(52) Concurrent Undo Cycle
[37255ms] GC(52) Concurrent Undo Cycle 1.493ms
[37260ms] GC(53) Pause Young (Concurrent Start) (GCLocker Initiated GC) 533M->501M(1434M) 1.798ms
[37260ms] GC(54) Concurrent Mark Cycle
[37487ms] GC(55) Pause Young (Normal) (GCLocker Initiated GC) 1345M->755M(1434M) 4.243ms
[37630ms] GC(54) Pause Remark 1121M->1069M(1800M) 5.679ms
[37644ms] GC(54) Pause Cleanup 1078M->1078M(1800M) 0.186ms
[37645ms] GC(54) Concurrent Mark Cycle 385.166ms
[37812ms] GC(56) Pause Young (Prepare Mixed) (GCLocker Initiated GC) 1258M->809M(1800M) 20.150ms
[37831ms] GC(57) Pause Young (Mixed) (GCLocker Initiated GC) 849M->817M(2116M) 7.911ms
[37851ms] GC(58) Pause Young (Concurrent Start) (G1 Humongous Allocation) 864M->829M(2116M) 3.899ms
[37851ms] GC(59) Concurrent Mark Cycle
[37891ms] GC(59) Pause Remark 975M->941M(2116M) 3.261ms
[37918ms] GC(59) Pause Cleanup 1035M->1035M(2116M) 0.160ms
[37924ms] GC(59) Concurrent Mark Cycle 72.310ms
[38019ms] GC(60) Pause Young (Prepare Mixed) (GCLocker Initiated GC) 1383M->893M(2116M) 4.765ms
[38052ms] GC(61) Pause Young (Mixed) (GCLocker Initiated GC) 995M->896M(2116M) 5.269ms
[38062ms] GC(62) Pause Young (Concurrent Start) (G1 Humongous Allocation) 920M->897M(2116M) 2.871ms
[38062ms] GC(63) Concurrent Mark Cycle
[38096ms] GC(63) Pause Remark 1009M->887M(2116M) 2.668ms
[38117ms] GC(63) Pause Cleanup 951M->951M(2116M) 0.209ms
[38118ms] GC(63) Concurrent Mark Cycle 56.893ms
[38367ms] GC(64) Pause Young (Prepare Mixed) (G1 Evacuation Pause) 1567M->902M(2116M) 86.732ms
[38386ms] GC(65) Pause Young (Mixed) (GCLocker Initiated GC) 941M->898M(2116M) 8.330ms
[38402ms] GC(66) Pause Young (Concurrent Start) (G1 Humongous Allocation) 941M->910M(2488M) 4.195ms
[38402ms] GC(67) Concurrent Undo Cycle
[38405ms] GC(67) Concurrent Undo Cycle 2.545ms
[38410ms] GC(68) Pause Young (Concurrent Start) (GCLocker Initiated GC) 922M->913M(2488M) 3.787ms
[38410ms] GC(69) Concurrent Mark Cycle
[38456ms] GC(69) Pause Remark 1039M->957M(2488M) 3.113ms
[38476ms] GC(69) Pause Cleanup 1020M->1020M(2488M) 0.423ms
[38479ms] GC(69) Concurrent Mark Cycle 69.451ms
[38715ms] GC(70) Pause Young (Prepare Mixed) (GCLocker Initiated GC) 1998M->946M(2488M) 3.060ms
[38740ms] GC(71) Pause Young (Mixed) (G1 Evacuation Pause) 1048M->936M(2488M) 4.300ms
[39026ms] GC(72) Pause Young (Normal) (GCLocker Initiated GC) 2322M->1177M(2488M) 6.231ms
[39031ms] GC(73) Pause Young (Concurrent Start) (GCLocker Initiated GC) 1190M->1171M(2488M) 3.448ms
[39031ms] GC(74) Concurrent Mark Cycle
[39063ms] GC(74) Pause Remark 1651M->1189M(2488M) 2.543ms
[39075ms] GC(74) Pause Cleanup 1257M->1257M(2488M) 0.310ms
[39075ms] GC(74) Concurrent Mark Cycle 43.922ms
[39244ms] GC(75) Pause Young (Prepare Mixed) (GCLocker Initiated GC) 1997M->868M(2488M) 6.444ms
[39326ms] GC(76) Pause Young (Mixed) (GCLocker Initiated GC) 1092M->925M(2488M) 55.566ms
[39681ms] GC(77) Pause Young (Normal) (G1 Evacuation Pause) 2159M->1127M(2488M) 13.172ms
[39693ms] GC(78) Pause Young (Concurrent Start) (G1 Humongous Allocation) 1139M->1132M(2488M) 7.069ms
[39693ms] GC(79) Concurrent Mark Cycle
[39758ms] GC(79) Pause Remark 1358M->1206M(2488M) 3.334ms
[39786ms] GC(79) Pause Cleanup 1243M->1243M(2488M) 0.179ms
[39787ms] GC(79) Concurrent Mark Cycle 93.222ms
[39977ms] GC(80) Pause Young (Prepare Mixed) (GCLocker Initiated GC) 1888M->1133M(2488M) 9.165ms
[39992ms] GC(81) Pause Young (Mixed) (GCLocker Initiated GC) 1157M->1106M(2532M) 7.110ms
[39997ms] GC(82) Pause Young (Concurrent Start) (GCLocker Initiated GC) 1114M->1103M(2532M) 2.163ms
[39997ms] GC(83) Concurrent Mark Cycle
[40053ms] GC(83) Pause Remark 1286M->1138M(2532M) 5.126ms
[40084ms] GC(83) Pause Cleanup 1209M->1209M(2532M) 0.197ms
[40085ms] GC(83) Concurrent Mark Cycle 87.906ms
[40295ms] GC(84) Pause Young (Prepare Mixed) (GCLocker Initiated GC) 2101M->1119M(2532M) 6.275ms
[40310ms] GC(85) Pause Young (Mixed) (GCLocker Initiated GC) 1162M->1089M(2532M) 4.798ms
[40317ms] GC(86) Pause Young (Concurrent Start) (G1 Humongous Allocation) 1107M->1087M(2532M) 1.877ms
[40317ms] GC(87) Concurrent Mark Cycle
[40364ms] GC(87) Pause Remark 1291M->1193M(2532M) 3.659ms
[40399ms] GC(87) Pause Cleanup 1362M->1362M(2532M) 0.224ms
[40400ms] GC(87) Concurrent Mark Cycle 82.737ms
[40552ms] GC(88) Pause Young (Prepare Mixed) (GCLocker Initiated GC) 2039M->1133M(2532M) 11.547ms
[40566ms] GC(89) Pause Young (Mixed) (G1 Evacuation Pause) 1173M->1083M(2532M) 5.702ms
[40572ms] GC(90) Pause Young (Concurrent Start) (GCLocker Initiated GC) 1108M->1081M(2532M) 1.958ms
[40572ms] GC(91) Concurrent Mark Cycle
[40623ms] GC(91) Pause Remark 1345M->1239M(2532M) 2.445ms
[40657ms] GC(91) Pause Cleanup 1419M->1419M(2532M) 0.291ms
[40659ms] GC(91) Concurrent Mark Cycle 86.578ms
[40884ms] GC(92) Pause Young (Prepare Mixed) (GCLocker Initiated GC) 2103M->1140M(2532M) 13.898ms
[40901ms] GC(93) Pause Young (Mixed) (GCLocker Initiated GC) 1182M->1100M(2532M) 4.679ms
[40905ms] GC(94) Pause Young (Concurrent Start) (GCLocker Initiated GC) 1104M->1095M(2748M) 3.007ms
[40905ms] GC(95) Concurrent Mark Cycle
[40928ms] GC(95) Pause Remark 1152M->1040M(2748M) 2.048ms
[40941ms] GC(95) Pause Cleanup 1066M->1066M(2748M) 0.237ms
[40942ms] GC(95) Concurrent Mark Cycle 36.989ms
[41276ms] GC(96) Pause Young (Prepare Mixed) (G1 Evacuation Pause) 2317M->1122M(2748M) 9.179ms
[41294ms] GC(97) Pause Young (Mixed) (GCLocker Initiated GC) 1191M->1090M(2748M) 6.934ms
[41505ms] GC(98) Pause Young (Concurrent Start) (G1 Humongous Allocation) 2062M->1262M(2748M) 12.670ms
[41505ms] GC(99) Concurrent Undo Cycle
[41506ms] GC(99) Concurrent Undo Cycle 0.851ms
[41516ms] GC(100) Pause Young (Concurrent Start) (G1 Humongous Allocation) 1276M->1273M(2748M) 7.928ms
[41516ms] GC(101) Concurrent Mark Cycle
[41561ms] GC(101) Pause Remark 1483M->1287M(2748M) 10.310ms
[41592ms] GC(101) Pause Cleanup 1470M->1470M(2748M) 0.289ms
[41593ms] GC(101) Concurrent Mark Cycle 77.478ms
[41653ms] GC(102) Pause Young (Prepare Mixed) (G1 Evacuation Pause) 1779M->1205M(2748M) 2.846ms
[41674ms] GC(103) Pause Young (Mixed) (GCLocker Initiated GC) 1327M->1043M(2748M) 3.647ms
[41684ms] GC(104) Pause Young (Concurrent Start) (GCLocker Initiated GC) 1076M->1045M(2748M) 3.691ms
[41684ms] GC(105) Concurrent Mark Cycle
[41733ms] GC(105) Pause Remark 1268M->1038M(2748M) 4.989ms
[41753ms] GC(105) Pause Cleanup 1128M->1128M(2748M) 0.249ms
[41754ms] GC(105) Concurrent Mark Cycle 69.901ms
[41886ms] GC(106) Pause Young (Prepare Mixed) (G1 Evacuation Pause) 1995M->1027M(2748M) 3.157ms
[41929ms] GC(107) Pause Young (Mixed) (G1 Evacuation Pause) 1171M->939M(2748M) 2.833ms
[41942ms] GC(108) Pause Young (Concurrent Start) (G1 Humongous Allocation) 967M->942M(2748M) 3.274ms
[41942ms] GC(109) Concurrent Mark Cycle
[41972ms] GC(109) Pause Remark 1032M->672M(2280M) 4.115ms
[41989ms] GC(109) Pause Cleanup 738M->738M(2280M) 0.290ms
[41990ms] GC(109) Concurrent Mark Cycle 47.674ms
[42213ms] GC(110) Pause Young (Prepare Mixed) (GCLocker Initiated GC) 1875M->598M(2280M) 3.109ms
[42235ms] GC(111) Pause Young (Mixed) (G1 Evacuation Pause) 690M->578M(2280M) 4.647ms
[42242ms] GC(112) Pause Young (Concurrent Start) (GCLocker Initiated GC) 592M->578M(2280M) 4.107ms
[42242ms] GC(113) Concurrent Mark Cycle
[42285ms] GC(113) Pause Remark 720M->490M(1668M) 2.637ms
[42299ms] GC(113) Pause Cleanup 541M->541M(1668M) 0.252ms
[42300ms] GC(113) Concurrent Mark Cycle 57.943ms
[42419ms] GC(114) Pause Young (Prepare Mixed) (G1 Preventive Collection) 1474M->490M(1668M) 5.585ms
[42431ms] GC(115) Pause Young (Mixed) (GCLocker Initiated GC) 552M->430M(1668M) 5.962ms
[42435ms] GC(116) Pause Young (Concurrent Start) (G1 Humongous Allocation) 438M->432M(1668M) 1.686ms
[42435ms] GC(117) Concurrent Mark Cycle
[42494ms] GC(117) Pause Remark 836M->820M(1668M) 2.100ms
[42521ms] GC(117) Pause Cleanup 980M->980M(1668M) 0.239ms
[42523ms] GC(117) Concurrent Mark Cycle 88.024ms
[42592ms] GC(118) Pause Young (Prepare Mixed) (G1 Evacuation Pause) 1426M->475M(1668M) 2.644ms
[42607ms] GC(119) Pause Young (Mixed) (GCLocker Initiated GC) 603M->484M(1668M) 3.841ms
[42610ms] GC(120) Pause Young (Concurrent Start) (GCLocker Initiated GC) 491M->485M(1668M) 1.853ms
[42610ms] GC(121) Concurrent Mark Cycle
[42664ms] GC(121) Pause Remark 912M->796M(1668M) 2.199ms
[42677ms] GC(121) Pause Cleanup 849M->849M(1668M) 0.186ms
[42678ms] GC(121) Concurrent Mark Cycle 67.533ms
[42847ms] GC(122) Pause Young (Prepare Mixed) (GCLocker Initiated GC) 1555M->383M(1668M) 8.709ms
[42865ms] GC(123) Pause Young (Mixed) (GCLocker Initiated GC) 483M->400M(1668M) 5.590ms
[42868ms] GC(124) Pause Young (Concurrent Start) (G1 Humongous Allocation) 409M->393M(1668M) 1.979ms
[42868ms] GC(125) Concurrent Mark Cycle
[42905ms] GC(125) Pause Remark 829M->781M(1668M) 2.504ms
[42930ms] GC(125) Pause Cleanup 937M->937M(1668M) 0.165ms
[42933ms] GC(125) Concurrent Mark Cycle 64.479ms
[43044ms] GC(126) Pause Young (Prepare Mixed) (GCLocker Initiated GC) 1551M->479M(1668M) 5.920ms
[43051ms] GC(127) Pause Young (Mixed) (GCLocker Initiated GC) 485M->468M(1668M) 5.288ms
[43098ms] GC(128) Pause Young (Concurrent Start) (G1 Humongous Allocation) 596M->491M(2230M) 5.360ms
[43098ms] GC(129) Concurrent Undo Cycle
[43098ms] GC(129) Concurrent Undo Cycle 0.661ms
[43102ms] GC(130) Pause Young (Concurrent Start) (G1 Humongous Allocation) 504M->498M(2230M) 3.442ms
[43102ms] GC(131) Concurrent Mark Cycle
[43137ms] GC(131) Pause Remark 750M->694M(2230M) 2.262ms
[43157ms] GC(131) Pause Cleanup 984M->984M(2230M) 0.294ms
[43158ms] GC(131) Concurrent Mark Cycle 55.457ms
[43364ms] GC(132) Pause Young (Prepare Mixed) (GCLocker Initiated GC) 2056M->700M(2230M) 6.500ms
[43378ms] GC(133) Pause Young (Mixed) (GCLocker Initiated GC) 823M->694M(2230M) 4.379ms
[43382ms] GC(134) Pause Young (Concurrent Start) (GCLocker Initiated GC) 710M->695M(2230M) 2.178ms
[43382ms] GC(135) Concurrent Mark Cycle
[43418ms] GC(135) Pause Remark 931M->821M(2230M) 3.142ms
[43437ms] GC(135) Pause Cleanup 861M->861M(2230M) 0.223ms
[43437ms] GC(135) Concurrent Mark Cycle 55.497ms
[43729ms] GC(136) Pause Young (Prepare Mixed) (GCLocker Initiated GC) 2003M->734M(2230M) 7.581ms
[43756ms] GC(137) Pause Young (Mixed) (GCLocker Initiated GC) 819M->672M(2230M) 6.205ms
[43827ms] GC(138) Pause Young (Concurrent Start) (GCLocker Initiated GC) 913M->709M(2230M) 6.302ms
[43828ms] GC(139) Concurrent Mark Cycle
[43896ms] GC(139) Pause Remark 1209M->999M(2230M) 4.916ms
[43934ms] GC(139) Pause Cleanup 1168M->1168M(2230M) 0.665ms
[43938ms] GC(139) Concurrent Mark Cycle 109.865ms
[44087ms] GC(140) Pause Young (Prepare Mixed) (GCLocker Initiated GC) 1797M->658M(2230M) 12.113ms
[44101ms] GC(141) Pause Young (Mixed) (GCLocker Initiated GC) 697M->624M(2400M) 6.193ms
[44132ms] GC(142) Pause Young (Concurrent Start) (G1 Humongous Allocation) 1091M->822M(2400M) 4.440ms
[44132ms] GC(143) Concurrent Undo Cycle
[44133ms] GC(143) Concurrent Undo Cycle 0.947ms
[44137ms] GC(144) Pause Young (Concurrent Start) (G1 Humongous Allocation) 840M->828M(2400M) 2.532ms
[44137ms] GC(145) Concurrent Mark Cycle
[44173ms] GC(145) Pause Remark 968M->814M(2400M) 2.930ms
[44204ms] GC(145) Pause Cleanup 935M->935M(2400M) 0.289ms
[44205ms] GC(145) Concurrent Mark Cycle 68.440ms
[44509ms] GC(146) Pause Young (Prepare Mixed) (GCLocker Initiated GC) 2140M->928M(2400M) 16.046ms
[44532ms] GC(147) Pause Young (Mixed) (GCLocker Initiated GC) 968M->888M(2400M) 13.108ms
[44596ms] GC(148) Pause Young (Concurrent Start) (G1 Humongous Allocation) 1151M->938M(2400M) 6.319ms
[44596ms] GC(149) Concurrent Undo Cycle
[44597ms] GC(149) Concurrent Undo Cycle 0.816ms
[44603ms] GC(150) Pause Young (Concurrent Start) (G1 Humongous Allocation) 952M->946M(2642M) 5.710ms
[44603ms] GC(151) Concurrent Mark Cycle
[44635ms] GC(151) Pause Remark 1401M->1215M(2642M) 3.074ms
[44662ms] GC(151) Pause Cleanup 1338M->1338M(2642M) 0.435ms
[44664ms] GC(151) Concurrent Mark Cycle 61.194ms
[44983ms] GC(152) Pause Young (Prepare Mixed) (G1 Evacuation Pause) 2218M->1100M(2642M) 57.757ms
[45035ms] GC(153) Pause Young (Mixed) (G1 Evacuation Pause) 1168M->1065M(2642M) 32.820ms
[45043ms] GC(154) Pause Young (Concurrent Start) (G1 Humongous Allocation) 1079M->1068M(2642M) 3.433ms
[45043ms] GC(155) Concurrent Mark Cycle
[45423ms] GC(155) Pause Remark 1778M->1664M(2790M) 89.369ms
[45442ms] GC(155) Pause Cleanup 1742M->1742M(2790M) 0.253ms
[45443ms] GC(155) Concurrent Mark Cycle 400.228ms
[45602ms] GC(156) Pause Young (Prepare Mixed) (GCLocker Initiated GC) 1982M->1050M(2790M) 82.318ms
[45622ms] GC(157) Pause Young (Mixed) (GCLocker Initiated GC) 1164M->1017M(2790M) 4.169ms
[45626ms] GC(158) Pause Young (Concurrent Start) (GCLocker Initiated GC) 1023M->1020M(2904M) 3.086ms
[45626ms] GC(159) Concurrent Mark Cycle
[45664ms] GC(159) Pause Remark 1194M->1092M(2904M) 3.550ms
[45680ms] GC(159) Pause Cleanup 1186M->1186M(2904M) 0.302ms
[45683ms] GC(159) Concurrent Mark Cycle 56.716ms
[45794ms] GC(160) Pause Young (Prepare Mixed) (G1 Evacuation Pause) 1832M->1039M(2904M) 8.904ms
[45824ms] GC(161) Pause Young (Mixed) (G1 Evacuation Pause) 1119M->1012M(2904M) 12.953ms
[45913ms] GC(162) Pause Young (Concurrent Start) (G1 Humongous Allocation) 1188M->1041M(2904M) 5.731ms
[45913ms] GC(163) Concurrent Mark Cycle
[45942ms] GC(163) Pause Remark 1107M->1053M(2904M) 3.783ms
[45966ms] GC(163) Pause Cleanup 1101M->1101M(2904M) 0.311ms
[45968ms] GC(163) Concurrent Mark Cycle 54.726ms
[46084ms] GC(164) Pause Young (Prepare Mixed) (GCLocker Initiated GC) 1657M->1034M(2904M) 8.312ms
[46110ms] GC(165) Pause Young (Mixed) (GCLocker Initiated GC) 1146M->1023M(2904M) 5.424ms
[46112ms] GC(166) Pause Young (Concurrent Start) (G1 Humongous Allocation) 1025M->1025M(2904M) 1.549ms
[46112ms] GC(167) Concurrent Mark Cycle
[46146ms] GC(167) Pause Remark 1206M->1112M(2904M) 2.447ms
[46166ms] GC(167) Pause Cleanup 1203M->1203M(2904M) 2.500ms
[46167ms] GC(167) Concurrent Mark Cycle 54.369ms
[46395ms] GC(168) Pause Young (Prepare Mixed) (G1 Evacuation Pause) 2121M->1043M(2942M) 8.280ms
[46423ms] GC(169) Pause Young (Mixed) (GCLocker Initiated GC) 1185M->1019M(2942M) 2.981ms
[46440ms] GC(170) Pause Young (Concurrent Start) (G1 Humongous Allocation) 1047M->1027M(2942M) 3.698ms
[46440ms] GC(171) Concurrent Mark Cycle
[46475ms] GC(171) Pause Remark 1164M->1046M(2942M) 2.096ms
[46491ms] GC(171) Pause Cleanup 1103M->1103M(2942M) 0.311ms
[46493ms] GC(171) Concurrent Mark Cycle 53.094ms
[46730ms] GC(172) Pause Young (Prepare Mixed) (GCLocker Initiated GC) 2309M->1107M(2942M) 4.029ms
[46752ms] GC(173) Pause Young (Mixed) (GCLocker Initiated GC) 1326M->1118M(2942M) 5.441ms
[46760ms] GC(174) Pause Young (Concurrent Start) (G1 Humongous Allocation) 1132M->1119M(2942M) 3.010ms
[46761ms] GC(175) Concurrent Mark Cycle
[46798ms] GC(175) Pause Remark 1301M->1093M(2942M) 3.339ms
[46888ms] GC(175) Pause Cleanup 1205M->1205M(2942M) 0.251ms
[46890ms] GC(175) Concurrent Mark Cycle 129.348ms
[47362ms] GC(176) Pause Young (Prepare Mixed) (G1 Evacuation Pause) 2223M->1047M(2942M) 4.371ms
[47390ms] GC(177) Pause Young (Mixed) (GCLocker Initiated GC) 1251M->1012M(2942M) 10.811ms
[47401ms] GC(178) Pause Young (Concurrent Start) (G1 Humongous Allocation) 1045M->1020M(2942M) 3.743ms
[47401ms] GC(179) Concurrent Mark Cycle
[47429ms] GC(179) Pause Remark 1117M->751M(2534M) 3.363ms
[47444ms] GC(179) Pause Cleanup 814M->814M(2534M) 0.219ms
[47445ms] GC(179) Concurrent Mark Cycle 44.373ms
[47584ms] GC(180) Pause Young (Prepare Mixed) (GCLocker Initiated GC) 1208M->678M(2534M) 4.246ms
[47606ms] GC(181) Pause Young (Mixed) (GCLocker Initiated GC) 771M->634M(2534M) 4.294ms
[47625ms] GC(182) Pause Young (Concurrent Start) (GCLocker Initiated GC) 714M->648M(2666M) 3.908ms
[47625ms] GC(183) Concurrent Mark Cycle
[47655ms] GC(183) Pause Remark 1086M->847M(2666M) 2.824ms
[47668ms] GC(183) Pause Cleanup 954M->954M(2666M) 0.315ms
[47669ms] GC(183) Concurrent Mark Cycle 44.656ms
[47853ms] GC(184) Pause Young (Prepare Mixed) (GCLocker Initiated GC) 2157M->505M(2666M) 4.176ms
[47890ms] GC(185) Pause Young (Mixed) (GCLocker Initiated GC) 606M->400M(2666M) 2.844ms
[48112ms] GC(186) Pause Young (Concurrent Start) (G1 Humongous Allocation) 1370M->525M(2666M) 3.679ms
[48112ms] GC(187) Concurrent Undo Cycle
[48113ms] GC(187) Concurrent Undo Cycle 1.016ms
[48119ms] GC(188) Pause Young (Concurrent Start) (GCLocker Initiated GC) 548M->521M(2666M) 4.158ms
[48119ms] GC(189) Concurrent Mark Cycle
[48161ms] GC(189) Pause Remark 755M->700M(2368M) 3.208ms
[48177ms] GC(189) Pause Cleanup 762M->762M(2368M) 0.358ms
[48178ms] GC(189) Concurrent Mark Cycle 59.298ms
[48415ms] GC(190) Pause Young (Prepare Mixed) (GCLocker Initiated GC) 2044M->677M(2368M) 4.920ms
[48432ms] GC(191) Pause Young (Mixed) (GCLocker Initiated GC) 721M->634M(2368M) 10.991ms
[48441ms] GC(192) Pause Young (Concurrent Start) (GCLocker Initiated GC) 678M->641M(2368M) 2.408ms
[48441ms] GC(193) Concurrent Mark Cycle
[48480ms] GC(193) Pause Remark 853M->829M(2368M) 4.641ms
[48506ms] GC(193) Pause Cleanup 932M->932M(2368M) 1.461ms
[48507ms] GC(193) Concurrent Mark Cycle 65.855ms
[48835ms] GC(194) Pause Young (Prepare Mixed) (GCLocker Initiated GC) 1759M->756M(2368M) 10.372ms
[48846ms] GC(195) Pause Young (Mixed) (G1 Evacuation Pause) 842M->750M(2368M) 6.096ms
[48850ms] GC(196) Pause Young (Concurrent Start) (GCLocker Initiated GC) 756M->746M(2368M) 2.126ms
[48850ms] GC(197) Concurrent Mark Cycle
[48879ms] GC(197) Pause Remark 1010M->820M(2368M) 3.566ms
[48897ms] GC(197) Pause Cleanup 899M->899M(2368M) 0.192ms
[48898ms] GC(197) Concurrent Mark Cycle 48.081ms
[49191ms] GC(198) Pause Young (Prepare Mixed) (GCLocker Initiated GC) 2068M->680M(2368M) 7.972ms
[49205ms] GC(199) Pause Young (Mixed) (GCLocker Initiated GC) 796M->630M(2368M) 4.712ms
[49374ms] GC(200) Pause Young (Concurrent Start) (G1 Humongous Allocation) 1207M->776M(2368M) 11.780ms
[49374ms] GC(201) Concurrent Undo Cycle
[49375ms] GC(201) Concurrent Undo Cycle 0.605ms
[49385ms] GC(202) Pause Young (Concurrent Start) (G1 Humongous Allocation) 788M->782M(2368M) 9.124ms
[49385ms] GC(203) Concurrent Mark Cycle
[49458ms] GC(203) Pause Remark 1088M->902M(2368M) 4.439ms
[49504ms] GC(203) Pause Cleanup 1080M->1080M(2368M) 0.556ms
[49505ms] GC(203) Concurrent Mark Cycle 119.757ms
[49655ms] GC(204) Pause Young (Prepare Mixed) (GCLocker Initiated GC) 1712M->699M(2368M) 5.110ms
[49668ms] GC(205) Pause Young (Mixed) (GCLocker Initiated GC) 759M->649M(2368M) 4.587ms
[49704ms] GC(206) Pause Young (Concurrent Start) (GCLocker Initiated GC) 733M->669M(2398M) 4.945ms
[49704ms] GC(207) Concurrent Mark Cycle
[49744ms] GC(207) Pause Remark 793M->583M(1980M) 4.028ms
[49763ms] GC(207) Pause Cleanup 664M->664M(1980M) 0.313ms
[49764ms] GC(207) Concurrent Mark Cycle 60.049ms
[49982ms] GC(208) Pause Young (Prepare Mixed) (G1 Evacuation Pause) 1543M->503M(1980M) 3.462ms
[50002ms] GC(209) Pause Young (Mixed) (G1 Evacuation Pause) 577M->426M(1980M) 4.284ms
[50012ms] GC(210) Pause Young (Concurrent Start) (G1 Humongous Allocation) 446M->430M(1980M) 4.467ms
[50012ms] GC(211) Concurrent Mark Cycle
[50087ms] GC(211) Pause Remark 682M->600M(1980M) 5.031ms
[50119ms] GC(211) Pause Cleanup 702M->702M(1980M) 0.232ms
[50120ms] GC(211) Concurrent Mark Cycle 107.310ms
[50270ms] GC(212) Pause Young (Prepare Mixed) (GCLocker Initiated GC) 1378M->413M(1980M) 15.185ms
[50284ms] GC(213) Pause Young (Mixed) (GCLocker Initiated GC) 443M->387M(1980M) 8.417ms
[50288ms] GC(214) Pause Young (Concurrent Start) (G1 Humongous Allocation) 391M->382M(1980M) 3.712ms
[50288ms] GC(215) Concurrent Mark Cycle
[50328ms] GC(215) Pause Remark 505M->483M(1648M) 3.927ms
[50360ms] GC(215) Pause Cleanup 600M->600M(1648M) 0.384ms
[50361ms] GC(215) Concurrent Mark Cycle 72.514ms
[50574ms] GC(216) Pause Young (Prepare Mixed) (G1 Preventive Collection) 1484M->410M(1648M) 9.322ms
[50601ms] GC(217) Pause Young (Mixed) (GCLocker Initiated GC) 486M->357M(1648M) 9.428ms
[50712ms] GC(218) Pause Young (Concurrent Start) (GCLocker Initiated GC) 662M->404M(2158M) 11.577ms
[50712ms] GC(219) Concurrent Mark Cycle
[50737ms] GC(219) Pause Remark 499M->450M(1534M) 2.250ms
[50747ms] GC(219) Pause Cleanup 508M->508M(1534M) 0.142ms
[50747ms] GC(219) Concurrent Mark Cycle 35.500ms
[50961ms] GC(220) Pause Young (Prepare Mixed) (GCLocker Initiated GC) 1364M->365M(1534M) 11.812ms
[50976ms] GC(221) Pause Young (Mixed) (GCLocker Initiated GC) 397M->331M(1534M) 9.539ms
[50985ms] GC(222) Pause Young (Concurrent Start) (GCLocker Initiated GC) 351M->333M(1534M) 2.475ms
[50985ms] GC(223) Concurrent Mark Cycle
[51031ms] GC(223) Pause Remark 578M->560M(1534M) 2.453ms
[51055ms] GC(223) Pause Cleanup 695M->695M(1534M) 0.234ms
[51055ms] GC(223) Concurrent Mark Cycle 69.924ms
[51189ms] GC(224) Pause Young (Prepare Mixed) (GCLocker Initiated GC) 1141M->373M(1534M) 2.863ms
[51202ms] GC(225) Pause Young (Mixed) (GCLocker Initiated GC) 439M->350M(1534M) 3.525ms
[51206ms] GC(226) Pause Young (Concurrent Start) (GCLocker Initiated GC) 364M->352M(1534M) 2.351ms
[51206ms] GC(227) Concurrent Mark Cycle
[51232ms] GC(227) Pause Remark 508M->456M(1534M) 2.087ms
[51244ms] GC(227) Pause Cleanup 530M->530M(1534M) 0.250ms
[51245ms] GC(227) Concurrent Mark Cycle 38.851ms
[51417ms] GC(228) Pause Young (Prepare Mixed) (GCLocker Initiated GC) 1129M->339M(1534M) 3.822ms
[51430ms] GC(229) Pause Young (Mixed) (GCLocker Initiated GC) 391M->322M(1534M) 4.415ms
[51434ms] GC(230) Pause Young (Concurrent Start) (G1 Humongous Allocation) 336M->322M(1534M) 2.752ms
[51435ms] GC(231) Concurrent Mark Cycle
[51473ms] GC(231) Pause Remark 600M->582M(1534M) 2.347ms
[51504ms] GC(231) Pause Cleanup 793M->793M(1534M) 0.171ms
[51505ms] GC(231) Concurrent Mark Cycle 70.480ms
[51566ms] GC(232) Pause Young (Prepare Mixed) (G1 Evacuation Pause) 1150M->378M(1534M) 3.181ms
[51579ms] GC(233) Pause Young (Mixed) (GCLocker Initiated GC) 416M->364M(1534M) 2.417ms
[51589ms] GC(234) Pause Young (Concurrent Start) (GCLocker Initiated GC) 389M->367M(2150M) 2.574ms
[51589ms] GC(235) Concurrent Mark Cycle
[51622ms] GC(235) Pause Remark 521M->467M(1588M) 2.401ms
[51643ms] GC(235) Pause Cleanup 543M->543M(1588M) 0.162ms
[51643ms] GC(235) Concurrent Mark Cycle 54.413ms
[51822ms] GC(236) Pause Young (Prepare Mixed) (GCLocker Initiated GC) 1415M->380M(1588M) 5.790ms
[51848ms] GC(237) Pause Young (Mixed) (G1 Evacuation Pause) 404M->344M(1588M) 2.435ms
[51934ms] GC(238) Pause Young (Concurrent Start) (G1 Humongous Allocation) 721M->348M(1588M) 2.298ms
[51934ms] GC(239) Concurrent Mark Cycle
[51968ms] GC(239) Pause Remark 520M->490M(1588M) 4.046ms
[51989ms] GC(239) Pause Cleanup 570M->570M(1588M) 0.191ms
[51990ms] GC(239) Concurrent Mark Cycle 55.450ms
[52164ms] GC(240) Pause Young (Prepare Mixed) (G1 Evacuation Pause) 1430M->406M(1588M) 4.259ms
[52181ms] GC(241) Pause Young (Mixed) (GCLocker Initiated GC) 462M->341M(1588M) 2.877ms
[52185ms] GC(242) Pause Young (Concurrent Start) (GCLocker Initiated GC) 348M->341M(1588M) 2.818ms
[52185ms] GC(243) Concurrent Mark Cycle
[52229ms] GC(243) Pause Remark 563M->531M(1588M) 2.424ms
[52241ms] GC(243) Pause Cleanup 587M->587M(1588M) 0.316ms
[52242ms] GC(243) Concurrent Mark Cycle 56.709ms
[52369ms] GC(244) Pause Young (Prepare Mixed) (GCLocker Initiated GC) 1234M->362M(1588M) 27.328ms
[52376ms] GC(245) Pause Young (Mixed) (GCLocker Initiated GC) 397M->348M(1588M) 2.880ms
[52390ms] GC(246) Pause Young (Concurrent Start) (GCLocker Initiated GC) 430M->360M(1930M) 3.464ms
[52390ms] GC(247) Concurrent Mark Cycle
[52418ms] GC(247) Pause Remark 522M->498M(1694M) 2.993ms
[52440ms] GC(247) Pause Cleanup 598M->598M(1694M) 0.279ms
[52440ms] GC(247) Concurrent Mark Cycle 50.424ms
[52610ms] GC(248) Pause Young (Prepare Mixed) (G1 Preventive Collection) 1554M->402M(1694M) 6.541ms
[52634ms] GC(249) Pause Young (Mixed) (GCLocker Initiated GC) 469M->362M(1694M) 4.349ms
[52672ms] GC(250) Pause Young (Concurrent Start) (G1 Humongous Allocation) 458M->367M(1694M) 1.526ms
[52672ms] GC(251) Concurrent Mark Cycle
[52704ms] GC(251) Pause Remark 495M->425M(1454M) 5.587ms
[52719ms] GC(251) Pause Cleanup 494M->494M(1454M) 0.241ms
[52720ms] GC(251) Concurrent Mark Cycle 48.400ms
[52865ms] GC(252) Pause Young (Prepare Mixed) (GCLocker Initiated GC) 1339M->337M(1454M) 4.018ms
[52873ms] GC(253) Pause Young (Mixed) (G1 Evacuation Pause) 389M->352M(1454M) 3.703ms
[52881ms] GC(254) Pause Young (Concurrent Start) (GCLocker Initiated GC) 392M->359M(1454M) 2.434ms
[52881ms] GC(255) Concurrent Mark Cycle
[52928ms] GC(255) Pause Remark 589M->573M(1454M) 2.017ms
[52942ms] GC(255) Pause Cleanup 661M->661M(1454M) 0.148ms
[52942ms] GC(255) Concurrent Mark Cycle 61.105ms
[53030ms] GC(256) Pause Young (Prepare Mixed) (GCLocker Initiated GC) 1132M->396M(1454M) 4.580ms
[53041ms] GC(257) Pause Young (Mixed) (GCLocker Initiated GC) 434M->368M(1454M) 4.743ms
[53045ms] GC(258) Pause Young (Concurrent Start) (GCLocker Initiated GC) 384M->366M(1454M) 1.795ms
[53046ms] GC(259) Concurrent Mark Cycle
[53087ms] GC(259) Pause Remark 564M->510M(1454M) 2.708ms
[53104ms] GC(259) Pause Cleanup 592M->592M(1454M) 0.213ms
[53105ms] GC(259) Concurrent Mark Cycle 58.989ms
[53186ms] GC(260) Pause Young (Prepare Mixed) (G1 Evacuation Pause) 940M->398M(1454M) 8.141ms
[53194ms] GC(261) Pause Young (Mixed) (G1 Evacuation Pause) 418M->386M(1984M) 5.948ms
[53448ms] GC(262) Pause Young (Normal) (G1 Evacuation Pause) 1432M->459M(1984M) 5.288ms
[53637ms] GC(263) Pause Young (Concurrent Start) (G1 Humongous Allocation) 951M->506M(1984M) 13.676ms
[53637ms] GC(264) Concurrent Mark Cycle
[53667ms] GC(264) Pause Remark 624M->566M(1914M) 2.684ms
[53686ms] GC(264) Pause Cleanup 638M->638M(1914M) 0.267ms
[53690ms] GC(264) Concurrent Mark Cycle 53.492ms
[53836ms] GC(265) Pause Young (Prepare Mixed) (G1 Evacuation Pause) 1542M->356M(1914M) 4.881ms
[53852ms] GC(266) Pause Young (Mixed) (G1 Evacuation Pause) 434M->323M(1914M) 5.406ms
[54098ms] GC(267) Pause Young (Normal) (GCLocker Initiated GC) 1557M->382M(1914M) 3.880ms
[54102ms] GC(268) Pause Young (Concurrent Start) (GCLocker Initiated GC) 397M->378M(1914M) 2.585ms
[54102ms] GC(269) Concurrent Mark Cycle
[54137ms] GC(269) Pause Remark 526M->504M(1714M) 9.766ms
[54151ms] GC(269) Pause Cleanup 595M->595M(1714M) 0.317ms
[54152ms] GC(269) Concurrent Mark Cycle 50.041ms
[54315ms] GC(270) Pause Young (Prepare Mixed) (G1 Preventive Collection) 1504M->340M(1714M) 3.155ms
[54328ms] GC(271) Pause Young (Mixed) (G1 Evacuation Pause) 416M->301M(1714M) 3.784ms
[54570ms] GC(272) Pause Young (Normal) (GCLocker Initiated GC) 1462M->389M(1714M) 4.386ms
[54579ms] GC(273) Pause Young (Concurrent Start) (GCLocker Initiated GC) 428M->383M(1714M) 3.261ms
[54580ms] GC(274) Concurrent Mark Cycle
[54635ms] GC(274) Pause Remark 651M->629M(1714M) 1.883ms
[54665ms] GC(274) Pause Cleanup 688M->688M(1714M) 0.186ms
[54666ms] GC(274) Concurrent Mark Cycle 86.455ms
[54768ms] GC(275) Pause Young (Prepare Mixed) (GCLocker Initiated GC) 1408M->306M(1714M) 2.732ms
[54786ms] GC(276) Pause Young (Mixed) (GCLocker Initiated GC) 365M->294M(1714M) 4.946ms
[55288ms] GC(277) Pause Young (Normal) (G1 Evacuation Pause) 1352M->392M(1714M) 5.540ms
[55365ms] GC(278) Pause Young (Concurrent Start) (G1 Humongous Allocation) 738M->429M(1714M) 7.910ms
[55365ms] GC(279) Concurrent Mark Cycle
[55399ms] GC(279) Pause Remark 579M->561M(1714M) 1.873ms
[55413ms] GC(279) Pause Cleanup 633M->633M(1714M) 0.139ms
[55414ms] GC(279) Concurrent Mark Cycle 48.188ms
[55533ms] GC(280) Pause Young (Prepare Mixed) (GCLocker Initiated GC) 1358M->416M(1714M) 5.607ms
[55544ms] GC(281) Pause Young (Mixed) (GCLocker Initiated GC) 448M->400M(1714M) 4.294ms
[55792ms] GC(282) Pause Young (Normal) (GCLocker Initiated GC) 1562M->474M(1714M) 3.471ms
[55805ms] GC(283) Pause Young (Concurrent Start) (GCLocker Initiated GC) 537M->473M(1714M) 3.393ms
[55805ms] GC(284) Concurrent Mark Cycle
[55842ms] GC(284) Pause Remark 687M->603M(1714M) 3.171ms
[55867ms] GC(284) Pause Cleanup 733M->733M(1714M) 0.148ms
[55868ms] GC(284) Concurrent Mark Cycle 63.602ms
[55962ms] GC(285) Pause Young (Prepare Mixed) (GCLocker Initiated GC) 1411M->375M(1714M) 6.993ms
[55972ms] GC(286) Pause Young (Mixed) (GCLocker Initiated GC) 397M->335M(1714M) 4.687ms
[56174ms] GC(287) Pause Young (Normal) (G1 Evacuation Pause) 1515M->399M(1714M) 5.226ms
[56178ms] GC(288) Pause Young (Concurrent Start) (G1 Humongous Allocation) 405M->397M(1714M) 2.029ms
[56178ms] GC(289) Concurrent Mark Cycle
[56204ms] GC(289) Pause Remark 520M->494M(1680M) 2.125ms
[56222ms] GC(289) Pause Cleanup 577M->577M(1680M) 0.163ms
[56222ms] GC(289) Concurrent Mark Cycle 44.515ms
[56391ms] GC(290) Pause Young (Prepare Mixed) (GCLocker Initiated GC) 1376M->391M(1680M) 6.626ms
[56400ms] GC(291) Pause Young (Mixed) (G1 Evacuation Pause) 425M->339M(1680M) 4.879ms
[56538ms] GC(292) Pause Young (Normal) (GCLocker Initiated GC) 1331M->413M(1680M) 3.901ms
[56545ms] GC(293) Pause Young (Concurrent Start) (GCLocker Initiated GC) 439M->400M(1680M) 3.757ms
[56545ms] GC(294) Concurrent Mark Cycle
[56579ms] GC(294) Pause Remark 630M->606M(1680M) 2.191ms
[56601ms] GC(294) Pause Cleanup 734M->734M(1680M) 0.143ms
[56601ms] GC(294) Concurrent Mark Cycle 56.263ms
[56724ms] GC(295) Pause Young (Prepare Mixed) (GCLocker Initiated GC) 1354M->351M(1680M) 5.885ms
[56740ms] GC(296) Pause Young (Mixed) (GCLocker Initiated GC) 414M->318M(1680M) 4.222ms
[56987ms] GC(297) Pause Young (Normal) (GCLocker Initiated GC) 1418M->388M(1680M) 5.527ms
[56994ms] GC(298) Pause Young (Concurrent Start) (G1 Humongous Allocation) 398M->393M(1680M) 6.032ms
[56994ms] GC(299) Concurrent Mark Cycle
[57040ms] GC(299) Pause Remark 629M->611M(1680M) 3.739ms
[57061ms] GC(299) Pause Cleanup 720M->720M(1680M) 0.123ms
[57062ms] GC(299) Concurrent Mark Cycle 67.541ms
[57128ms] GC(300) Pause Young (Prepare Mixed) (GCLocker Initiated GC) 1187M->330M(1680M) 2.985ms
[57141ms] GC(301) Pause Young (Mixed) (GCLocker Initiated GC) 382M->309M(1680M) 6.200ms
[57291ms] GC(302) Pause Young (Normal) (G1 Evacuation Pause) 1213M->347M(1680M) 5.526ms
[57302ms] GC(303) Pause Young (Concurrent Start) (G1 Humongous Allocation) 363M->340M(1680M) 4.655ms
[57302ms] GC(304) Concurrent Mark Cycle
[57368ms] GC(304) Pause Remark 488M->477M(1620M) 2.234ms
[57386ms] GC(304) Pause Cleanup 561M->561M(1620M) 0.412ms
[57386ms] GC(304) Concurrent Mark Cycle 83.988ms
[57540ms] GC(305) Pause Young (Prepare Mixed) (GCLocker Initiated GC) 1317M->352M(1620M) 2.901ms
[57555ms] GC(306) Pause Young (Mixed) (GCLocker Initiated GC) 401M->303M(1620M) 4.485ms
[57702ms] GC(307) Pause Young (Normal) (GCLocker Initiated GC) 1260M->378M(1620M) 3.355ms
[57713ms] GC(308) Pause Young (Concurrent Start) (G1 Humongous Allocation) 410M->369M(1620M) 2.987ms
[57713ms] GC(309) Concurrent Mark Cycle
[57748ms] GC(309) Pause Remark 543M->525M(1620M) 4.041ms
[57766ms] GC(309) Pause Cleanup 622M->622M(1620M) 0.161ms
[57766ms] GC(309) Concurrent Mark Cycle 52.982ms
[57915ms] GC(310) Pause Young (Prepare Mixed) (GCLocker Initiated GC) 1375M->322M(1620M) 4.316ms
[57947ms] GC(311) Pause Young (Mixed) (GCLocker Initiated GC) 366M->302M(1620M) 5.093ms
[58148ms] GC(312) Pause Young (Normal) (G1 Evacuation Pause) 1424M->371M(1620M) 7.654ms
[58158ms] GC(313) Pause Young (Concurrent Start) (G1 Humongous Allocation) 401M->375M(1620M) 4.563ms
[58158ms] GC(314) Concurrent Mark Cycle
[58215ms] GC(314) Pause Remark 639M->627M(1620M) 2.679ms
[58228ms] GC(314) Pause Cleanup 690M->690M(1620M) 0.179ms
[58229ms] GC(314) Concurrent Mark Cycle 70.819ms
[58334ms] GC(315) Pause Young (Prepare Mixed) (GCLocker Initiated GC) 1097M->339M(1620M) 7.439ms
[58355ms] GC(316) Pause Young (Mixed) (GCLocker Initiated GC) 366M->328M(1620M) 8.109ms
[58695ms] GC(317) Pause Young (Normal) (GCLocker Initiated GC) 1276M->419M(1620M) 8.205ms
[58734ms] GC(318) Pause Young (Concurrent Start) (GCLocker Initiated GC) 659M->418M(1620M) 4.470ms
[58734ms] GC(319) Concurrent Mark Cycle
[58773ms] GC(319) Pause Remark 650M->622M(1620M) 2.483ms
[58804ms] GC(319) Pause Cleanup 810M->810M(1620M) 0.180ms
[58805ms] GC(319) Concurrent Mark Cycle 70.306ms
[58883ms] GC(320) Pause Young (Prepare Mixed) (GCLocker Initiated GC) 1310M->440M(1620M) 3.501ms
[58897ms] GC(321) Pause Young (Mixed) (G1 Evacuation Pause) 494M->418M(1620M) 4.958ms
[59039ms] GC(322) Pause Young (Normal) (GCLocker Initiated GC) 1285M->450M(1620M) 4.076ms
[59043ms] GC(323) Pause Young (Concurrent Start) (GCLocker Initiated GC) 456M->446M(1620M) 2.700ms
[59043ms] GC(324) Concurrent Mark Cycle
[59080ms] GC(324) Pause Remark 626M->510M(1620M) 2.035ms
[59094ms] GC(324) Pause Cleanup 571M->571M(1620M) 0.218ms
[59094ms] GC(324) Concurrent Mark Cycle 51.261ms
[59276ms] GC(325) Pause Young (Prepare Mixed) (GCLocker Initiated GC) 1387M->386M(1620M) 4.120ms
[59285ms] GC(326) Pause Young (Mixed) (GCLocker Initiated GC) 426M->352M(1620M) 4.077ms
[59437ms] GC(327) Pause Young (Normal) (GCLocker Initiated GC) 1352M->394M(1620M) 3.049ms
[59462ms] GC(328) Pause Young (Concurrent Start) (GCLocker Initiated GC) 515M->393M(1620M) 3.024ms
[59462ms] GC(329) Concurrent Mark Cycle
[59491ms] GC(329) Pause Remark 538M->482M(1620M) 2.412ms
[59505ms] GC(329) Pause Cleanup 525M->525M(1620M) 0.340ms
[59506ms] GC(329) Concurrent Mark Cycle 44.317ms
[59641ms] GC(330) Pause Young (Prepare Mixed) (GCLocker Initiated GC) 1411M->344M(1620M) 3.093ms
[59668ms] GC(331) Pause Young (Mixed) (GCLocker Initiated GC) 415M->291M(1620M) 2.656ms
[59895ms] GC(332) Pause Young (Normal) (GCLocker Initiated GC) 1435M->368M(1620M) 3.148ms
[59907ms] GC(333) Pause Young (Concurrent Start) (G1 Humongous Allocation) 422M->368M(1620M) 3.905ms
[59908ms] GC(334) Concurrent Mark Cycle
[59932ms] GC(334) Pause Remark 520M->514M(1620M) 1.792ms
[59943ms] GC(334) Pause Cleanup 574M->574M(1620M) 0.170ms
[59943ms] GC(334) Concurrent Mark Cycle 35.943ms
[60063ms] GC(335) Pause Young (Prepare Mixed) (GCLocker Initiated GC) 1350M->313M(1620M) 3.558ms
[60077ms] GC(336) Pause Young (Mixed) (GCLocker Initiated GC) 363M->297M(1620M) 6.534ms
[60358ms] GC(337) Pause Young (Normal) (GCLocker Initiated GC) 1437M->385M(1620M) 14.311ms
[60440ms] GC(338) Pause Young (Concurrent Start) (GCLocker Initiated GC) 534M->360M(1620M) 58.472ms
[60441ms] GC(339) Concurrent Mark Cycle
[60461ms] GC(339) Pause Remark 489M->487M(1620M) 1.887ms
[60476ms] GC(339) Pause Cleanup 566M->566M(1620M) 0.160ms
[60477ms] GC(339) Concurrent Mark Cycle 36.139ms
[60603ms] GC(340) Pause Young (Prepare Mixed) (GCLocker Initiated GC) 1420M->426M(1620M) 3.048ms
[60612ms] GC(341) Pause Young (Mixed) (GCLocker Initiated GC) 461M->409M(1620M) 3.506ms
[60846ms] GC(342) Pause Young (Normal) (G1 Evacuation Pause) 1473M->477M(1620M) 3.269ms
[60856ms] GC(343) Pause Young (Concurrent Start) (G1 Humongous Allocation) 495M->475M(1620M) 4.122ms
[60856ms] GC(344) Concurrent Mark Cycle
[60892ms] GC(344) Pause Remark 603M->497M(1620M) 3.049ms
[60911ms] GC(344) Pause Cleanup 543M->543M(1620M) 0.160ms
[60913ms] GC(344) Concurrent Mark Cycle 56.584ms
[61051ms] GC(345) Pause Young (Prepare Mixed) (GCLocker Initiated GC) 1332M->347M(1620M) 8.141ms
[61062ms] GC(346) Pause Young (Mixed) (GCLocker Initiated GC) 397M->321M(1620M) 5.576ms
[61227ms] GC(347) Pause Young (Normal) (GCLocker Initiated GC) 1349M->405M(1620M) 3.953ms
[61444ms] GC(348) Pause Young (Concurrent Start) (GCLocker Initiated GC) 663M->385M(1620M) 5.896ms
[61444ms] GC(349) Concurrent Mark Cycle
[61481ms] GC(349) Pause Remark 465M->442M(1508M) 4.733ms
[61499ms] GC(349) Pause Cleanup 508M->508M(1508M) 0.417ms
[61499ms] GC(349) Concurrent Mark Cycle 55.184ms
[61700ms] GC(350) Pause Young (Prepare Mixed) (G1 Evacuation Pause) 1358M->330M(1508M) 6.289ms
[61715ms] GC(351) Pause Young (Mixed) (GCLocker Initiated GC) 373M->296M(1508M) 4.317ms
[61985ms] GC(352) Pause Young (Normal) (G1 Preventive Collection) 1430M->368M(1508M) 6.360ms
[61989ms] GC(353) Pause Young (Concurrent Start) (GCLocker Initiated GC) 384M->362M(1508M) 1.772ms
[61989ms] GC(354) Concurrent Mark Cycle
[62023ms] GC(354) Pause Remark 561M->549M(1508M) 2.786ms
[62057ms] GC(354) Pause Cleanup 742M->742M(1508M) 0.172ms
[62058ms] GC(354) Concurrent Mark Cycle 69.247ms
[62138ms] GC(355) Pause Young (Prepare Mixed) (GCLocker Initiated GC) 1211M->339M(1508M) 3.577ms
[62148ms] GC(356) Pause Young (Mixed) (GCLocker Initiated GC) 364M->317M(1508M) 6.582ms
[62340ms] GC(357) Pause Young (Normal) (G1 Evacuation Pause) 1133M->347M(1508M) 6.074ms
[62413ms] GC(358) Pause Young (Concurrent Start) (G1 Humongous Allocation) 537M->341M(1508M) 11.438ms
[62413ms] GC(359) Concurrent Undo Cycle
[62414ms] GC(359) Concurrent Undo Cycle 1.792ms
[62618ms] GC(360) Pause Young (Normal) (GCLocker Initiated GC) 1038M->351M(1508M) 5.405ms
[62777ms] GC(361) Pause Young (Normal) (G1 Evacuation Pause) 1189M->378M(1508M) 6.301ms
[62882ms] GC(362) Pause Young (Concurrent Start) (GCLocker Initiated GC) 804M->374M(1508M) 2.871ms
[62883ms] GC(363) Concurrent Mark Cycle
[62905ms] GC(363) Pause Remark 405M->387M(1320M) 2.259ms
[62917ms] GC(363) Pause Cleanup 412M->412M(1320M) 0.135ms
[62918ms] GC(363) Concurrent Mark Cycle 35.239ms
[63063ms] GC(364) Pause Young (Prepare Mixed) (GCLocker Initiated GC) 1199M->324M(1320M) 2.947ms
[63075ms] GC(365) Pause Young (Mixed) (GCLocker Initiated GC) 375M->285M(1320M) 5.551ms
[63205ms] GC(366) Pause Young (Normal) (G1 Evacuation Pause) 1181M->352M(1320M) 2.984ms
[63231ms] GC(367) Pause Young (Concurrent Start) (GCLocker Initiated GC) 490M->347M(1320M) 2.736ms
[63231ms] GC(368) Concurrent Mark Cycle
[63263ms] GC(368) Pause Remark 439M->422M(1320M) 3.827ms
[63276ms] GC(368) Pause Cleanup 440M->440M(1320M) 0.358ms
[63276ms] GC(368) Concurrent Mark Cycle 45.660ms
[63562ms] GC(369) Pause Young (Prepare Mixed) (G1 Evacuation Pause) 1190M->297M(1320M) 2.946ms
[63582ms] GC(370) Pause Young (Mixed) (G1 Evacuation Pause) 341M->285M(1320M) 4.299ms
[63838ms] GC(371) Pause Young (Normal) (GCLocker Initiated GC) 1251M->343M(1320M) 2.464ms
[63841ms] GC(372) Pause Young (Concurrent Start) (G1 Humongous Allocation) 349M->342M(1320M) 2.259ms
[63841ms] GC(373) Concurrent Undo Cycle
[63842ms] GC(373) Concurrent Undo Cycle 0.338ms
[63851ms] GC(374) Pause Young (Concurrent Start) (GCLocker Initiated GC) 395M->331M(1320M) 2.032ms
[63851ms] GC(375) Concurrent Mark Cycle
[63870ms] GC(375) Pause Remark 407M->387M(1320M) 2.147ms
[63879ms] GC(375) Pause Cleanup 416M->416M(1320M) 0.106ms
[63879ms] GC(375) Concurrent Mark Cycle 28.778ms
[64033ms] GC(376) Pause Young (Prepare Mixed) (G1 Evacuation Pause) 1179M->278M(1320M) 2.645ms
[64048ms] GC(377) Pause Young (Mixed) (G1 Evacuation Pause) 344M->264M(1320M) 4.487ms
[64353ms] GC(378) Pause Young (Normal) (G1 Preventive Collection) 1256M->333M(2022M) 3.391ms
[65081ms] GC(379) Pause Young (Concurrent Start) (G1 Humongous Allocation) 1572M->311M(2022M) 6.485ms
[65081ms] GC(380) Concurrent Undo Cycle
[65084ms] GC(380) Concurrent Undo Cycle 2.826ms
[65376ms] GC(381) Pause Young (Normal) (GCLocker Initiated GC) 1729M->318M(2022M) 3.229ms
[65763ms] GC(382) Pause Young (Concurrent Start) (G1 Humongous Allocation) 1331M->304M(2022M) 3.748ms
[65763ms] GC(383) Concurrent Undo Cycle
[65763ms] GC(383) Concurrent Undo Cycle 0.374ms
[66066ms] GC(384) Pause Young (Normal) (G1 Evacuation Pause) 1634M->297M(2022M) 3.410ms
[66412ms] GC(385) Pause Young (Normal) (G1 Evacuation Pause) 1547M->303M(2022M) 16.318ms
[66688ms] GC(386) Pause Young (Normal) (G1 Evacuation Pause) 1567M->300M(2022M) 3.107ms
[67131ms] GC(387) Pause Young (Normal) (G1 Evacuation Pause) 1556M->341M(2022M) 10.553ms
[67451ms] GC(388) Pause Young (Normal) (G1 Evacuation Pause) 1575M->300M(2022M) 2.729ms
[67805ms] GC(389) Pause Young (Normal) (G1 Evacuation Pause) 1552M->293M(2022M) 5.446ms
[68061ms] GC(390) Pause Young (Normal) (GCLocker Initiated GC) 1555M->294M(2022M) 2.751ms
[68456ms] GC(391) Pause Young (Normal) (GCLocker Initiated GC) 1565M->316M(2022M) 5.850ms
[69102ms] GC(392) Pause Young (Normal) (G1 Evacuation Pause) 1562M->302M(2022M) 3.567ms
[69548ms] GC(393) Pause Young (Normal) (G1 Evacuation Pause) 1574M->293M(2022M) 3.406ms
[69848ms] GC(394) Pause Young (Normal) (G1 Evacuation Pause) 1547M->292M(2022M) 2.946ms
[70159ms] GC(395) Pause Young (Normal) (G1 Evacuation Pause) 1580M->300M(2022M) 3.070ms
[70513ms] GC(396) Pause Young (Normal) (G1 Evacuation Pause) 1568M->295M(2022M) 1.816ms
[70786ms] GC(397) Pause Young (Normal) (G1 Evacuation Pause) 1569M->292M(2022M) 4.469ms
[71284ms] GC(398) Pause Young (Normal) (G1 Evacuation Pause) 1552M->291M(2022M) 5.922ms
[71565ms] GC(399) Pause Young (Normal) (GCLocker Initiated GC) 1550M->283M(2022M) 3.079ms
[72004ms] GC(400) Pause Young (Normal) (G1 Evacuation Pause) 1553M->301M(2022M) 84.274ms
[72305ms] GC(401) Pause Young (Normal) (G1 Evacuation Pause) 1593M->298M(2022M) 2.514ms
[72663ms] GC(402) Pause Young (Normal) (G1 Evacuation Pause) 1572M->301M(2022M) 3.117ms
[72915ms] GC(403) Pause Young (Normal) (G1 Evacuation Pause) 1569M->290M(2022M) 3.890ms
[73617ms] GC(404) Pause Young (Normal) (G1 Evacuation Pause) 1624M->291M(2022M) 4.117ms
[74208ms] GC(405) Pause Young (Normal) (GCLocker Initiated GC) 1634M->284M(2022M) 2.205ms
[74781ms] GC(406) Pause Young (Normal) (G1 Evacuation Pause) 1616M->294M(2022M) 2.094ms
[75476ms] GC(407) Pause Young (Normal) (G1 Evacuation Pause) 1632M->294M(2022M) 2.644ms
[79491ms] GC(408) Pause Young (Normal) (G1 Evacuation Pause) 1632M->290M(2022M) 3.075ms
[81978ms] GC(409) Pause Young (Normal) (G1 Evacuation Pause) 1624M->290M(2022M) 2.469ms
[84319ms] GC(410) Pause Young (Normal) (G1 Evacuation Pause) 1632M->293M(2022M) 1.977ms
[85500ms] GC(411) Pause Young (Normal) (G1 Evacuation Pause) 1621M->304M(2022M) 3.349ms
[85826ms] GC(412) Pause Young (Normal) (G1 Evacuation Pause) 1568M->299M(2022M) 3.880ms
[86315ms] GC(413) Pause Young (Normal) (G1 Evacuation Pause) 1525M->313M(2022M) 5.229ms
[86568ms] GC(414) Pause Young (Normal) (G1 Evacuation Pause) 1511M->303M(2022M) 4.184ms
[87125ms] GC(415) Pause Young (Normal) (G1 Evacuation Pause) 1489M->410M(2022M) 24.428ms
[87345ms] GC(416) Pause Young (Normal) (G1 Evacuation Pause) 1110M->305M(2022M) 21.862ms
[87618ms] GC(417) Pause Young (Normal) (G1 Evacuation Pause) 1509M->314M(2022M) 8.797ms
[87825ms] GC(418) Pause Young (Normal) (G1 Evacuation Pause) 1296M->308M(2022M) 3.486ms
[88092ms] GC(419) Pause Young (Normal) (G1 Evacuation Pause) 1516M->307M(2022M) 2.889ms
[88463ms] GC(420) Pause Young (Normal) (G1 Evacuation Pause) 1509M->352M(2022M) 11.661ms
[88667ms] GC(421) Pause Young (Normal) (G1 Evacuation Pause) 1512M->307M(2022M) 3.454ms
[88928ms] GC(422) Pause Young (Normal) (G1 Evacuation Pause) 1517M->308M(2022M) 2.436ms
[89132ms] GC(423) Pause Young (Normal) (G1 Evacuation Pause) 1512M->305M(2022M) 3.941ms
[89359ms] GC(424) Pause Young (Normal) (G1 Evacuation Pause) 1517M->311M(2022M) 2.888ms
[89582ms] GC(425) Pause Young (Normal) (G1 Evacuation Pause) 1515M->308M(2022M) 8.058ms
[89795ms] GC(426) Pause Young (Normal) (GCLocker Initiated GC) 1514M->312M(2022M) 3.032ms
[90047ms] GC(427) Pause Young (Normal) (G1 Evacuation Pause) 1516M->304M(2022M) 3.285ms
[90252ms] GC(428) Pause Young (Normal) (G1 Evacuation Pause) 1512M->304M(2022M) 2.646ms
[90476ms] GC(429) Pause Young (Normal) (G1 Evacuation Pause) 1520M->306M(2022M) 3.623ms
[90681ms] GC(430) Pause Young (Normal) (G1 Evacuation Pause) 1512M->306M(2022M) 2.435ms
[90906ms] GC(431) Pause Young (Normal) (GCLocker Initiated GC) 1518M->306M(2022M) 2.585ms
[91117ms] GC(432) Pause Young (Normal) (G1 Evacuation Pause) 1512M->308M(2022M) 2.529ms
[91338ms] GC(433) Pause Young (Normal) (G1 Evacuation Pause) 1518M->303M(2022M) 2.840ms
[91578ms] GC(434) Pause Young (Normal) (GCLocker Initiated GC) 1513M->304M(2022M) 2.673ms
[91852ms] GC(435) Pause Young (Normal) (G1 Evacuation Pause) 1516M->303M(2022M) 5.321ms
[92487ms] GC(436) Pause Young (Normal) (G1 Evacuation Pause) 1509M->307M(2022M) 2.532ms
[92708ms] GC(437) Pause Young (Normal) (G1 Evacuation Pause) 1513M->310M(2022M) 2.714ms
[92921ms] GC(438) Pause Young (Normal) (G1 Evacuation Pause) 1516M->305M(2022M) 2.938ms
[93127ms] GC(439) Pause Young (Normal) (G1 Evacuation Pause) 1513M->305M(2022M) 2.082ms
[93404ms] GC(440) Pause Young (Normal) (G1 Evacuation Pause) 1517M->308M(2022M) 3.939ms
[93779ms] GC(441) Pause Young (Normal) (G1 Evacuation Pause) 1514M->307M(2022M) 13.407ms
[94237ms] GC(442) Pause Young (Normal) (GCLocker Initiated GC) 1519M->304M(2022M) 2.886ms
[94545ms] GC(443) Pause Young (Normal) (G1 Evacuation Pause) 1514M->305M(2022M) 5.379ms
[94772ms] GC(444) Pause Young (Normal) (G1 Evacuation Pause) 1517M->304M(2022M) 3.172ms
[95068ms] GC(445) Pause Young (Normal) (G1 Evacuation Pause) 1512M->313M(2022M) 7.929ms
[95420ms] GC(446) Pause Young (Normal) (GCLocker Initiated GC) 1512M->307M(2022M) 2.199ms
[95634ms] GC(447) Pause Young (Normal) (GCLocker Initiated GC) 1519M->303M(2022M) 2.508ms
[95882ms] GC(448) Pause Young (Normal) (G1 Evacuation Pause) 1513M->309M(2022M) 2.896ms
[96166ms] GC(449) Pause Young (Normal) (G1 Evacuation Pause) 1517M->306M(2022M) 3.956ms
[96371ms] GC(450) Pause Young (Normal) (G1 Evacuation Pause) 1514M->308M(2022M) 2.350ms
[96630ms] GC(451) Pause Young (Normal) (GCLocker Initiated GC) 1518M->306M(2022M) 2.520ms
[96829ms] GC(452) Pause Young (Normal) (G1 Evacuation Pause) 1514M->305M(2022M) 3.738ms
[97094ms] GC(453) Pause Young (Normal) (G1 Evacuation Pause) 1517M->313M(2022M) 2.995ms
[97276ms] GC(454) Pause Young (Normal) (GCLocker Initiated GC) 1515M->306M(2022M) 2.610ms
[97513ms] GC(455) Pause Young (Normal) (GCLocker Initiated GC) 1522M->312M(2022M) 2.968ms
[97707ms] GC(456) Pause Young (Normal) (GCLocker Initiated GC) 1518M->304M(2022M) 3.550ms
[97953ms] GC(457) Pause Young (Normal) (GCLocker Initiated GC) 1515M->310M(2022M) 2.696ms
[98191ms] GC(458) Pause Young (Normal) (GCLocker Initiated GC) 1517M->308M(2022M) 4.118ms
[98423ms] GC(459) Pause Young (Normal) (G1 Evacuation Pause) 1510M->305M(2022M) 2.113ms
[98710ms] GC(460) Pause Young (Normal) (G1 Evacuation Pause) 1521M->307M(2022M) 4.350ms
[98924ms] GC(461) Pause Young (Normal) (G1 Evacuation Pause) 1509M->305M(2022M) 2.469ms
[99186ms] GC(462) Pause Young (Normal) (GCLocker Initiated GC) 1514M->307M(2022M) 2.617ms
[99415ms] GC(463) Pause Young (Normal) (G1 Evacuation Pause) 1521M->301M(2022M) 2.473ms
[99618ms] GC(464) Pause Young (Normal) (G1 Evacuation Pause) 1517M->305M(2022M) 2.079ms
[99853ms] GC(465) Pause Young (Normal) (G1 Evacuation Pause) 1513M->307M(2022M) 2.762ms
[100045ms] GC(466) Pause Young (Normal) (G1 Evacuation Pause) 1517M->307M(2022M) 4.418ms
[100290ms] GC(467) Pause Young (Normal) (G1 Evacuation Pause) 1513M->303M(2022M) 1.928ms
[100469ms] GC(468) Pause Young (Normal) (G1 Evacuation Pause) 1517M->312M(2022M) 2.828ms
[100730ms] GC(469) Pause Young (Normal) (G1 Evacuation Pause) 1520M->304M(2022M) 3.746ms
[100911ms] GC(470) Pause Young (Normal) (G1 Evacuation Pause) 1508M->308M(2022M) 2.578ms
[101231ms] GC(471) Pause Young (Normal) (G1 Evacuation Pause) 1512M->307M(2022M) 2.165ms
[101424ms] GC(472) Pause Young (Normal) (G1 Evacuation Pause) 1517M->301M(2022M) 2.621ms
[101651ms] GC(473) Pause Young (Normal) (G1 Evacuation Pause) 1517M->315M(2022M) 3.098ms
[101900ms] GC(474) Pause Young (Normal) (G1 Evacuation Pause) 1521M->302M(2022M) 2.891ms
[102081ms] GC(475) Pause Young (Normal) (G1 Evacuation Pause) 1516M->309M(2022M) 2.550ms
[102336ms] GC(476) Pause Young (Normal) (G1 Evacuation Pause) 1513M->308M(2022M) 4.118ms
[102517ms] GC(477) Pause Young (Normal) (G1 Evacuation Pause) 1518M->312M(2022M) 2.932ms
[102816ms] GC(478) Pause Young (Normal) (G1 Evacuation Pause) 1512M->313M(2022M) 3.335ms
[103014ms] GC(479) Pause Young (Normal) (G1 Evacuation Pause) 1517M->319M(2022M) 3.910ms
[103292ms] GC(480) Pause Young (Normal) (G1 Evacuation Pause) 1513M->315M(2022M) 2.835ms
[103424ms] GC(481) Pause Young (Normal) (G1 Evacuation Pause) 1513M->320M(2022M) 3.531ms
[103673ms] GC(482) Pause Young (Normal) (G1 Evacuation Pause) 1516M->310M(2022M) 3.875ms
[103822ms] GC(483) Pause Young (Normal) (GCLocker Initiated GC) 1517M->320M(2022M) 3.978ms
[103956ms] GC(484) Pause Young (Normal) (G1 Evacuation Pause) 1518M->317M(2022M) 3.461ms
[104194ms] GC(485) Pause Young (Normal) (G1 Evacuation Pause) 1513M->320M(2022M) 3.779ms
[104328ms] GC(486) Pause Young (Normal) (G1 Evacuation Pause) 1514M->319M(2022M) 4.112ms
[104595ms] GC(487) Pause Young (Normal) (G1 Evacuation Pause) 1513M->320M(2022M) 4.041ms
[104731ms] GC(488) Pause Young (Normal) (G1 Evacuation Pause) 1514M->321M(2022M) 3.964ms
[104995ms] GC(489) Pause Young (Normal) (G1 Evacuation Pause) 1517M->311M(2022M) 8.307ms
[105152ms] GC(490) Pause Young (Normal) (G1 Evacuation Pause) 1513M->318M(2022M) 4.521ms
[105299ms] GC(491) Pause Young (Normal) (G1 Evacuation Pause) 1510M->312M(2022M) 3.607ms
[105910ms] GC(492) Pause Young (Normal) (G1 Evacuation Pause) 1520M->320M(2022M) 352.000ms
[106050ms] GC(493) Pause Young (Normal) (G1 Evacuation Pause) 1516M->324M(2022M) 3.726ms
[106361ms] GC(494) Pause Young (Normal) (G1 Evacuation Pause) 1522M->322M(2022M) 4.332ms
[106517ms] GC(495) Pause Young (Normal) (G1 Evacuation Pause) 1522M->325M(2022M) 3.877ms
[106787ms] GC(496) Pause Young (Normal) (G1 Evacuation Pause) 1521M->316M(2022M) 4.828ms
[106970ms] GC(497) Pause Young (Normal) (GCLocker Initiated GC) 1526M->321M(2022M) 5.122ms
[107186ms] GC(498) Pause Young (Normal) (GCLocker Initiated GC) 1524M->318M(2022M) 5.467ms
[107542ms] GC(499) Pause Young (Normal) (GCLocker Initiated GC) 1527M->320M(2022M) 4.929ms
[107806ms] GC(500) Pause Young (Normal) (G1 Evacuation Pause) 1526M->315M(2022M) 3.700ms
[108078ms] GC(501) Pause Young (Normal) (G1 Evacuation Pause) 1521M->317M(2022M) 4.469ms
[108273ms] GC(502) Pause Young (Normal) (GCLocker Initiated GC) 1525M->320M(2022M) 4.056ms
[108544ms] GC(503) Pause Young (Normal) (G1 Evacuation Pause) 1522M->315M(2022M) 13.818ms
[108823ms] GC(504) Pause Young (Normal) (GCLocker Initiated GC) 1528M->320M(2022M) 28.768ms
[109074ms] GC(505) Pause Young (Normal) (G1 Evacuation Pause) 1522M->322M(2022M) 3.868ms
[109270ms] GC(506) Pause Young (Normal) (GCLocker Initiated GC) 1521M->321M(2022M) 4.643ms
[109429ms] GC(507) Pause Young (Normal) (G1 Evacuation Pause) 1527M->322M(2022M) 3.539ms
[109633ms] GC(508) Pause Young (Normal) (G1 Evacuation Pause) 1526M->324M(2022M) 3.829ms
[109780ms] GC(509) Pause Young (Normal) (G1 Evacuation Pause) 1518M->323M(2022M) 2.803ms
[109957ms] GC(510) Pause Young (Normal) (G1 Evacuation Pause) 1531M->317M(2022M) 3.405ms
[110144ms] GC(511) Pause Young (Normal) (GCLocker Initiated GC) 1526M->319M(2022M) 5.498ms
[110308ms] GC(512) Pause Young (Normal) (G1 Evacuation Pause) 1519M->317M(2022M) 6.699ms
[110494ms] GC(513) Pause Young (Normal) (G1 Evacuation Pause) 1531M->317M(2022M) 3.844ms
[110644ms] GC(514) Pause Young (Normal) (G1 Evacuation Pause) 1523M->329M(2022M) 4.159ms
[110822ms] GC(515) Pause Young (Normal) (G1 Evacuation Pause) 1519M->319M(2022M) 3.156ms
[110987ms] GC(516) Pause Young (Normal) (G1 Evacuation Pause) 1531M->318M(2022M) 3.046ms
[111138ms] GC(517) Pause Young (Normal) (GCLocker Initiated GC) 1525M->321M(2022M) 3.076ms
[111330ms] GC(518) Pause Young (Normal) (G1 Evacuation Pause) 1527M->317M(2022M) 2.150ms
[111492ms] GC(519) Pause Young (Normal) (G1 Evacuation Pause) 1527M->324M(2022M) 3.367ms
[111660ms] GC(520) Pause Young (Normal) (G1 Evacuation Pause) 1518M->317M(2022M) 4.168ms
[111884ms] GC(521) Pause Young (Normal) (G1 Evacuation Pause) 1519M->324M(2022M) 4.271ms
[112055ms] GC(522) Pause Young (Normal) (G1 Evacuation Pause) 1530M->314M(2022M) 2.535ms
[112251ms] GC(523) Pause Young (Normal) (G1 Evacuation Pause) 1522M->320M(2022M) 3.204ms
[112400ms] GC(524) Pause Young (Normal) (G1 Evacuation Pause) 1520M->327M(2022M) 3.708ms
[112590ms] GC(525) Pause Young (Normal) (G1 Evacuation Pause) 1535M->316M(2022M) 3.589ms
[112767ms] GC(526) Pause Young (Normal) (G1 Evacuation Pause) 1518M->318M(2022M) 3.921ms
[112965ms] GC(527) Pause Young (Normal) (GCLocker Initiated GC) 1524M->321M(2022M) 3.163ms
[113195ms] GC(528) Pause Young (Normal) (G1 Evacuation Pause) 1535M->320M(2022M) 3.345ms
[113400ms] GC(529) Pause Young (Normal) (GCLocker Initiated GC) 1523M->321M(2022M) 7.592ms
[113644ms] GC(530) Pause Young (Normal) (G1 Evacuation Pause) 1523M->316M(2022M) 3.301ms
[113880ms] GC(531) Pause Young (Normal) (G1 Evacuation Pause) 1526M->322M(2022M) 3.517ms
[114100ms] GC(532) Pause Young (Normal) (G1 Evacuation Pause) 1524M->311M(2022M) 2.184ms
[114298ms] GC(533) Pause Young (Normal) (GCLocker Initiated GC) 1531M->320M(2022M) 3.095ms
[114542ms] GC(534) Pause Young (Normal) (G1 Evacuation Pause) 1524M->312M(2022M) 3.037ms
[114763ms] GC(535) Pause Young (Normal) (G1 Evacuation Pause) 1534M->318M(2022M) 3.571ms
[115182ms] GC(536) Pause Young (Normal) (G1 Evacuation Pause) 1518M->316M(2022M) 2.670ms
[115466ms] GC(537) Pause Young (Normal) (G1 Evacuation Pause) 1534M->315M(2022M) 2.058ms
[115735ms] GC(538) Pause Young (Normal) (G1 Evacuation Pause) 1531M->312M(2022M) 2.996ms
[116051ms] GC(539) Pause Young (Normal) (G1 Evacuation Pause) 1522M->315M(2022M) 5.074ms
[116341ms] GC(540) Pause Young (Normal) (G1 Evacuation Pause) 1535M->316M(2022M) 3.925ms
[116694ms] GC(541) Pause Young (Normal) (GCLocker Initiated GC) 1526M->319M(2022M) 2.503ms
[117117ms] GC(542) Pause Young (Normal) (GCLocker Initiated GC) 1528M->315M(2022M) 2.552ms
[117693ms] GC(543) Pause Young (Normal) (G1 Evacuation Pause) 1523M->320M(2022M) 5.916ms
[117939ms] GC(544) Pause Young (Normal) (G1 Evacuation Pause) 1532M->313M(2022M) 3.618ms
[118205ms] GC(545) Pause Young (Normal) (G1 Evacuation Pause) 1531M->318M(2022M) 2.744ms
[118493ms] GC(546) Pause Young (Normal) (GCLocker Initiated GC) 1526M->318M(2022M) 2.283ms
[118733ms] GC(547) Pause Young (Normal) (G1 Evacuation Pause) 1532M->313M(2022M) 4.329ms
[119076ms] GC(548) Pause Young (Normal) (GCLocker Initiated GC) 1530M->315M(2022M) 2.996ms
[119481ms] GC(549) Pause Young (Normal) (G1 Evacuation Pause) 1527M->314M(2022M) 1.777ms
[119768ms] GC(550) Pause Young (Normal) (G1 Evacuation Pause) 1532M->316M(2022M) 3.311ms
[120220ms] GC(551) Pause Young (Normal) (G1 Evacuation Pause) 1524M->317M(2022M) 3.326ms
[120536ms] GC(552) Pause Young (Normal) (G1 Evacuation Pause) 1537M->317M(2022M) 2.364ms
[120824ms] GC(553) Pause Young (Normal) (G1 Evacuation Pause) 1523M->312M(2022M) 3.711ms
[121112ms] GC(554) Pause Young (Normal) (GCLocker Initiated GC) 1533M->316M(2022M) 2.239ms
[121388ms] GC(555) Pause Young (Normal) (GCLocker Initiated GC) 1538M->315M(2022M) 2.011ms
[121587ms] GC(556) Pause Young (Normal) (G1 Evacuation Pause) 1523M->315M(2022M) 2.226ms
[121867ms] GC(557) Pause Young (Normal) (G1 Evacuation Pause) 1533M->314M(2022M) 1.720ms
[122241ms] GC(558) Pause Young (Normal) (G1 Evacuation Pause) 1532M->317M(2022M) 2.147ms
[122478ms] GC(559) Pause Young (Normal) (G1 Evacuation Pause) 1527M->311M(2022M) 2.274ms
[122711ms] GC(560) Pause Young (Normal) (G1 Evacuation Pause) 1533M->318M(2022M) 2.592ms
[123000ms] GC(561) Pause Young (Normal) (G1 Evacuation Pause) 1536M->315M(2022M) 1.858ms
[123250ms] GC(562) Pause Young (Normal) (G1 Evacuation Pause) 1523M->312M(2022M) 2.042ms
[123486ms] GC(563) Pause Young (Normal) (G1 Evacuation Pause) 1532M->313M(2022M) 1.775ms
[124119ms] GC(564) Pause Young (Normal) (G1 Evacuation Pause) 1519M->312M(2022M) 3.077ms
[124397ms] GC(565) Pause Young (Normal) (G1 Evacuation Pause) 1536M->311M(2022M) 3.404ms
[124713ms] GC(566) Pause Young (Normal) (G1 Evacuation Pause) 1523M->318M(2022M) 3.145ms
[125027ms] GC(567) Pause Young (Normal) (G1 Evacuation Pause) 1532M->316M(2022M) 2.461ms
[125293ms] GC(568) Pause Young (Normal) (G1 Evacuation Pause) 1536M->312M(2022M) 3.220ms
[125541ms] GC(569) Pause Young (Normal) (G1 Evacuation Pause) 1520M->317M(2022M) 2.988ms
[125934ms] GC(570) Pause Young (Normal) (G1 Evacuation Pause) 1535M->319M(2022M) 3.224ms
[126268ms] GC(571) Pause Young (Normal) (G1 Evacuation Pause) 1529M->316M(2022M) 2.765ms
[126602ms] GC(572) Pause Young (Normal) (G1 Evacuation Pause) 1528M->313M(2022M) 1.587ms
[126820ms] GC(573) Pause Young (Normal) (G1 Evacuation Pause) 1531M->314M(2022M) 3.025ms
[127155ms] GC(574) Pause Young (Normal) (G1 Evacuation Pause) 1524M->316M(2022M) 2.306ms
[127438ms] GC(575) Pause Young (Normal) (G1 Evacuation Pause) 1536M->316M(2022M) 2.489ms
[127746ms] GC(576) Pause Young (Normal) (G1 Evacuation Pause) 1532M->311M(2022M) 2.174ms
[128022ms] GC(577) Pause Young (Normal) (G1 Evacuation Pause) 1525M->314M(2022M) 1.929ms
[128340ms] GC(578) Pause Young (Normal) (G1 Evacuation Pause) 1536M->314M(2022M) 1.854ms
[128663ms] GC(579) Pause Young (Normal) (G1 Evacuation Pause) 1528M->313M(2022M) 2.203ms
[128968ms] GC(580) Pause Young (Normal) (GCLocker Initiated GC) 1527M->311M(2022M) 3.343ms
[129391ms] GC(581) Pause Young (Normal) (GCLocker Initiated GC) 1532M->314M(2022M) 2.970ms
[129762ms] GC(582) Pause Young (Normal) (G1 Evacuation Pause) 1528M->317M(2022M) 2.626ms
[130100ms] GC(583) Pause Young (Normal) (G1 Evacuation Pause) 1537M->315M(2022M) 2.497ms
[130970ms] GC(584) Pause Young (Normal) (G1 Evacuation Pause) 1523M->312M(2022M) 3.378ms
[131476ms] GC(585) Pause Young (Normal) (G1 Evacuation Pause) 1540M->311M(2022M) 2.192ms
[131923ms] GC(586) Pause Young (Normal) (G1 Evacuation Pause) 1543M->311M(2022M) 2.413ms
[132522ms] GC(587) Pause Young (Normal) (G1 Evacuation Pause) 1535M->311M(2022M) 2.833ms
[133396ms] GC(588) Pause Young (Normal) (G1 Evacuation Pause) 1537M->312M(2022M) 2.389ms
[135173ms] GC(589) Pause Young (Normal) (G1 Evacuation Pause) 1536M->312M(2022M) 3.629ms
[136644ms] GC(590) Pause Young (Normal) (G1 Evacuation Pause) 1536M->311M(2022M) 4.458ms
[138845ms] GC(591) Pause Young (Normal) (G1 Evacuation Pause) 1537M->311M(2022M) 9.267ms
[141975ms] GC(592) Pause Young (Normal) (G1 Evacuation Pause) 1537M->310M(2022M) 8.219ms
[143473ms] GC(593) Pause Young (Normal) (G1 Evacuation Pause) 1536M->311M(2022M) 2.749ms
[144289ms] GC(594) Pause Young (Normal) (G1 Evacuation Pause) 1537M->310M(2022M) 2.111ms
[144748ms] GC(595) Pause Young (Normal) (G1 Evacuation Pause) 1536M->311M(2022M) 1.615ms
[145213ms] GC(596) Pause Young (Normal) (GCLocker Initiated GC) 1539M->314M(2022M) 1.631ms
[145680ms] GC(597) Pause Young (Normal) (G1 Evacuation Pause) 1540M->311M(2022M) 1.806ms
[146328ms] GC(598) Pause Young (Normal) (GCLocker Initiated GC) 1537M->310M(2022M) 1.522ms
[146875ms] GC(599) Pause Young (Normal) (G1 Evacuation Pause) 1540M->310M(2022M) 2.746ms
[147566ms] GC(600) Pause Young (Normal) (G1 Evacuation Pause) 1540M->311M(2022M) 2.212ms
[148122ms] GC(601) Pause Young (Normal) (G1 Evacuation Pause) 1533M->308M(2022M) 2.715ms
[148831ms] GC(602) Pause Young (Normal) (G1 Evacuation Pause) 1534M->311M(2022M) 1.811ms
[149325ms] GC(603) Pause Young (Normal) (G1 Evacuation Pause) 1537M->310M(2022M) 1.553ms
[150054ms] GC(604) Pause Young (Normal) (G1 Evacuation Pause) 1536M->311M(2022M) 2.188ms
[150466ms] GC(605) Pause Young (Normal) (G1 Evacuation Pause) 1541M->310M(2022M) 1.434ms
[150851ms] GC(606) Pause Young (Normal) (G1 Evacuation Pause) 1536M->311M(2022M) 1.610ms
[151349ms] GC(607) Pause Young (Normal) (G1 Evacuation Pause) 1535M->311M(2022M) 1.921ms
[152023ms] GC(608) Pause Young (Normal) (G1 Evacuation Pause) 1537M->310M(2022M) 5.138ms
[152575ms] GC(609) Pause Young (Normal) (G1 Evacuation Pause) 1536M->310M(2022M) 1.479ms
[153236ms] GC(610) Pause Young (Normal) (G1 Evacuation Pause) 1536M->311M(2022M) 1.854ms
[153806ms] GC(611) Pause Young (Normal) (G1 Evacuation Pause) 1539M->311M(2022M) 1.911ms
[154339ms] GC(612) Pause Young (Normal) (G1 Evacuation Pause) 1537M->310M(2022M) 1.895ms
[154836ms] GC(613) Pause Young (Normal) (G1 Evacuation Pause) 1536M->310M(2022M) 1.637ms
[155491ms] GC(614) Pause Young (Normal) (G1 Evacuation Pause) 1536M->311M(2022M) 1.561ms
[156323ms] GC(615) Pause Young (Normal) (G1 Evacuation Pause) 1537M->311M(2022M) 1.814ms
[157089ms] GC(616) Pause Young (Normal) (G1 Evacuation Pause) 1535M->311M(2022M) 5.448ms
[157646ms] GC(617) Pause Young (Normal) (G1 Evacuation Pause) 1537M->311M(2022M) 1.787ms
[158088ms] GC(618) Pause Young (Normal) (G1 Evacuation Pause) 1541M->311M(2022M) 1.550ms
[158707ms] GC(619) Pause Young (Normal) (G1 Evacuation Pause) 1541M->310M(2022M) 1.696ms
[159297ms] GC(620) Pause Young (Normal) (G1 Evacuation Pause) 1536M->311M(2022M) 1.666ms
[160087ms] GC(621) Pause Young (Normal) (G1 Evacuation Pause) 1535M->311M(2022M) 1.831ms
[162833ms] GC(622) Pause Young (Normal) (G1 Evacuation Pause) 1537M->311M(2022M) 2.418ms
[165110ms] GC(623) Pause Young (Normal) (G1 Evacuation Pause) 1537M->307M(2022M) 18.388ms
[166737ms] GC(624) Pause Young (Normal) (G1 Evacuation Pause) 1527M->307M(2022M) 4.418ms
[167477ms] GC(625) Pause Young (Normal) (G1 Evacuation Pause) 1531M->307M(2022M) 1.382ms
[168566ms] GC(626) Pause Young (Normal) (G1 Evacuation Pause) 1537M->307M(2022M) 1.420ms
[172809ms] GC(627) Pause Young (Normal) (G1 Evacuation Pause) 1533M->307M(2022M) 6.937ms
[175759ms] GC(628) Pause Young (Normal) (G1 Evacuation Pause) 1537M->308M(2022M) 3.790ms
[180112ms] GC(629) Pause Young (Normal) (G1 Evacuation Pause) 1528M->307M(2022M) 7.257ms
[183086ms] GC(630) Pause Young (Normal) (G1 Evacuation Pause) 1535M->307M(2022M) 13.709ms
[186122ms] GC(631) Pause Young (Normal) (G1 Evacuation Pause) 1531M->307M(2022M) 4.820ms
[186737ms] GC(632) Pause Young (Normal) (G1 Evacuation Pause) 1533M->306M(2022M) 1.339ms
[187286ms] GC(633) Pause Young (Normal) (G1 Evacuation Pause) 1532M->307M(2022M) 1.248ms
[187766ms] GC(634) Pause Young (Normal) (G1 Evacuation Pause) 1533M->306M(2022M) 1.401ms
[188323ms] GC(635) Pause Young (Normal) (G1 Evacuation Pause) 1536M->306M(2022M) 1.461ms
[188825ms] GC(636) Pause Young (Normal) (G1 Evacuation Pause) 1528M->307M(2022M) 1.376ms
[189346ms] GC(637) Pause Young (Normal) (G1 Evacuation Pause) 1533M->307M(2022M) 1.885ms
[190053ms] GC(638) Pause Young (Normal) (G1 Evacuation Pause) 1537M->306M(2022M) 1.421ms
[190690ms] GC(639) Pause Young (Normal) (G1 Evacuation Pause) 1532M->307M(2022M) 1.501ms
[191349ms] GC(640) Pause Young (Normal) (G1 Evacuation Pause) 1537M->307M(2022M) 2.446ms
[192805ms] GC(641) Pause Young (Normal) (G1 Evacuation Pause) 1533M->307M(2022M) 4.299ms
[194278ms] GC(642) Pause Young (Normal) (G1 Evacuation Pause) 1537M->306M(2022M) 4.551ms
[195854ms] GC(643) Pause Young (Normal) (G1 Evacuation Pause) 1528M->306M(2022M) 3.270ms
[197869ms] GC(644) Pause Young (Normal) (G1 Evacuation Pause) 1536M->306M(2022M) 4.652ms
[200251ms] GC(645) Pause Young (Normal) (G1 Evacuation Pause) 1532M->307M(2022M) 4.034ms
[202544ms] GC(646) Pause Young (Normal) (G1 Evacuation Pause) 1533M->306M(2022M) 8.876ms
[204951ms] GC(647) Pause Young (Normal) (G1 Evacuation Pause) 1536M->306M(2022M) 2.791ms
[207244ms] GC(648) Pause Young (Normal) (G1 Evacuation Pause) 1530M->308M(2022M) 5.310ms
[209796ms] GC(649) Pause Young (Normal) (G1 Evacuation Pause) 1526M->301M(2022M) 4.851ms
[215446ms] GC(650) Pause Young (Normal) (G1 Evacuation Pause) 1531M->301M(2022M) 7.803ms
[218898ms] GC(651) Pause Young (Normal) (G1 Evacuation Pause) 1527M->301M(2022M) 1.895ms
[223615ms] GC(652) Pause Young (Normal) (G1 Evacuation Pause) 1527M->299M(2022M) 3.884ms
[225914ms] GC(653) Pause Young (Normal) (G1 Evacuation Pause) 1525M->299M(2022M) 1.354ms
[227445ms] GC(654) Pause Young (Normal) (G1 Evacuation Pause) 1525M->299M(2022M) 1.322ms
[229027ms] GC(655) Pause Young (Normal) (G1 Evacuation Pause) 1529M->299M(2022M) 1.336ms
[230451ms] GC(656) Pause Young (Normal) (G1 Evacuation Pause) 1525M->298M(2022M) 1.341ms
[231954ms] GC(657) Pause Young (Normal) (G1 Evacuation Pause) 1524M->298M(2022M) 1.133ms
