[1ms] Using G1
[382ms] GC(0) Pause Young (Normal) (G1 Evacuation Pause) 53M->21M(1028M) 2.940ms
[575ms] GC(1) Pause Young (Normal) (G1 Evacuation Pause) 63M->38M(1028M) 2.641ms
[711ms] GC(2) Pause Young (Concurrent Start) (Metadata GC Threshold) 88M->60M(1028M) 1.316ms
[711ms] GC(3) Concurrent Mark Cycle
[714ms] GC(3) Pause Remark 61M->61M(1024M) 0.872ms
[716ms] GC(3) Pause Cleanup 62M->62M(1024M) 0.099ms
[716ms] GC(3) Concurrent Mark Cycle 5.125ms
[894ms] GC(4) Pause Young (Prepare Mixed) (G1 Evacuation Pause) 104M->63M(1024M) 1.302ms
[940ms] GC(5) Pause Young (Mixed) (G1 Evacuation Pause) 109M->63M(1024M) 1.260ms
[964ms] GC(6) Pause Young (Normal) (G1 Evacuation Pause) 109M->63M(1024M) 1.425ms
[983ms] GC(7) Pause Young (Normal) (GCLocker Initiated GC) 109M->63M(1024M) 1.302ms
[1007ms] GC(8) Pause Young (Normal) (G1 Evacuation Pause) 109M->63M(1024M) 3.102ms
[1036ms] GC(9) Pause Young (Normal) (GCLocker Initiated GC) 115M->64M(1198M) 3.632ms
[1228ms] GC(10) Pause Young (Normal) (G1 Evacuation Pause) 414M->65M(1198M) 1.523ms
[1445ms] GC(11) Pause Young (Normal) (GCLocker Initiated GC) 546M->67M(1198M) 1.876ms
[1505ms] GC(12) Pause Young (Normal) (GCLocker Initiated GC) 532M->72M(1198M) 2.643ms
[1850ms] GC(13) Pause Young (Concurrent Start) (Metadata GC Threshold) 739M->75M(1198M) 3.482ms
[1850ms] GC(14) Concurrent Mark Cycle
[1855ms] GC(14) Pause Remark 76M->76M(1024M) 1.224ms
[1857ms] GC(14) Pause Cleanup 76M->76M(1024M) 0.100ms
[1857ms] GC(14) Concurrent Mark Cycle 6.608ms
[2131ms] GC(15) Pause Young (Normal) (GCLocker Initiated GC) 779M->74M(1024M) 3.933ms
[2202ms] GC(16) Pause Young (Normal) (GCLocker Initiated GC) 672M->78M(1024M) 2.824ms
[2270ms] GC(17) Pause Young (Normal) (GCLocker Initiated GC) 674M->83M(1024M) 3.090ms
[2342ms] GC(18) Pause Young (Normal) (G1 Evacuation Pause) 673M->85M(1024M) 3.330ms
[2437ms] GC(19) Pause Young (Normal) (GCLocker Initiated GC) 673M->89M(1024M) 3.559ms
[3087ms] GC(20) Pause Young (Normal) (GCLocker Initiated GC) 673M->81M(1024M) 4.418ms
[3146ms] GC(21) Pause Young (Normal) (GCLocker Initiated GC) 675M->84M(1024M) 3.232ms
[3291ms] GC(22) Pause Young (Concurrent Start) (Metadata GC Threshold) 427M->86M(1024M) 3.579ms
[3291ms] GC(23) Concurrent Mark Cycle
[3302ms] GC(23) Pause Remark 88M->88M(1024M) 6.574ms
[3304ms] GC(23) Pause Cleanup 88M->88M(1024M) 0.058ms
[3304ms] GC(23) Concurrent Mark Cycle 13.290ms
[3790ms] GC(24) Pause Young (Normal) (G1 Evacuation Pause) 674M->84M(1024M) 3.584ms
[4206ms] GC(25) Pause Young (Normal) (G1 Evacuation Pause) 676M->88M(1024M) 3.291ms
[4612ms] GC(26) Pause Young (Normal) (G1 Evacuation Pause) 676M->92M(1024M) 3.251ms
[5007ms] GC(27) Pause Young (Normal) (G1 Evacuation Pause) 676M->97M(1024M) 4.529ms
[5406ms] GC(28) Pause Young (Normal) (G1 Evacuation Pause) 675M->101M(1024M) 3.948ms
[5837ms] GC(29) Pause Young (Normal) (G1 Evacuation Pause) 677M->104M(1024M) 4.689ms
[6533ms] GC(30) Pause Young (Normal) (GCLocker Initiated GC) 680M->112M(1024M) 5.074ms
[6743ms] GC(31) Pause Young (Normal) (GCLocker Initiated GC) 682M->115M(1024M) 4.440ms
[6810ms] GC(32) Pause Young (Normal) (GCLocker Initiated GC) 685M->120M(1024M) 4.801ms
[7129ms] GC(33) Pause Young (Normal) (GCLocker Initiated GC) 692M->119M(1024M) 3.777ms
[7194ms] GC(34) Pause Young (Normal) (GCLocker Initiated GC) 693M->122M(1024M) 3.838ms
[7252ms] GC(35) Pause Young (Normal) (GCLocker Initiated GC) 694M->124M(1024M) 4.148ms
[7310ms] GC(36) Pause Young (Normal) (GCLocker Initiated GC) 695M->129M(1024M) 4.132ms
[7369ms] GC(37) Pause Young (Normal) (GCLocker Initiated GC) 698M->131M(1024M) 4.874ms
[7436ms] GC(38) Pause Young (Normal) (GCLocker Initiated GC) 699M->133M(1126M) 4.296ms
[7511ms] GC(39) Pause Young (Normal) (GCLocker Initiated GC) 765M->134M(1126M) 4.218ms
[7869ms] GC(40) Pause Young (Concurrent Start) (Metadata GC Threshold) 630M->133M(1126M) 6.088ms
[7869ms] GC(41) Concurrent Mark Cycle
[7881ms] GC(41) Pause Remark 136M->134M(1024M) 0.991ms
[7884ms] GC(41) Pause Cleanup 134M->134M(1024M) 0.109ms
[7884ms] GC(41) Concurrent Mark Cycle 14.599ms
[19513ms] GC(42) Pause Full (Heap Inspection Initiated GC) 367M->101M(1024M) 38.163ms
[24014ms] GC(43) Pause Young (Concurrent Start) (G1 Humongous Allocation) 423M->208M(1024M) 2.901ms
[24014ms] GC(44) Concurrent Undo Cycle
[24014ms] GC(44) Concurrent Undo Cycle 0.274ms
[24148ms] GC(45) Pause Young (Concurrent Start) (G1 Humongous Allocation) 362M->117M(1024M) 2.102ms
[24148ms] GC(46) Concurrent Undo Cycle
[24149ms] GC(46) Concurrent Undo Cycle 0.363ms
[24164ms] GC(47) Pause Young (Concurrent Start) (G1 Humongous Allocation) 355M->217M(1024M) 1.845ms
[24164ms] GC(48) Concurrent Undo Cycle
[24165ms] GC(48) Concurrent Undo Cycle 0.271ms
[24178ms] GC(49) Pause Young (Concurrent Start) (G1 Humongous Allocation) 357M->265M(1024M) 2.127ms
[24178ms] GC(50) Concurrent Undo Cycle
[24178ms] GC(50) Concurrent Undo Cycle 0.191ms
[24307ms] GC(51) Pause Young (Concurrent Start) (G1 Humongous Allocation) 358M->155M(1024M) 2.236ms
[24307ms] GC(52) Concurrent Undo Cycle
[24307ms] GC(52) Concurrent Undo Cycle 0.232ms
[24322ms] GC(53) Pause Young (Concurrent Start) (G1 Humongous Allocation) 355M->235M(1024M) 2.363ms
[24322ms] GC(54) Concurrent Undo Cycle
[24322ms] GC(54) Concurrent Undo Cycle 0.201ms
[24458ms] GC(55) Pause Young (Concurrent Start) (G1 Humongous Allocation) 357M->121M(1386M) 2.603ms
[24458ms] GC(56) Concurrent Undo Cycle
[24459ms] GC(56) Concurrent Undo Cycle 0.760ms
[24485ms] GC(57) Pause Young (Concurrent Start) (G1 Humongous Allocation) 485M->267M(1386M) 2.739ms
[24485ms] GC(58) Concurrent Undo Cycle
[24485ms] GC(58) Concurrent Undo Cycle 0.229ms
[24618ms] GC(59) Pause Young (Concurrent Start) (G1 Humongous Allocation) 487M->203M(1386M) 2.948ms
[24618ms] GC(60) Concurrent Undo Cycle
[24618ms] GC(60) Concurrent Undo Cycle 0.235ms
[24760ms] GC(61) Pause Young (Concurrent Start) (G1 Humongous Allocation) 485M->159M(1386M) 2.622ms
[24760ms] GC(62) Concurrent Undo Cycle
[24761ms] GC(62) Concurrent Undo Cycle 0.350ms
[24901ms] GC(63) Pause Young (Concurrent Start) (G1 Humongous Allocation) 486M->127M(1386M) 2.109ms
[24901ms] GC(64) Concurrent Undo Cycle
[24902ms] GC(64) Concurrent Undo Cycle 0.250ms
[24926ms] GC(65) Pause Young (Concurrent Start) (G1 Humongous Allocation) 482M->276M(1386M) 2.494ms
[24926ms] GC(66) Concurrent Undo Cycle
[24926ms] GC(66) Concurrent Undo Cycle 0.212ms
[25061ms] GC(67) Pause Young (Concurrent Start) (G1 Humongous Allocation) 486M->200M(1386M) 2.340ms
[25061ms] GC(68) Concurrent Undo Cycle
[25062ms] GC(68) Concurrent Undo Cycle 0.303ms
[25203ms] GC(69) Pause Young (Concurrent Start) (G1 Humongous Allocation) 484M->159M(1386M) 3.244ms
[25203ms] GC(70) Concurrent Undo Cycle
[25203ms] GC(70) Concurrent Undo Cycle 0.347ms
[25344ms] GC(71) Pause Young (Concurrent Start) (G1 Humongous Allocation) 486M->127M(1386M) 2.284ms
[25344ms] GC(72) Concurrent Undo Cycle
[25344ms] GC(72) Concurrent Undo Cycle 0.240ms
[25367ms] GC(73) Pause Young (Concurrent Start) (G1 Humongous Allocation) 482M->271M(1386M) 3.434ms
[25367ms] GC(74) Concurrent Undo Cycle
[25368ms] GC(74) Concurrent Undo Cycle 0.403ms
[25501ms] GC(75) Pause Young (Concurrent Start) (G1 Humongous Allocation) 476M->199M(1386M) 1.498ms
[25501ms] GC(76) Concurrent Undo Cycle
[25501ms] GC(76) Concurrent Undo Cycle 0.361ms
[25638ms] GC(77) Pause Young (Concurrent Start) (G1 Humongous Allocation) 476M->153M(1386M) 1.420ms
[25638ms] GC(78) Concurrent Undo Cycle
[25638ms] GC(78) Concurrent Undo Cycle 0.232ms
[25778ms] GC(79) Pause Young (Concurrent Start) (G1 Humongous Allocation) 476M->118M(1386M) 1.383ms
[25778ms] GC(80) Concurrent Undo Cycle
[25778ms] GC(80) Concurrent Undo Cycle 0.240ms
[25800ms] GC(81) Pause Young (Concurrent Start) (G1 Humongous Allocation) 473M->269M(1386M) 1.373ms
[25800ms] GC(82) Concurrent Undo Cycle
[25801ms] GC(82) Concurrent Undo Cycle 0.240ms
[25932ms] GC(83) Pause Young (Concurrent Start) (G1 Humongous Allocation) 475M->191M(1386M) 1.436ms
[25932ms] GC(84) Concurrent Undo Cycle
[25932ms] GC(84) Concurrent Undo Cycle 0.248ms
[26069ms] GC(85) Pause Young (Concurrent Start) (G1 Humongous Allocation) 477M->151M(1386M) 1.580ms
[26069ms] GC(86) Concurrent Undo Cycle
[26069ms] GC(86) Concurrent Undo Cycle 0.334ms
[26209ms] GC(87) Pause Young (Concurrent Start) (G1 Humongous Allocation) 475M->117M(1386M) 1.469ms
[26209ms] GC(88) Concurrent Undo Cycle
[26209ms] GC(88) Concurrent Undo Cycle 0.256ms
[26229ms] GC(89) Pause Young (Concurrent Start) (G1 Humongous Allocation) 472M->261M(1386M) 1.277ms
[26229ms] GC(90) Concurrent Undo Cycle
[26229ms] GC(90) Concurrent Undo Cycle 0.247ms
[26359ms] GC(91) Pause Young (Concurrent Start) (GCLocker Initiated GC) 477M->193M(1386M) 1.298ms
[26359ms] GC(92) Concurrent Mark Cycle
[26375ms] GC(92) Pause Remark 396M->396M(1380M) 1.995ms
[26381ms] GC(92) Pause Cleanup 397M->397M(1380M) 0.109ms
[26382ms] GC(92) Concurrent Mark Cycle 23.061ms
[26792ms] GC(93) Pause Young (Prepare Mixed) (G1 Preventive Collection) 1360M->179M(1382M) 2.077ms
[27068ms] GC(94) Pause Young (Mixed) (G1 Preventive Collection) 1334M->139M(1382M) 1.421ms
[27086ms] GC(95) Pause Young (Concurrent Start) (G1 Humongous Allocation) 475M->271M(1382M) 1.393ms
[27086ms] GC(96) Concurrent Undo Cycle
[27086ms] GC(96) Concurrent Undo Cycle 0.243ms
[27213ms] GC(97) Pause Young (Concurrent Start) (G1 Humongous Allocation) 476M->145M(1382M) 1.285ms
[27213ms] GC(98) Concurrent Undo Cycle
[27214ms] GC(98) Concurrent Undo Cycle 0.257ms
[27231ms] GC(99) Pause Young (Concurrent Start) (G1 Humongous Allocation) 474M->271M(1382M) 1.333ms
[27232ms] GC(100) Concurrent Undo Cycle
[27232ms] GC(100) Concurrent Undo Cycle 0.463ms
[27289ms] GC(101) Pause Young (Concurrent Start) (G1 Humongous Allocation) 478M->141M(1382M) 1.510ms
[27289ms] GC(102) Concurrent Undo Cycle
[27289ms] GC(102) Concurrent Undo Cycle 0.218ms
[27366ms] GC(103) Pause Young (Concurrent Start) (G1 Humongous Allocation) 476M->229M(1382M) 1.562ms
[27366ms] GC(104) Concurrent Undo Cycle
[27366ms] GC(104) Concurrent Undo Cycle 0.275ms
[27387ms] GC(105) Pause Young (Concurrent Start) (G1 Humongous Allocation) 474M->279M(1382M) 1.243ms
[27387ms] GC(106) Concurrent Undo Cycle
[27387ms] GC(106) Concurrent Undo Cycle 0.229ms
[27481ms] GC(107) Pause Young (Concurrent Start) (G1 Humongous Allocation) 476M->141M(1382M) 1.634ms
[27481ms] GC(108) Concurrent Undo Cycle
[27481ms] GC(108) Concurrent Undo Cycle 0.227ms
[27512ms] GC(109) Pause Young (Concurrent Start) (G1 Humongous Allocation) 473M->265M(1382M) 1.982ms
[27512ms] GC(110) Concurrent Undo Cycle
[27512ms] GC(110) Concurrent Undo Cycle 0.246ms
[27606ms] GC(111) Pause Young (Concurrent Start) (G1 Humongous Allocation) 478M->141M(1382M) 1.535ms
[27606ms] GC(112) Concurrent Undo Cycle
[27606ms] GC(112) Concurrent Undo Cycle 0.220ms
[27652ms] GC(113) Pause Young (Concurrent Start) (G1 Humongous Allocation) 473M->255M(1382M) 1.681ms
[27652ms] GC(114) Concurrent Undo Cycle
[27652ms] GC(114) Concurrent Undo Cycle 0.251ms
[27694ms] GC(115) Pause Young (Concurrent Start) (G1 Humongous Allocation) 477M->193M(1382M) 1.408ms
[27694ms] GC(116) Concurrent Undo Cycle
[27694ms] GC(116) Concurrent Undo Cycle 0.417ms
[27804ms] GC(117) Pause Young (Concurrent Start) (G1 Humongous Allocation) 478M->207M(1382M) 1.507ms
[27804ms] GC(118) Concurrent Undo Cycle
[27804ms] GC(118) Concurrent Undo Cycle 0.245ms
[27818ms] GC(119) Pause Young (Concurrent Start) (G1 Humongous Allocation) 473M->315M(1382M) 1.656ms
[27818ms] GC(120) Concurrent Undo Cycle
[27818ms] GC(120) Concurrent Undo Cycle 0.248ms
[27932ms] GC(121) Pause Young (Concurrent Start) (G1 Humongous Allocation) 476M->145M(1382M) 1.639ms
[27932ms] GC(122) Concurrent Undo Cycle
[27933ms] GC(122) Concurrent Undo Cycle 0.343ms
[27954ms] GC(123) Pause Young (Concurrent Start) (G1 Humongous Allocation) 473M->269M(1382M) 1.445ms
[27954ms] GC(124) Concurrent Undo Cycle
[27954ms] GC(124) Concurrent Undo Cycle 0.237ms
[28014ms] GC(125) Pause Young (Concurrent Start) (G1 Humongous Allocation) 476M->131M(1382M) 1.251ms
[28014ms] GC(126) Concurrent Undo Cycle
[28014ms] GC(126) Concurrent Undo Cycle 0.203ms
[28091ms] GC(127) Pause Young (Concurrent Start) (G1 Humongous Allocation) 478M->229M(1382M) 1.466ms
[28091ms] GC(128) Concurrent Undo Cycle
[28091ms] GC(128) Concurrent Undo Cycle 0.231ms
[28121ms] GC(129) Pause Young (Concurrent Start) (G1 Humongous Allocation) 471M->241M(1382M) 1.288ms
[28121ms] GC(130) Concurrent Undo Cycle
[28121ms] GC(130) Concurrent Undo Cycle 0.311ms
[28245ms] GC(131) Pause Young (Concurrent Start) (G1 Humongous Allocation) 480M->175M(1382M) 6.309ms
[28245ms] GC(132) Concurrent Undo Cycle
[28245ms] GC(132) Concurrent Undo Cycle 0.325ms
[28267ms] GC(133) Pause Young (Concurrent Start) (G1 Humongous Allocation) 475M->311M(1382M) 1.476ms
[28267ms] GC(134) Concurrent Undo Cycle
[28267ms] GC(134) Concurrent Undo Cycle 0.438ms
[28362ms] GC(135) Pause Young (Concurrent Start) (G1 Humongous Allocation) 475M->141M(1382M) 4.299ms
[28362ms] GC(136) Concurrent Undo Cycle
[28362ms] GC(136) Concurrent Undo Cycle 0.348ms
[28495ms] GC(137) Pause Young (Concurrent Start) (G1 Humongous Allocation) 476M->207M(1382M) 12.379ms
[28495ms] GC(138) Concurrent Undo Cycle
[28496ms] GC(138) Concurrent Undo Cycle 0.668ms
[28595ms] GC(139) Pause Young (Concurrent Start) (G1 Humongous Allocation) 483M->141M(1382M) 2.311ms
[28595ms] GC(140) Concurrent Undo Cycle
[28596ms] GC(140) Concurrent Undo Cycle 0.272ms
[28732ms] GC(141) Pause Young (Concurrent Start) (G1 Humongous Allocation) 477M->141M(1382M) 1.341ms
[28732ms] GC(142) Concurrent Undo Cycle
[28732ms] GC(142) Concurrent Undo Cycle 0.222ms
[28936ms] GC(143) Pause Young (Concurrent Start) (G1 Humongous Allocation) 478M->143M(1382M) 1.585ms
[28936ms] GC(144) Concurrent Undo Cycle
[28936ms] GC(144) Concurrent Undo Cycle 0.257ms
[29140ms] GC(145) Pause Young (Concurrent Start) (G1 Humongous Allocation) 479M->141M(1382M) 1.413ms
[29140ms] GC(146) Concurrent Undo Cycle
[29140ms] GC(146) Concurrent Undo Cycle 0.232ms
[29328ms] GC(147) Pause Young (Concurrent Start) (G1 Humongous Allocation) 478M->133M(1382M) 1.656ms
[29328ms] GC(148) Concurrent Undo Cycle
[29328ms] GC(148) Concurrent Undo Cycle 0.218ms
[29560ms] GC(149) Pause Young (Concurrent Start) (G1 Humongous Allocation) 476M->141M(1382M) 4.010ms
[29560ms] GC(150) Concurrent Undo Cycle
[29560ms] GC(150) Concurrent Undo Cycle 0.344ms
[29738ms] GC(151) Pause Young (Concurrent Start) (G1 Humongous Allocation) 479M->143M(1382M) 1.615ms
[29738ms] GC(152) Concurrent Undo Cycle
[29739ms] GC(152) Concurrent Undo Cycle 0.270ms
[30034ms] GC(153) Pause Young (Concurrent Start) (G1 Humongous Allocation) 476M->143M(1382M) 21.096ms
[30034ms] GC(154) Concurrent Undo Cycle
[30034ms] GC(154) Concurrent Undo Cycle 0.287ms
[30298ms] GC(155) Pause Young (Concurrent Start) (G1 Humongous Allocation) 480M->141M(1382M) 17.106ms
[30298ms] GC(156) Concurrent Undo Cycle
[30298ms] GC(156) Concurrent Undo Cycle 0.215ms
[30560ms] GC(157) Pause Young (Concurrent Start) (G1 Humongous Allocation) 476M->143M(1382M) 1.542ms
[30560ms] GC(158) Concurrent Undo Cycle
[30561ms] GC(158) Concurrent Undo Cycle 0.243ms
[30871ms] GC(159) Pause Young (Concurrent Start) (G1 Humongous Allocation) 480M->131M(1382M) 1.276ms
[30871ms] GC(160) Concurrent Undo Cycle
[30871ms] GC(160) Concurrent Undo Cycle 0.294ms
[31284ms] GC(161) Pause Young (Concurrent Start) (G1 Humongous Allocation) 480M->143M(1382M) 1.460ms
[31285ms] GC(162) Concurrent Undo Cycle
[31285ms] GC(162) Concurrent Undo Cycle 0.271ms
[31620ms] GC(163) Pause Young (Concurrent Start) (G1 Humongous Allocation) 477M->139M(1382M) 2.995ms
[31620ms] GC(164) Concurrent Undo Cycle
[31621ms] GC(164) Concurrent Undo Cycle 0.320ms
[31866ms] GC(165) Pause Young (Concurrent Start) (G1 Humongous Allocation) 478M->141M(1382M) 1.440ms
[31866ms] GC(166) Concurrent Undo Cycle
[31866ms] GC(166) Concurrent Undo Cycle 0.218ms
[32076ms] GC(167) Pause Young (Concurrent Start) (G1 Humongous Allocation) 482M->142M(1382M) 4.181ms
[32076ms] GC(168) Concurrent Undo Cycle
[32076ms] GC(168) Concurrent Undo Cycle 0.360ms
[32329ms] GC(169) Pause Young (Concurrent Start) (G1 Humongous Allocation) 484M->144M(1382M) 1.833ms
[32329ms] GC(170) Concurrent Undo Cycle
[32329ms] GC(170) Concurrent Undo Cycle 0.230ms
[32563ms] GC(171) Pause Young (Concurrent Start) (G1 Humongous Allocation) 477M->132M(1382M) 1.420ms
[32563ms] GC(172) Concurrent Undo Cycle
[32563ms] GC(172) Concurrent Undo Cycle 0.226ms
[32759ms] GC(173) Pause Young (Concurrent Start) (G1 Humongous Allocation) 480M->144M(1382M) 1.361ms
[32759ms] GC(174) Concurrent Undo Cycle
[32759ms] GC(174) Concurrent Undo Cycle 0.295ms
[32948ms] GC(175) Pause Young (Concurrent Start) (G1 Humongous Allocation) 478M->140M(1382M) 1.580ms
[32948ms] GC(176) Concurrent Undo Cycle
[32948ms] GC(176) Concurrent Undo Cycle 0.406ms
[33182ms] GC(177) Pause Young (Concurrent Start) (G1 Humongous Allocation) 477M->142M(1382M) 1.324ms
[33182ms] GC(178) Concurrent Undo Cycle
[33182ms] GC(178) Concurrent Undo Cycle 0.211ms
[33346ms] GC(179) Pause Young (Concurrent Start) (G1 Humongous Allocation) 479M->142M(1382M) 1.369ms
[33346ms] GC(180) Concurrent Undo Cycle
[33346ms] GC(180) Concurrent Undo Cycle 0.252ms
[33497ms] GC(181) Pause Young (Concurrent Start) (G1 Humongous Allocation) 477M->144M(1382M) 1.342ms
[33497ms] GC(182) Concurrent Undo Cycle
[33497ms] GC(182) Concurrent Undo Cycle 0.213ms
[33731ms] GC(183) Pause Young (Concurrent Start) (G1 Humongous Allocation) 479M->132M(1382M) 1.365ms
[33731ms] GC(184) Concurrent Undo Cycle
[33731ms] GC(184) Concurrent Undo Cycle 0.261ms
[33886ms] GC(185) Pause Young (Concurrent Start) (G1 Humongous Allocation) 479M->144M(1382M) 1.235ms
[33886ms] GC(186) Concurrent Undo Cycle
[33886ms] GC(186) Concurrent Undo Cycle 0.225ms
[34084ms] GC(187) Pause Young (Concurrent Start) (G1 Humongous Allocation) 480M->140M(1382M) 1.527ms
[34084ms] GC(188) Concurrent Undo Cycle
[34085ms] GC(188) Concurrent Undo Cycle 0.340ms
[34237ms] GC(189) Pause Young (Concurrent Start) (G1 Humongous Allocation) 476M->142M(1382M) 1.389ms
[34237ms] GC(190) Concurrent Undo Cycle
[34238ms] GC(190) Concurrent Undo Cycle 0.208ms
[34428ms] GC(191) Pause Young (Concurrent Start) (G1 Humongous Allocation) 479M->142M(1382M) 2.231ms
[34428ms] GC(192) Concurrent Undo Cycle
[34428ms] GC(192) Concurrent Undo Cycle 0.226ms
[34581ms] GC(193) Pause Young (Concurrent Start) (G1 Humongous Allocation) 477M->144M(1382M) 1.679ms
[34581ms] GC(194) Concurrent Undo Cycle
[34581ms] GC(194) Concurrent Undo Cycle 0.211ms
