[1ms] Using G1
[341ms] GC(0) Pause Young (Normal) (G1 Evacuation Pause) 51M->21M(1032M) 2.880ms
[559ms] GC(1) Pause Young (Normal) (G1 Evacuation Pause) 61M->37M(1032M) 2.131ms
[740ms] GC(2) Pause Young (Concurrent Start) (Metadata GC Threshold) 93M->63M(1032M) 1.486ms
[740ms] GC(3) Concurrent Mark Cycle
[744ms] GC(3) Pause Remark 63M->63M(1024M) 0.846ms
[745ms] GC(3) Pause Cleanup 64M->64M(1024M) 0.075ms
[746ms] GC(3) Concurrent Mark Cycle 5.295ms
[898ms] GC(4) Pause Young (Normal) (GCLocker Initiated GC) 103M->66M(1024M) 1.376ms
[961ms] GC(5) Pause Young (Normal) (GCLocker Initiated GC) 110M->66M(1024M) 1.036ms
[984ms] GC(6) Pause Young (Normal) (G1 Evacuation Pause) 110M->67M(1024M) 1.548ms
[1005ms] GC(7) Pause Young (Normal) (GCLocker Initiated GC) 111M->67M(1024M) 1.053ms
[1023ms] GC(8) Pause Young (Normal) (GCLocker Initiated GC) 111M->67M(1024M) 1.144ms
[1045ms] GC(9) Pause Young (Normal) (GCLocker Initiated GC) 111M->67M(1440M) 1.704ms
[1069ms] GC(10) Pause Young (Normal) (GCLocker Initiated GC) 143M->68M(1440M) 1.282ms
[1460ms] GC(11) Pause Young (Normal) (GCLocker Initiated GC) 732M->70M(1440M) 2.032ms
[1562ms] GC(12) Pause Young (Normal) (GCLocker Initiated GC) 926M->76M(1440M) 3.438ms
[1861ms] GC(13) Pause Young (Concurrent Start) (Metadata GC Threshold) 456M->79M(1440M) 2.529ms
[1861ms] GC(14) Concurrent Mark Cycle
[1866ms] GC(14) Pause Remark 81M->81M(1024M) 0.973ms
[1867ms] GC(14) Pause Cleanup 81M->81M(1024M) 0.054ms
[1867ms] GC(14) Concurrent Mark Cycle 6.518ms
[2135ms] GC(15) Pause Young (Normal) (GCLocker Initiated GC) 927M->79M(1024M) 2.886ms
[2213ms] GC(16) Pause Young (Normal) (G1 Evacuation Pause) 671M->82M(1024M) 3.493ms
[2281ms] GC(17) Pause Young (Normal) (GCLocker Initiated GC) 675M->86M(1396M) 3.747ms
[2374ms] GC(18) Pause Young (Normal) (GCLocker Initiated GC) 898M->92M(1396M) 3.205ms
[3016ms] GC(19) Pause Young (Normal) (GCLocker Initiated GC) 896M->84M(1396M) 3.205ms
[3117ms] GC(20) Pause Young (Normal) (GCLocker Initiated GC) 896M->89M(1396M) 4.012ms
[3223ms] GC(21) Pause Young (Concurrent Start) (Metadata GC Threshold) 231M->90M(1396M) 3.525ms
[3223ms] GC(22) Concurrent Mark Cycle
[3233ms] GC(22) Pause Remark 92M->92M(1024M) 4.992ms
[3237ms] GC(22) Pause Cleanup 92M->92M(1024M) 0.107ms
[3237ms] GC(22) Concurrent Mark Cycle 14.176ms
[3727ms] GC(23) Pause Young (Normal) (G1 Evacuation Pause) 678M->88M(1024M) 2.741ms
[4138ms] GC(24) Pause Young (Normal) (G1 Evacuation Pause) 676M->92M(1024M) 3.372ms
[4549ms] GC(25) Pause Young (Normal) (G1 Evacuation Pause) 676M->94M(1024M) 3.657ms
[4927ms] GC(26) Pause Young (Normal) (G1 Evacuation Pause) 674M->100M(1024M) 4.139ms
[5318ms] GC(27) Pause Young (Normal) (G1 Evacuation Pause) 676M->104M(1024M) 3.395ms
[5742ms] GC(28) Pause Young (Normal) (G1 Evacuation Pause) 676M->107M(1024M) 3.825ms
[6355ms] GC(29) Pause Young (Normal) (GCLocker Initiated GC) 679M->94M(1024M) 2.848ms
[6538ms] GC(30) Pause Young (Normal) (GCLocker Initiated GC) 678M->94M(1024M) 2.755ms
[6603ms] GC(31) Pause Young (Normal) (GCLocker Initiated GC) 682M->97M(1024M) 3.080ms
[6907ms] GC(32) Pause Young (Normal) (GCLocker Initiated GC) 686M->98M(1024M) 3.196ms
[6976ms] GC(33) Pause Young (Normal) (GCLocker Initiated GC) 686M->101M(1024M) 3.497ms
[7043ms] GC(34) Pause Young (Normal) (GCLocker Initiated GC) 685M->104M(1024M) 3.599ms
[7108ms] GC(35) Pause Young (Normal) (GCLocker Initiated GC) 684M->107M(1024M) 3.981ms
[7172ms] GC(36) Pause Young (Normal) (GCLocker Initiated GC) 693M->108M(1388M) 3.396ms
[7284ms] GC(37) Pause Young (Normal) (GCLocker Initiated GC) 913M->109M(1388M) 3.621ms
[7683ms] GC(38) Pause Young (Normal) (G1 Evacuation Pause) 913M->113M(1388M) 3.854ms
[7708ms] GC(39) Pause Young (Concurrent Start) (Metadata GC Threshold) 121M->113M(1388M) 2.653ms
[7708ms] GC(40) Concurrent Mark Cycle
[7717ms] GC(40) Pause Remark 117M->117M(1024M) 1.047ms
[7722ms] GC(40) Pause Cleanup 117M->117M(1024M) 0.102ms
[7722ms] GC(40) Concurrent Mark Cycle 14.208ms
[19712ms] GC(41) Pause Full (Heap Inspection Initiated GC) 353M->103M(1024M) 40.048ms
[37712ms] GC(42) Pause Young (Normal) (G1 Evacuation Pause) 715M->222M(1024M) 64.331ms
[37936ms] GC(43) Pause Young (Normal) (G1 Evacuation Pause) 746M->369M(1024M) 9.112ms
[37973ms] GC(44) Pause Young (Normal) (G1 Evacuation Pause) 413M->371M(1024M) 4.943ms
[38037ms] GC(45) Pause Young (Concurrent Start) (G1 Evacuation Pause) 746M->553M(1024M) 5.344ms
[38037ms] GC(46) Concurrent Mark Cycle
[38180ms] GC(47) Pause Young (Normal) (GCLocker Initiated GC) 753M->579M(1708M) 12.478ms
[38507ms] GC(46) Pause Remark 679M->679M(1708M) 195.640ms
[38564ms] GC(46) Pause Cleanup 803M->803M(1708M) 0.295ms
[38571ms] GC(46) Concurrent Mark Cycle 533.757ms
[38584ms] GC(48) Pause Young (Prepare Mixed) (G1 Evacuation Pause) 818M->650M(1708M) 6.613ms
[38609ms] GC(49) Pause Young (Mixed) (G1 Evacuation Pause) 698M->644M(1708M) 4.618ms
[39007ms] GC(50) Pause Young (Concurrent Start) (G1 Evacuation Pause) 1176M->774M(1708M) 17.753ms
[39008ms] GC(51) Concurrent Mark Cycle
[39083ms] GC(51) Pause Remark 1042M->814M(1708M) 8.978ms
[39113ms] GC(51) Pause Cleanup 886M->886M(1708M) 0.105ms
[39143ms] GC(52) Pause Young (Prepare Mixed) (G1 Evacuation Pause) 934M->660M(1708M) 5.400ms
[39147ms] GC(51) Concurrent Mark Cycle 139.739ms
[39159ms] GC(53) Pause Young (Mixed) (GCLocker Initiated GC) 684M->569M(1708M) 7.198ms
[39373ms] GC(54) Pause Young (Normal) (G1 Evacuation Pause) 1141M->652M(3292M) 14.415ms
[39577ms] GC(55) Pause Young (Normal) (GCLocker Initiated GC) 1284M->805M(3292M) 11.796ms
[39776ms] GC(56) Pause Young (Normal) (GCLocker Initiated GC) 1509M->860M(3292M) 23.905ms
[39850ms] GC(57) Pause Young (Normal) (GCLocker Initiated GC) 1256M->974M(3292M) 12.277ms
[39942ms] GC(58) Pause Young (Normal) (GCLocker Initiated GC) 1442M->1105M(3292M) 25.169ms
[40087ms] GC(59) Pause Young (Normal) (GCLocker Initiated GC) 1525M->1218M(3292M) 29.507ms
[40166ms] GC(60) Pause Young (Concurrent Start) (G1 Humongous Allocation) 1408M->1250M(3864M) 16.245ms
[40166ms] GC(61) Concurrent Undo Cycle
[40177ms] GC(61) Concurrent Undo Cycle 11.444ms
[40279ms] GC(62) Pause Young (Normal) (GCLocker Initiated GC) 1574M->1392M(3864M) 19.210ms
[40325ms] GC(63) Pause Young (Concurrent Start) (G1 Humongous Allocation) 1488M->1425M(3864M) 14.739ms
[40329ms] GC(64) Concurrent Mark Cycle
[40504ms] GC(65) Pause Young (Normal) (G1 Evacuation Pause) 1773M->1491M(3864M) 15.982ms
[40582ms] GC(64) Pause Remark 1662M->1258M(3864M) 10.614ms
[40628ms] GC(64) Pause Cleanup 1363M->1363M(3864M) 0.760ms
[40657ms] GC(64) Concurrent Mark Cycle 327.694ms
[40744ms] GC(66) Pause Young (Prepare Mixed) (GCLocker Initiated GC) 1459M->1185M(3864M) 11.576ms
[40841ms] GC(67) Pause Young (Mixed) (GCLocker Initiated GC) 1332M->1041M(4336M) 16.519ms
[41033ms] GC(68) Pause Young (Mixed) (GCLocker Initiated GC) 1233M->1064M(4336M) 15.669ms
[41304ms] GC(69) Pause Young (Normal) (GCLocker Initiated GC) 1652M->1156M(4336M) 13.589ms
[41584ms] GC(70) Pause Young (Normal) (GCLocker Initiated GC) 1784M->1222M(4336M) 15.748ms
[41735ms] GC(71) Pause Young (Normal) (GCLocker Initiated GC) 1939M->1287M(4336M) 9.235ms
[42078ms] GC(72) Pause Young (Normal) (GCLocker Initiated GC) 2299M->1400M(4336M) 13.044ms
[42584ms] GC(73) Pause Young (Normal) (GCLocker Initiated GC) 2853M->1525M(4336M) 18.806ms
[42946ms] GC(74) Pause Young (Normal) (GCLocker Initiated GC) 2616M->1724M(4336M) 16.124ms
[43177ms] GC(75) Pause Young (Normal) (GCLocker Initiated GC) 2240M->1763M(4336M) 10.093ms
[43506ms] GC(76) Pause Young (Normal) (G1 Evacuation Pause) 2939M->1944M(4336M) 16.584ms
[43895ms] GC(77) Pause Young (Normal) (GCLocker Initiated GC) 2924M->2099M(4336M) 48.553ms
[44162ms] GC(78) Pause Young (Normal) (GCLocker Initiated GC) 2917M->2158M(4336M) 15.852ms
[44423ms] GC(79) Pause Young (Normal) (GCLocker Initiated GC) 3134M->2246M(4336M) 17.548ms
[44616ms] GC(80) Pause Young (Normal) (GCLocker Initiated GC) 3275M->2413M(4336M) 31.787ms
[44727ms] GC(81) Pause Young (Normal) (GCLocker Initiated GC) 2893M->2479M(4336M) 27.172ms
[44773ms] GC(82) Pause Young (Normal) (GCLocker Initiated GC) 2659M->2513M(4336M) 10.926ms
[44849ms] GC(83) Pause Young (Normal) (GCLocker Initiated GC) 2921M->2594M(4336M) 15.949ms
[44952ms] GC(84) Pause Young (Normal) (GCLocker Initiated GC) 3062M->2697M(4748M) 17.958ms
[45173ms] GC(85) Pause Young (Normal) (G1 Evacuation Pause) 3033M->2760M(4748M) 55.661ms
[45233ms] GC(86) Pause Young (Normal) (GCLocker Initiated GC) 2952M->2811M(4748M) 9.400ms
[45278ms] GC(87) Pause Young (Normal) (GCLocker Initiated GC) 3015M->2867M(4748M) 10.350ms
[45325ms] GC(88) Pause Young (Normal) (G1 Evacuation Pause) 3071M->2909M(5048M) 12.066ms
[45415ms] GC(89) Pause Young (Normal) (GCLocker Initiated GC) 3133M->2949M(5048M) 9.557ms
[45491ms] GC(90) Pause Young (Normal) (GCLocker Initiated GC) 3221M->2999M(5048M) 10.308ms
[45578ms] GC(91) Pause Young (Normal) (G1 Evacuation Pause) 3439M->3114M(5048M) 12.740ms
[45662ms] GC(92) Pause Young (Normal) (G1 Evacuation Pause) 3558M->3197M(5268M) 18.800ms
[45780ms] GC(93) Pause Young (Normal) (GCLocker Initiated GC) 3663M->3282M(5268M) 15.745ms
[45843ms] GC(94) Pause Young (Normal) (GCLocker Initiated GC) 3611M->3344M(5268M) 15.851ms
[45920ms] GC(95) Pause Young (Normal) (G1 Evacuation Pause) 3716M->3423M(5268M) 13.272ms
[46018ms] GC(96) Pause Young (Normal) (GCLocker Initiated GC) 3943M->3547M(5448M) 18.359ms
[46132ms] GC(97) Pause Young (Normal) (GCLocker Initiated GC) 3903M->3623M(5448M) 13.669ms
[46256ms] GC(98) Pause Young (Normal) (GCLocker Initiated GC) 4115M->3705M(5448M) 14.717ms
[46389ms] GC(99) Pause Young (Normal) (GCLocker Initiated GC) 4273M->3770M(5448M) 15.578ms
[46526ms] GC(100) Pause Young (Normal) (G1 Evacuation Pause) 4410M->3942M(5556M) 17.527ms
[46677ms] GC(101) Pause Young (Normal) (G1 Evacuation Pause) 4542M->4075M(5556M) 18.395ms
[46810ms] GC(102) Pause Young (Normal) (GCLocker Initiated GC) 4679M->4166M(5556M) 14.559ms
[47055ms] GC(103) Pause Young (Normal) (G1 Evacuation Pause) 4705M->4241M(5556M) 10.227ms
[47117ms] GC(104) Pause Young (Normal) (GCLocker Initiated GC) 4735M->4333M(5556M) 9.142ms
[47189ms] GC(105) Pause Young (Concurrent Start) (G1 Evacuation Pause) 4749M->4399M(5632M) 16.083ms
[47194ms] GC(106) Concurrent Mark Cycle
[47318ms] GC(107) Pause Young (Normal) (GCLocker Initiated GC) 4823M->4444M(5632M) 12.356ms
[47335ms] GC(106) Pause Remark 4452M->2244M(5632M) 9.736ms
[47404ms] GC(106) Pause Cleanup 2504M->2504M(5632M) 0.677ms
[47413ms] GC(106) Concurrent Mark Cycle 219.256ms
[47459ms] GC(108) Pause Young (Prepare Mixed) (GCLocker Initiated GC) 2648M->2288M(5632M) 12.102ms
[47531ms] GC(109) Pause Young (Mixed) (GCLocker Initiated GC) 2536M->2018M(5632M) 11.355ms
[47626ms] GC(110) Pause Young (Mixed) (GCLocker Initiated GC) 2266M->1644M(5632M) 9.472ms
[47698ms] GC(111) Pause Young (Mixed) (GCLocker Initiated GC) 1897M->1265M(5736M) 11.286ms
[47919ms] GC(112) Pause Young (Normal) (G1 Evacuation Pause) 2409M->1419M(5736M) 9.571ms
[48173ms] GC(113) Pause Young (Normal) (GCLocker Initiated GC) 2583M->1524M(5736M) 13.741ms
[48510ms] GC(114) Pause Young (Normal) (GCLocker Initiated GC) 2972M->1564M(5736M) 17.865ms
[48888ms] GC(115) Pause Young (Normal) (GCLocker Initiated GC) 3557M->1782M(5736M) 14.862ms
[49249ms] GC(116) Pause Young (Normal) (G1 Evacuation Pause) 3394M->2016M(5736M) 16.982ms
[49596ms] GC(117) Pause Young (Normal) (G1 Evacuation Pause) 3492M->2150M(5736M) 12.056ms
[50118ms] GC(118) Pause Young (Normal) (G1 Evacuation Pause) 4406M->2400M(5736M) 12.543ms
[50444ms] GC(119) Pause Young (Normal) (G1 Evacuation Pause) 4408M->2572M(5736M) 11.891ms
[50829ms] GC(120) Pause Young (Normal) (G1 Evacuation Pause) 4432M->2646M(5736M) 10.917ms
[51149ms] GC(121) Pause Young (Normal) (GCLocker Initiated GC) 4538M->2803M(5736M) 10.486ms
[51450ms] GC(122) Pause Young (Normal) (GCLocker Initiated GC) 4600M->2792M(5736M) 7.549ms
[51725ms] GC(123) Pause Young (Normal) (GCLocker Initiated GC) 4568M->2691M(5736M) 8.502ms
[52053ms] GC(124) Pause Young (Normal) (GCLocker Initiated GC) 4603M->2867M(5736M) 17.163ms
[52418ms] GC(125) Pause Young (Normal) (GCLocker Initiated GC) 4608M->3076M(5736M) 14.254ms
[52758ms] GC(126) Pause Young (Normal) (GCLocker Initiated GC) 4552M->3074M(5736M) 12.715ms
[53158ms] GC(127) Pause Young (Normal) (GCLocker Initiated GC) 4610M->3223M(5736M) 15.887ms
[53705ms] GC(128) Pause Young (Normal) (G1 Evacuation Pause) 4691M->3488M(5736M) 58.855ms
[53911ms] GC(129) Pause Young (Normal) (G1 Evacuation Pause) 3768M->3549M(5736M) 132.632ms
[53969ms] GC(130) Pause Young (Normal) (G1 Evacuation Pause) 3781M->3587M(5736M) 14.602ms
[54019ms] GC(131) Pause Young (Normal) (G1 Evacuation Pause) 3835M->3625M(5736M) 13.044ms
[54074ms] GC(132) Pause Young (Normal) (G1 Evacuation Pause) 3873M->3660M(5884M) 15.233ms
[54160ms] GC(133) Pause Young (Normal) (G1 Evacuation Pause) 3916M->3706M(5884M) 17.452ms
[54191ms] GC(134) Pause Young (Normal) (G1 Evacuation Pause) 3957M->3828M(5884M) 9.583ms
[54236ms] GC(135) Pause Young (Normal) (G1 Evacuation Pause) 4080M->3922M(5884M) 8.434ms
[54888ms] GC(136) Pause Young (Normal) (G1 Evacuation Pause) 4174M->3954M(5956M) 22.615ms
[55092ms] GC(137) Pause Young (Normal) (GCLocker Initiated GC) 4270M->4033M(5956M) 32.173ms
[55177ms] GC(138) Pause Young (Normal) (GCLocker Initiated GC) 4312M->4054M(5956M) 14.314ms
[55316ms] GC(139) Pause Young (Normal) (GCLocker Initiated GC) 4310M->4062M(5956M) 11.908ms
[55381ms] GC(140) Pause Young (Normal) (G1 Evacuation Pause) 4350M->4070M(5956M) 9.504ms
[55765ms] GC(141) Pause Young (Normal) (GCLocker Initiated GC) 4542M->4113M(5988M) 36.464ms
[55860ms] GC(142) Pause Young (Normal) (GCLocker Initiated GC) 4477M->4143M(5988M) 12.948ms
[55984ms] GC(143) Pause Young (Normal) (GCLocker Initiated GC) 4783M->4167M(5988M) 7.648ms
[56133ms] GC(144) Pause Young (Concurrent Start) (G1 Humongous Allocation) 4427M->4171M(5988M) 108.411ms
[56133ms] GC(145) Concurrent Mark Cycle
[56324ms] GC(146) Pause Young (Normal) (GCLocker Initiated GC) 5183M->4190M(5988M) 5.528ms
[56485ms] GC(147) Pause Young (Normal) (G1 Evacuation Pause) 5190M->4199M(5988M) 9.675ms
[56680ms] GC(148) Pause Young (Normal) (G1 Evacuation Pause) 5231M->4215M(5988M) 7.113ms
[56947ms] GC(149) Pause Young (Normal) (G1 Evacuation Pause) 5203M->4202M(5988M) 14.689ms
[57139ms] GC(150) Pause Young (Normal) (G1 Evacuation Pause) 5218M->4193M(5988M) 6.302ms
[57339ms] GC(151) Pause Young (Normal) (G1 Evacuation Pause) 5253M->4208M(5988M) 6.415ms
[57517ms] GC(152) Pause Young (Normal) (G1 Evacuation Pause) 5228M->4215M(5988M) 6.003ms
[57717ms] GC(153) Pause Young (Normal) (G1 Evacuation Pause) 5219M->4195M(6000M) 6.535ms
[57947ms] GC(154) Pause Young (Normal) (G1 Evacuation Pause) 5275M->4203M(6000M) 5.605ms
[58265ms] GC(155) Pause Young (Normal) (GCLocker Initiated GC) 5267M->4210M(6000M) 11.975ms
[58526ms] GC(156) Pause Young (Normal) (G1 Evacuation Pause) 5262M->4206M(6000M) 14.828ms
[58836ms] GC(157) Pause Young (Normal) (GCLocker Initiated GC) 5274M->4220M(6000M) 10.913ms
[58995ms] GC(145) Pause Remark 4344M->1064M(3588M) 136.736ms
[59100ms] GC(145) Pause Cleanup 1580M->1580M(3588M) 0.216ms
[59108ms] GC(145) Concurrent Mark Cycle 2974.580ms
[59207ms] GC(158) Pause Young (Prepare Mixed) (G1 Evacuation Pause) 2188M->938M(3588M) 6.300ms
[59241ms] GC(159) Pause Young (Mixed) (G1 Evacuation Pause) 1058M->565M(3588M) 13.138ms
[59281ms] GC(160) Pause Young (Mixed) (G1 Evacuation Pause) 717M->552M(3588M) 11.111ms
[59681ms] GC(161) Pause Young (Normal) (GCLocker Initiated GC) 2598M->633M(3588M) 12.679ms
[60073ms] GC(162) Pause Young (Normal) (GCLocker Initiated GC) 2713M->655M(3588M) 8.720ms
[60498ms] GC(163) Pause Young (Normal) (GCLocker Initiated GC) 2735M->732M(3588M) 23.229ms
[60619ms] GC(164) Pause Young (Normal) (GCLocker Initiated GC) 1293M->702M(3588M) 15.519ms
[60804ms] GC locker is held; pre-dump GC was skipped
[61217ms] GC(165) Pause Young (Normal) (GCLocker Initiated GC) 2806M->720M(3588M) 11.796ms
[61618ms] GC(166) Pause Young (Normal) (GCLocker Initiated GC) 2846M->782M(3588M) 14.742ms
[62099ms] GC(167) Pause Young (Normal) (G1 Evacuation Pause) 2858M->816M(3588M) 28.064ms
[62272ms] GC(168) Pause Young (Normal) (GCLocker Initiated GC) 1596M->917M(3588M) 31.945ms
[62379ms] GC(169) Pause Young (Normal) (G1 Evacuation Pause) 1445M->998M(4272M) 24.875ms
[62534ms] GC(170) Pause Young (Normal) (GCLocker Initiated GC) 1529M->1060M(4272M) 15.840ms
[62674ms] GC(171) Pause Young (Normal) (G1 Evacuation Pause) 1696M->1154M(4272M) 19.818ms
[62773ms] GC(172) Pause Young (Normal) (GCLocker Initiated GC) 1650M->1229M(4272M) 15.857ms
[62892ms] GC(173) Pause Young (Normal) (G1 Evacuation Pause) 1709M->1293M(4648M) 14.935ms
[63063ms] GC(174) Pause Young (Normal) (G1 Evacuation Pause) 1881M->1360M(4648M) 16.297ms
[63180ms] GC(175) Pause Young (Normal) (G1 Evacuation Pause) 1948M->1442M(4648M) 17.980ms
[63290ms] GC(176) Pause Young (Normal) (G1 Evacuation Pause) 1938M->1510M(4648M) 18.234ms
[63516ms] GC(177) Pause Young (Normal) (G1 Evacuation Pause) 2126M->1586M(4876M) 15.234ms
[63852ms] GC(178) Pause Young (Normal) (G1 Evacuation Pause) 2386M->1687M(4876M) 17.669ms
[63958ms] GC(179) Pause Young (Normal) (GCLocker Initiated GC) 2167M->1761M(4876M) 19.693ms
[64033ms] GC(180) Pause Young (Normal) (GCLocker Initiated GC) 2085M->1814M(4876M) 17.189ms
[64153ms] GC(181) Pause Young (Normal) (GCLocker Initiated GC) 2306M->1883M(4876M) 18.046ms
[64298ms] GC(182) Pause Young (Normal) (G1 Evacuation Pause) 2407M->1956M(4876M) 26.811ms
[64437ms] GC(183) Pause Young (Normal) (G1 Evacuation Pause) 2376M->2002M(5132M) 18.013ms
[64617ms] GC(184) Pause Young (Normal) (GCLocker Initiated GC) 2591M->2084M(5132M) 21.629ms
[64717ms] GC(185) Pause Young (Normal) (GCLocker Initiated GC) 2501M->2153M(5132M) 16.185ms
[64806ms] GC(186) Pause Young (Normal) (GCLocker Initiated GC) 2600M->2220M(5132M) 13.275ms
[64918ms] GC(187) Pause Young (Normal) (GCLocker Initiated GC) 2832M->2260M(5300M) 24.488ms
[65055ms] GC(188) Pause Young (Normal) (GCLocker Initiated GC) 3039M->2263M(5300M) 5.441ms
[65319ms] GC(189) Pause Young (Normal) (GCLocker Initiated GC) 3619M->2335M(5300M) 17.977ms
[65554ms] GC(190) Pause Young (Normal) (GCLocker Initiated GC) 3435M->2306M(5300M) 8.278ms
[65899ms] GC(191) Pause Young (Normal) (GCLocker Initiated GC) 3760M->2363M(5300M) 99.786ms
[66125ms] GC(192) Pause Young (Normal) (GCLocker Initiated GC) 3787M->2346M(5300M) 26.700ms
[66613ms] GC(193) Pause Young (Normal) (GCLocker Initiated GC) 4494M->2368M(5300M) 7.927ms
[66913ms] GC(194) Pause Young (Normal) (GCLocker Initiated GC) 4482M->2382M(5300M) 8.834ms
[67542ms] GC(195) Pause Young (Normal) (GCLocker Initiated GC) 4522M->2358M(5300M) 177.687ms
[67882ms] GC(196) Pause Young (Normal) (G1 Evacuation Pause) 4562M->2370M(5508M) 5.380ms
[68221ms] GC(197) Pause Young (Normal) (GCLocker Initiated GC) 4766M->2391M(5508M) 5.524ms
[68638ms] GC(198) Pause Young (Normal) (G1 Evacuation Pause) 4759M->2442M(5508M) 20.829ms
[68984ms] GC(199) Pause Young (Normal) (GCLocker Initiated GC) 4746M->2372M(5508M) 9.058ms
[69130ms] GC locker is held; pre-dump GC was skipped
[69568ms] GC(200) Pause Young (Normal) (GCLocker Initiated GC) 4764M->2376M(5508M) 40.021ms
[69941ms] GC(201) Pause Young (Normal) (GCLocker Initiated GC) 4728M->2360M(5508M) 6.478ms
[70473ms] GC(202) Pause Young (Normal) (GCLocker Initiated GC) 4818M->2367M(5508M) 4.893ms
[70820ms] GC(203) Pause Young (Normal) (GCLocker Initiated GC) 4803M->2368M(5508M) 7.286ms
[71279ms] GC(204) Pause Young (Normal) (GCLocker Initiated GC) 4828M->2385M(5508M) 19.919ms
[71662ms] GC(205) Pause Young (Normal) (GCLocker Initiated GC) 4801M->2439M(5508M) 12.823ms
[72112ms] GC(206) Pause Young (Normal) (GCLocker Initiated GC) 4755M->2372M(5508M) 7.518ms
[72523ms] GC(207) Pause Young (Normal) (GCLocker Initiated GC) 4796M->2388M(5508M) 6.446ms
[72963ms] GC(208) Pause Young (Normal) (GCLocker Initiated GC) 4792M->2369M(5508M) 5.970ms
[73393ms] GC(209) Pause Young (Normal) (GCLocker Initiated GC) 4785M->2357M(5508M) 6.645ms
[73855ms] GC(210) Pause Young (Normal) (GCLocker Initiated GC) 4824M->2363M(5508M) 6.610ms
[74193ms] GC(211) Pause Young (Normal) (GCLocker Initiated GC) 4791M->2378M(5508M) 6.635ms
[74597ms] GC(212) Pause Young (Normal) (GCLocker Initiated GC) 4827M->2358M(5508M) 9.720ms
[74978ms] GC(213) Pause Young (Normal) (GCLocker Initiated GC) 4834M->2380M(5508M) 5.447ms
[75457ms] GC(214) Pause Young (Normal) (GCLocker Initiated GC) 4792M->2363M(5508M) 9.286ms
[75809ms] GC(215) Pause Young (Normal) (GCLocker Initiated GC) 4807M->2384M(5508M) 7.800ms
[76276ms] GC(216) Pause Young (Normal) (G1 Evacuation Pause) 4780M->2391M(5508M) 9.531ms
[76738ms] GC(217) Pause Young (Normal) (G1 Evacuation Pause) 4791M->2413M(5508M) 14.660ms
[77258ms] GC(218) Pause Young (Normal) (GCLocker Initiated GC) 4773M->2397M(5508M) 9.309ms
[77616ms] GC(219) Pause Young (Normal) (GCLocker Initiated GC) 4756M->2386M(5508M) 5.459ms
[78087ms] GC(220) Pause Young (Normal) (GCLocker Initiated GC) 4750M->2389M(5508M) 5.884ms
[78383ms] GC(221) Pause Young (Normal) (G1 Evacuation Pause) 4741M->2371M(5508M) 12.436ms
[78859ms] GC(222) Pause Young (Normal) (G1 Evacuation Pause) 4767M->2395M(5508M) 6.822ms
[79291ms] GC(223) Pause Young (Normal) (G1 Evacuation Pause) 4751M->2361M(5508M) 12.331ms
[79720ms] GC(224) Pause Young (Normal) (GCLocker Initiated GC) 4769M->2396M(5508M) 7.530ms
[80177ms] GC(225) Pause Young (Normal) (GCLocker Initiated GC) 4770M->2368M(5508M) 8.525ms
[80206ms] GC locker is held; pre-dump GC was skipped
[80957ms] GC(226) Pause Young (Normal) (GCLocker Initiated GC) 4784M->2353M(5508M) 4.457ms
[81332ms] GC(227) Pause Young (Normal) (G1 Evacuation Pause) 4841M->2350M(5508M) 4.160ms
[81729ms] GC(228) Pause Young (Normal) (GCLocker Initiated GC) 4870M->2380M(5508M) 5.637ms
[82041ms] GC(229) Pause Young (Normal) (G1 Evacuation Pause) 4832M->2345M(5508M) 4.703ms
[82441ms] GC(230) Pause Young (Normal) (GCLocker Initiated GC) 4885M->2354M(5508M) 6.349ms
[82880ms] GC(231) Pause Young (Normal) (G1 Evacuation Pause) 4922M->2352M(5508M) 8.585ms
[83258ms] GC(232) Pause Young (Normal) (G1 Evacuation Pause) 4872M->2353M(5508M) 11.166ms
[83654ms] GC(233) Pause Young (Normal) (G1 Evacuation Pause) 4893M->2360M(5508M) 5.431ms
[84036ms] GC(234) Pause Young (Normal) (GCLocker Initiated GC) 4920M->2358M(5508M) 4.918ms
[84401ms] GC(235) Pause Young (Normal) (G1 Evacuation Pause) 4898M->2344M(5508M) 5.638ms
[84720ms] GC(236) Pause Young (Normal) (GCLocker Initiated GC) 4900M->2358M(5508M) 6.223ms
[85168ms] GC(237) Pause Young (Normal) (GCLocker Initiated GC) 4906M->2348M(5508M) 4.248ms
[85663ms] GC(238) Pause Young (Normal) (GCLocker Initiated GC) 4932M->2356M(5508M) 5.981ms
[86016ms] GC(239) Pause Young (Normal) (G1 Evacuation Pause) 4900M->2343M(5508M) 4.662ms
[86474ms] GC(240) Pause Young (Normal) (GCLocker Initiated GC) 4887M->2350M(5508M) 5.078ms
[86941ms] GC(241) Pause Young (Normal) (GCLocker Initiated GC) 4923M->2356M(5508M) 6.255ms
[87333ms] GC(242) Pause Young (Normal) (G1 Evacuation Pause) 4956M->2352M(5508M) 7.445ms
[87705ms] GC(243) Pause Young (Normal) (G1 Evacuation Pause) 4872M->2351M(5508M) 5.610ms
[88133ms] GC(244) Pause Young (Normal) (GCLocker Initiated GC) 4927M->2329M(5508M) 5.523ms
[88566ms] GC(245) Pause Young (Normal) (GCLocker Initiated GC) 4913M->2329M(5508M) 6.629ms
[88902ms] GC(246) Pause Young (Normal) (G1 Evacuation Pause) 4909M->2330M(5508M) 4.954ms
[89376ms] GC(247) Pause Young (Normal) (GCLocker Initiated GC) 4938M->2342M(5508M) 7.295ms
[89826ms] GC(248) Pause Young (Normal) (GCLocker Initiated GC) 4898M->2324M(5508M) 5.230ms
[90217ms] GC(249) Pause Young (Normal) (GCLocker Initiated GC) 4920M->2332M(5508M) 5.264ms
[90676ms] GC(250) Pause Young (Normal) (G1 Evacuation Pause) 4932M->2331M(5508M) 4.399ms
[91329ms] GC(251) Pause Young (Normal) (G1 Evacuation Pause) 4907M->2324M(5508M) 4.594ms
[91736ms] GC(252) Pause Young (Normal) (GCLocker Initiated GC) 4934M->2338M(5508M) 5.399ms
[92166ms] GC(253) Pause Young (Normal) (G1 Evacuation Pause) 4934M->2335M(5508M) 7.310ms
[92487ms] GC(254) Pause Young (Normal) (G1 Evacuation Pause) 4919M->2328M(5508M) 6.787ms
[92858ms] GC(255) Pause Young (Normal) (GCLocker Initiated GC) 4922M->2337M(5508M) 4.874ms
[93252ms] GC(256) Pause Young (Normal) (G1 Evacuation Pause) 4945M->2330M(5508M) 4.885ms
[93495ms] GC locker is held; pre-dump GC was skipped
[94020ms] GC(257) Pause Young (Normal) (G1 Evacuation Pause) 4906M->2327M(5508M) 5.578ms
[94748ms] GC(258) Pause Young (Normal) (G1 Evacuation Pause) 4895M->2327M(5508M) 9.466ms
[95149ms] GC(259) Pause Young (Normal) (GCLocker Initiated GC) 4939M->2327M(5508M) 4.048ms
[95512ms] GC(260) Pause Young (Normal) (G1 Evacuation Pause) 4939M->2328M(5508M) 5.775ms
[95934ms] GC(261) Pause Young (Normal) (G1 Evacuation Pause) 4956M->2319M(5508M) 4.810ms
[96943ms] GC(262) Pause Young (Normal) (GCLocker Initiated GC) 5027M->2323M(5508M) 5.189ms
[99384ms] GC(263) Pause Young (Normal) (G1 Evacuation Pause) 5091M->2323M(5508M) 2.924ms
[101935ms] GC(264) Pause Young (Normal) (G1 Evacuation Pause) 5087M->2314M(5508M) 1.713ms
[103097ms] GC(265) Pause Young (Normal) (G1 Evacuation Pause) 5094M->2317M(5508M) 2.447ms
[104187ms] GC(266) Pause Young (Normal) (G1 Evacuation Pause) 5109M->2319M(5508M) 3.969ms
[106086ms] GC(267) Pause Young (Normal) (G1 Evacuation Pause) 5103M->2316M(5508M) 1.954ms
[107309ms] GC(268) Pause Young (Normal) (G1 Evacuation Pause) 5104M->2320M(5508M) 2.684ms
[109944ms] GC(269) Pause Young (Normal) (G1 Evacuation Pause) 5112M->2320M(5508M) 5.538ms
[112156ms] GC(270) Pause Young (Normal) (G1 Evacuation Pause) 5076M->2313M(5508M) 2.488ms
[114056ms] GC(271) Pause Full (Heap Inspection Initiated GC) 3940M->196M(1024M) 794.732ms
[114109ms] GC(272) Pause Young (Concurrent Start) (G1 Humongous Allocation) 288M->198M(1024M) 1.626ms
[114109ms] GC(273) Concurrent Mark Cycle
[114136ms] GC(273) Pause Remark 246M->246M(1024M) 2.653ms
[114149ms] GC(273) Pause Cleanup 268M->268M(1024M) 0.110ms
[114149ms] GC(273) Concurrent Mark Cycle 40.277ms
[114447ms] GC(274) Pause Young (Normal) (G1 Evacuation Pause) 830M->207M(1024M) 1.720ms
[114695ms] GC(275) Pause Young (Normal) (G1 Evacuation Pause) 839M->213M(1024M) 1.133ms
[114909ms] GC(276) Pause Young (Normal) (G1 Evacuation Pause) 825M->213M(1024M) 1.244ms
[115149ms] GC(277) Pause Young (Normal) (G1 Evacuation Pause) 833M->213M(1024M) 2.285ms
[115665ms] GC(278) Pause Young (Normal) (G1 Evacuation Pause) 825M->213M(1024M) 1.987ms
[115940ms] GC(279) Pause Young (Normal) (G1 Evacuation Pause) 833M->214M(1024M) 2.167ms
[116184ms] GC(280) Pause Young (Normal) (G1 Evacuation Pause) 826M->214M(1024M) 1.300ms
[116457ms] GC(281) Pause Young (Normal) (G1 Evacuation Pause) 834M->214M(1024M) 1.329ms
[116747ms] GC(282) Pause Young (Normal) (G1 Evacuation Pause) 826M->214M(1024M) 1.513ms
[117006ms] GC(283) Pause Young (Normal) (G1 Evacuation Pause) 834M->214M(1024M) 1.594ms
[117269ms] GC(284) Pause Young (Normal) (G1 Evacuation Pause) 826M->214M(1024M) 1.662ms
[117552ms] GC(285) Pause Young (Normal) (G1 Evacuation Pause) 834M->214M(1024M) 1.162ms
[117784ms] GC(286) Pause Young (Normal) (G1 Evacuation Pause) 826M->213M(1024M) 1.231ms
[118344ms] GC(287) Pause Young (Normal) (G1 Evacuation Pause) 833M->214M(1024M) 3.478ms
[118612ms] GC(288) Pause Young (Normal) (G1 Evacuation Pause) 826M->213M(1024M) 1.352ms
[118832ms] GC(289) Pause Young (Normal) (G1 Evacuation Pause) 833M->213M(1024M) 1.032ms
[119063ms] GC(290) Pause Young (Normal) (G1 Evacuation Pause) 833M->213M(1024M) 1.438ms
[119404ms] GC(291) Pause Young (Normal) (G1 Evacuation Pause) 825M->214M(1024M) 2.319ms
[119729ms] GC(292) Pause Young (Normal) (G1 Evacuation Pause) 834M->214M(1024M) 2.276ms
[120150ms] GC(293) Pause Young (Normal) (G1 Evacuation Pause) 830M->214M(1024M) 6.162ms
[120406ms] GC(294) Pause Full (Heap Inspection Initiated GC) 570M->190M(1024M) 39.008ms
[120703ms] GC(295) Pause Young (Normal) (G1 Evacuation Pause) 810M->199M(1024M) 1.142ms
[120936ms] GC(296) Pause Young (Normal) (G1 Evacuation Pause) 819M->207M(1024M) 1.380ms
[121171ms] GC(297) Pause Young (Normal) (G1 Evacuation Pause) 819M->207M(1024M) 1.153ms
[121439ms] GC(298) Pause Young (Normal) (G1 Evacuation Pause) 831M->207M(1024M) 1.352ms
[121770ms] GC(299) Pause Young (Normal) (G1 Evacuation Pause) 819M->207M(1024M) 1.775ms
[122039ms] GC(300) Pause Young (Normal) (G1 Evacuation Pause) 827M->207M(1024M) 1.387ms
[122301ms] GC(301) Pause Young (Normal) (G1 Evacuation Pause) 819M->207M(1024M) 1.074ms
[122549ms] GC(302) Pause Young (Normal) (G1 Evacuation Pause) 827M->207M(1024M) 1.562ms
[122800ms] GC(303) Pause Young (Normal) (G1 Evacuation Pause) 819M->206M(1024M) 1.014ms
[123049ms] GC(304) Pause Young (Normal) (G1 Evacuation Pause) 826M->207M(1024M) 1.638ms
[123301ms] GC(305) Pause Young (Normal) (G1 Evacuation Pause) 819M->208M(1024M) 2.149ms
[123559ms] GC(306) Pause Young (Normal) (G1 Evacuation Pause) 828M->207M(1024M) 1.251ms
[123807ms] GC(307) Pause Young (Normal) (G1 Evacuation Pause) 823M->208M(1024M) 1.417ms
[125125ms] GC(308) Pause Young (Normal) (G1 Evacuation Pause) 824M->207M(1024M) 1.452ms
[125501ms] GC(309) Pause Young (Normal) (G1 Evacuation Pause) 823M->207M(1024M) 1.158ms
[125898ms] GC(310) Pause Young (Normal) (G1 Evacuation Pause) 823M->207M(1024M) 1.582ms
[126233ms] GC(311) Pause Young (Normal) (G1 Evacuation Pause) 823M->207M(1024M) 1.430ms
[126551ms] GC(312) Pause Young (Normal) (G1 Evacuation Pause) 823M->208M(1024M) 2.177ms
[126867ms] GC(313) Pause Young (Normal) (G1 Evacuation Pause) 824M->207M(1024M) 2.165ms
[127132ms] GC(314) Pause Young (Normal) (G1 Evacuation Pause) 827M->207M(1024M) 1.305ms
[127377ms] GC(315) Pause Young (Normal) (G1 Evacuation Pause) 819M->208M(1024M) 1.411ms
[127609ms] GC(316) Pause Young (Normal) (G1 Evacuation Pause) 828M->207M(1024M) 1.369ms
[127894ms] GC(317) Pause Young (Normal) (G1 Evacuation Pause) 819M->207M(1024M) 1.214ms
[128120ms] GC(318) Pause Young (Normal) (G1 Evacuation Pause) 827M->207M(1024M) 1.355ms
[128628ms] GC(319) Pause Young (Normal) (G1 Evacuation Pause) 819M->207M(1024M) 2.838ms
[129019ms] GC(320) Pause Full (Heap Inspection Initiated GC) 723M->181M(1024M) 29.662ms
[129348ms] GC(321) Pause Young (Normal) (G1 Evacuation Pause) 797M->186M(1024M) 1.222ms
[129629ms] GC(322) Pause Young (Normal) (G1 Evacuation Pause) 806M->198M(1024M) 1.292ms
[129911ms] GC(323) Pause Young (Normal) (G1 Evacuation Pause) 810M->198M(1024M) 1.225ms
[130152ms] GC(324) Pause Young (Normal) (G1 Evacuation Pause) 818M->198M(1024M) 1.602ms
[130410ms] GC(325) Pause Young (Normal) (G1 Evacuation Pause) 814M->198M(1024M) 1.121ms
[130674ms] GC(326) Pause Young (Normal) (G1 Evacuation Pause) 814M->199M(1024M) 1.218ms
[130973ms] GC(327) Pause Young (Normal) (G1 Evacuation Pause) 815M->199M(1024M) 1.351ms
[131202ms] GC(328) Pause Young (Normal) (G1 Evacuation Pause) 815M->198M(1024M) 1.322ms
[131459ms] GC(329) Pause Young (Normal) (G1 Evacuation Pause) 814M->199M(1024M) 1.589ms
[131741ms] GC(330) Pause Young (Normal) (G1 Evacuation Pause) 815M->198M(1024M) 3.092ms
[132004ms] GC(331) Pause Young (Normal) (G1 Evacuation Pause) 814M->199M(1024M) 1.266ms
[132231ms] GC(332) Pause Young (Normal) (G1 Evacuation Pause) 815M->199M(1024M) 1.316ms
[132459ms] GC(333) Pause Young (Normal) (G1 Evacuation Pause) 819M->198M(1024M) 1.197ms
[132682ms] GC(334) Pause Young (Normal) (G1 Evacuation Pause) 810M->199M(1024M) 1.383ms
[132916ms] GC(335) Pause Young (Normal) (G1 Evacuation Pause) 819M->198M(1024M) 1.392ms
[133174ms] GC(336) Pause Young (Normal) (G1 Evacuation Pause) 810M->199M(1024M) 1.537ms
[133431ms] GC(337) Pause Young (Normal) (G1 Evacuation Pause) 819M->199M(1024M) 2.628ms
[133696ms] GC(338) Pause Young (Normal) (G1 Evacuation Pause) 811M->199M(1024M) 1.510ms
[134026ms] GC(339) Pause Young (Normal) (G1 Evacuation Pause) 819M->199M(1024M) 2.360ms
[134174ms] GC(340) Pause Full (Heap Inspection Initiated GC) 467M->173M(1024M) 29.108ms
[134455ms] GC(341) Pause Young (Normal) (G1 Evacuation Pause) 793M->182M(1024M) 1.054ms
[134683ms] GC(342) Pause Young (Normal) (G1 Evacuation Pause) 798M->190M(1024M) 1.708ms
[134912ms] GC(343) Pause Young (Normal) (G1 Evacuation Pause) 806M->191M(1024M) 1.506ms
[135142ms] GC(344) Pause Young (Normal) (G1 Evacuation Pause) 807M->190M(1024M) 1.111ms
[135402ms] GC(345) Pause Young (Normal) (G1 Evacuation Pause) 806M->191M(1024M) 1.990ms
[135689ms] GC(346) Pause Young (Normal) (G1 Evacuation Pause) 807M->191M(1024M) 2.026ms
[135973ms] GC(347) Pause Young (Normal) (G1 Evacuation Pause) 807M->191M(1024M) 1.880ms
[136221ms] GC(348) Pause Young (Normal) (G1 Evacuation Pause) 807M->190M(1024M) 1.199ms
[136455ms] GC(349) Pause Young (Normal) (G1 Evacuation Pause) 810M->191M(1024M) 1.703ms
[136678ms] GC(350) Pause Young (Normal) (G1 Evacuation Pause) 803M->191M(1024M) 1.578ms
[136900ms] GC(351) Pause Young (Normal) (G1 Evacuation Pause) 811M->191M(1024M) 1.319ms
[137120ms] GC(352) Pause Young (Normal) (G1 Evacuation Pause) 803M->190M(1024M) 1.157ms
[137357ms] GC(353) Pause Young (Normal) (G1 Evacuation Pause) 810M->190M(1024M) 1.221ms
[137583ms] GC(354) Pause Young (Normal) (G1 Evacuation Pause) 802M->190M(1024M) 1.512ms
[137865ms] GC(355) Pause Young (Normal) (G1 Evacuation Pause) 810M->190M(1024M) 1.713ms
[138169ms] GC(356) Pause Young (Normal) (G1 Evacuation Pause) 802M->190M(1024M) 2.493ms
[138513ms] GC(357) Pause Young (Normal) (G1 Evacuation Pause) 810M->190M(1024M) 1.464ms
[138748ms] GC(358) Pause Young (Normal) (GCLocker Initiated GC) 802M->190M(1024M) 1.271ms
[138981ms] GC(359) Pause Young (Normal) (G1 Evacuation Pause) 814M->189M(1024M) 1.332ms
[139218ms] GC(360) Pause Young (Normal) (G1 Evacuation Pause) 801M->190M(1024M) 1.252ms
[139470ms] GC(361) Pause Young (Normal) (G1 Evacuation Pause) 810M->190M(1024M) 1.843ms
[139760ms] GC(362) Pause Young (Normal) (G1 Evacuation Pause) 798M->191M(1024M) 2.346ms
[140062ms] GC(363) Pause Young (Normal) (G1 Evacuation Pause) 815M->190M(1024M) 1.112ms
[140315ms] GC(364) Pause Young (Normal) (G1 Evacuation Pause) 806M->191M(1024M) 1.190ms
[140552ms] GC(365) Pause Young (Normal) (G1 Evacuation Pause) 807M->190M(1024M) 1.236ms
[140828ms] GC(366) Pause Young (Normal) (G1 Evacuation Pause) 806M->191M(1024M) 1.826ms
[141539ms] GC(367) Pause Young (Normal) (G1 Evacuation Pause) 807M->191M(1024M) 1.364ms
[141866ms] GC(368) Pause Young (Normal) (G1 Evacuation Pause) 807M->191M(1024M) 1.549ms
[142450ms] GC(369) Pause Young (Normal) (G1 Evacuation Pause) 807M->191M(1024M) 1.963ms
[142755ms] GC(370) Pause Young (Normal) (G1 Evacuation Pause) 807M->190M(1024M) 1.350ms
[143007ms] GC(371) Pause Young (Normal) (G1 Evacuation Pause) 806M->191M(1024M) 1.298ms
[143241ms] GC(372) Pause Young (Normal) (G1 Evacuation Pause) 807M->190M(1024M) 1.252ms
[143659ms] GC(373) Pause Young (Normal) (G1 Evacuation Pause) 806M->191M(1024M) 1.453ms
[143943ms] GC(374) Pause Young (Normal) (G1 Evacuation Pause) 807M->190M(1024M) 1.551ms
[144177ms] GC(375) Pause Full (Heap Inspection Initiated GC) 678M->163M(1024M) 33.276ms
[144455ms] GC(376) Pause Young (Normal) (G1 Evacuation Pause) 783M->172M(1024M) 1.114ms
[144678ms] GC(377) Pause Young (Normal) (G1 Evacuation Pause) 788M->180M(1024M) 1.247ms
[144926ms] GC(378) Pause Young (Normal) (G1 Evacuation Pause) 796M->180M(1024M) 1.212ms
[145184ms] GC(379) Pause Young (Normal) (G1 Evacuation Pause) 796M->180M(1024M) 1.236ms
[145440ms] GC(380) Pause Young (Normal) (G1 Evacuation Pause) 796M->180M(1024M) 1.169ms
[145733ms] GC(381) Pause Young (Normal) (G1 Evacuation Pause) 796M->181M(1024M) 3.146ms
[146048ms] GC(382) Pause Young (Normal) (G1 Evacuation Pause) 797M->180M(1024M) 1.244ms
[146510ms] GC(383) Pause Young (Normal) (G1 Evacuation Pause) 796M->180M(1024M) 1.443ms
[146798ms] GC(384) Pause Young (Normal) (G1 Evacuation Pause) 800M->181M(1024M) 2.490ms
[147103ms] GC(385) Pause Young (Normal) (G1 Evacuation Pause) 793M->181M(1024M) 2.272ms
[147382ms] GC(386) Pause Young (Normal) (G1 Evacuation Pause) 801M->180M(1024M) 1.678ms
[147682ms] GC(387) Pause Young (Normal) (G1 Evacuation Pause) 792M->180M(1024M) 1.176ms
[147927ms] GC(388) Pause Young (Normal) (G1 Evacuation Pause) 800M->180M(1024M) 1.547ms
[148281ms] GC(389) Pause Young (Normal) (G1 Evacuation Pause) 792M->181M(1024M) 1.645ms
[149527ms] GC(390) Pause Young (Normal) (G1 Evacuation Pause) 801M->180M(1024M) 1.193ms
[150437ms] GC(391) Pause Young (Normal) (G1 Evacuation Pause) 792M->180M(1024M) 1.955ms
[150895ms] GC(392) Pause Young (Normal) (G1 Evacuation Pause) 800M->181M(1024M) 2.079ms
[151157ms] GC(393) Pause Young (Normal) (G1 Evacuation Pause) 797M->183M(1024M) 1.110ms
[151425ms] GC(394) Pause Young (Normal) (G1 Evacuation Pause) 799M->181M(1024M) 1.365ms
[151655ms] GC(395) Pause Young (Normal) (G1 Evacuation Pause) 797M->181M(1024M) 1.565ms
[151910ms] GC(396) Pause Young (Normal) (G1 Evacuation Pause) 801M->181M(1024M) 1.400ms
[152157ms] GC(397) Pause Young (Normal) (G1 Evacuation Pause) 797M->180M(1024M) 1.153ms
[152450ms] GC(398) Pause Young (Normal) (G1 Evacuation Pause) 796M->180M(1024M) 1.349ms
[152725ms] GC(399) Pause Young (Normal) (G1 Evacuation Pause) 796M->181M(1024M) 1.248ms
[152972ms] GC(400) Pause Young (Normal) (G1 Evacuation Pause) 797M->181M(1024M) 1.262ms
[153197ms] GC(401) Pause Young (Normal) (G1 Evacuation Pause) 797M->180M(1024M) 1.405ms
[153438ms] GC(402) Pause Young (Normal) (G1 Evacuation Pause) 796M->181M(1024M) 1.429ms
[153709ms] GC(403) Pause Young (Normal) (G1 Evacuation Pause) 797M->181M(1024M) 1.476ms
[153963ms] GC(404) Pause Young (Normal) (GCLocker Initiated GC) 799M->180M(1024M) 1.453ms
[154217ms] GC(405) Pause Young (Normal) (G1 Evacuation Pause) 800M->180M(1024M) 2.521ms
[154467ms] GC(406) Pause Young (Normal) (G1 Evacuation Pause) 792M->180M(1024M) 1.356ms
[154700ms] GC(407) Pause Young (Normal) (G1 Evacuation Pause) 800M->181M(1024M) 1.508ms
[154913ms] GC(408) Pause Young (Normal) (G1 Evacuation Pause) 793M->180M(1024M) 1.293ms
[155124ms] GC(409) Pause Young (Normal) (G1 Evacuation Pause) 800M->180M(1024M) 1.419ms
[155335ms] GC(410) Pause Young (Normal) (G1 Evacuation Pause) 792M->180M(1024M) 1.272ms
[155553ms] GC(411) Pause Young (Normal) (G1 Evacuation Pause) 800M->180M(1024M) 1.412ms
[155770ms] GC(412) Pause Young (Normal) (G1 Evacuation Pause) 792M->180M(1024M) 2.252ms
[155982ms] GC(413) Pause Young (Normal) (G1 Evacuation Pause) 800M->180M(1024M) 1.328ms
[156207ms] GC(414) Pause Young (Normal) (G1 Evacuation Pause) 792M->180M(1024M) 1.238ms
[156422ms] GC(415) Pause Young (Normal) (G1 Evacuation Pause) 800M->181M(1024M) 1.266ms
[156665ms] GC(416) Pause Young (Normal) (G1 Evacuation Pause) 801M->181M(1024M) 1.780ms
[156877ms] GC(417) Pause Full (Heap Inspection Initiated GC) 569M->162M(1024M) 31.548ms
[157147ms] GC(418) Pause Young (Normal) (G1 Evacuation Pause) 778M->167M(1024M) 1.482ms
[157384ms] GC(419) Pause Young (Normal) (G1 Evacuation Pause) 787M->179M(1024M) 1.061ms
[157608ms] GC(420) Pause Young (Normal) (G1 Evacuation Pause) 791M->180M(1024M) 1.597ms
[157821ms] GC(421) Pause Young (Normal) (G1 Evacuation Pause) 800M->179M(1024M) 1.170ms
[158043ms] GC(422) Pause Young (Normal) (G1 Evacuation Pause) 791M->180M(1024M) 1.348ms
[158300ms] GC(423) Pause Young (Normal) (G1 Evacuation Pause) 800M->180M(1024M) 1.753ms
[158578ms] GC(424) Pause Young (Normal) (G1 Evacuation Pause) 792M->179M(1024M) 1.447ms
[158857ms] GC(425) Pause Young (Normal) (G1 Evacuation Pause) 799M->180M(1024M) 1.279ms
[159106ms] GC(426) Pause Young (Normal) (G1 Evacuation Pause) 792M->179M(1024M) 1.049ms
[159453ms] GC(427) Pause Young (Normal) (G1 Evacuation Pause) 799M->179M(1024M) 1.600ms
[159806ms] GC(428) Pause Young (Normal) (G1 Evacuation Pause) 799M->180M(1024M) 9.975ms
[160171ms] GC(429) Pause Young (Normal) (G1 Evacuation Pause) 792M->180M(1024M) 4.310ms
[160514ms] GC(430) Pause Young (Normal) (G1 Evacuation Pause) 800M->179M(1024M) 1.834ms
[160779ms] GC(431) Pause Young (Normal) (G1 Evacuation Pause) 795M->180M(1024M) 1.793ms
[161040ms] GC(432) Pause Young (Normal) (G1 Evacuation Pause) 796M->179M(1024M) 1.543ms
[161254ms] GC(433) Pause Young (Normal) (G1 Evacuation Pause) 795M->179M(1024M) 1.149ms
[161471ms] GC(434) Pause Young (Normal) (G1 Evacuation Pause) 799M->179M(1024M) 1.158ms
[162324ms] GC(435) Pause Young (Normal) (G1 Evacuation Pause) 791M->179M(1024M) 1.059ms
[162660ms] GC(436) Pause Young (Normal) (G1 Evacuation Pause) 799M->179M(1024M) 1.427ms
[162918ms] GC(437) Pause Young (Normal) (G1 Evacuation Pause) 791M->179M(1024M) 1.448ms
[163208ms] GC(438) Pause Young (Normal) (G1 Evacuation Pause) 799M->179M(1024M) 1.315ms
[163507ms] GC(439) Pause Young (Normal) (G1 Evacuation Pause) 791M->180M(1024M) 2.812ms
[163842ms] GC(440) Pause Young (Normal) (G1 Evacuation Pause) 800M->179M(1024M) 1.114ms
[164181ms] GC(441) Pause Young (Normal) (G1 Evacuation Pause) 791M->180M(1024M) 1.251ms
[164471ms] GC(442) Pause Young (Normal) (G1 Evacuation Pause) 800M->179M(1024M) 1.247ms
[164762ms] GC(443) Pause Young (Normal) (G1 Evacuation Pause) 791M->179M(1024M) 1.356ms
[165064ms] GC(444) Pause Young (Normal) (G1 Evacuation Pause) 799M->179M(1024M) 1.648ms
[165353ms] GC(445) Pause Young (Normal) (G1 Evacuation Pause) 795M->179M(1024M) 1.195ms
[165589ms] GC(446) Pause Young (Normal) (G1 Evacuation Pause) 795M->180M(1024M) 1.155ms
[165812ms] GC(447) Pause Young (Normal) (G1 Evacuation Pause) 796M->180M(1024M) 1.686ms
[166071ms] GC(448) Pause Young (Normal) (G1 Evacuation Pause) 800M->179M(1024M) 2.104ms
[166345ms] GC(449) Pause Young (Normal) (G1 Evacuation Pause) 791M->180M(1024M) 1.396ms
[166624ms] GC(450) Pause Young (Normal) (G1 Evacuation Pause) 800M->180M(1024M) 1.883ms
[166950ms] GC(451) Pause Young (Normal) (G1 Evacuation Pause) 796M->180M(1024M) 2.405ms
[167235ms] GC(452) Pause Young (Normal) (GCLocker Initiated GC) 798M->179M(1024M) 1.424ms
[167474ms] GC(453) Pause Young (Normal) (G1 Evacuation Pause) 795M->179M(1024M) 1.234ms
[167718ms] GC(454) Pause Young (Normal) (G1 Evacuation Pause) 795M->179M(1024M) 1.241ms
[167932ms] GC(455) Pause Young (Normal) (G1 Evacuation Pause) 795M->180M(1024M) 1.259ms
[168141ms] GC(456) Pause Young (Normal) (G1 Evacuation Pause) 796M->180M(1024M) 1.189ms
[168373ms] GC(457) Pause Young (Normal) (G1 Evacuation Pause) 796M->180M(1024M) 1.227ms
[168581ms] GC(458) Pause Young (Normal) (G1 Evacuation Pause) 796M->179M(1024M) 1.163ms
[168795ms] GC(459) Pause Young (Normal) (G1 Evacuation Pause) 795M->179M(1024M) 1.098ms
[169005ms] GC(460) Pause Young (Normal) (G1 Evacuation Pause) 795M->179M(1024M) 1.167ms
[169208ms] GC(461) Pause Young (Normal) (G1 Evacuation Pause) 795M->179M(1024M) 1.074ms
[169429ms] GC(462) Pause Young (Normal) (G1 Evacuation Pause) 795M->179M(1024M) 1.182ms
[169612ms] GC(463) Pause Full (Heap Inspection Initiated GC) 615M->162M(1024M) 27.407ms
[169872ms] GC(464) Pause Young (Normal) (G1 Evacuation Pause) 782M->171M(1024M) 1.235ms
[170080ms] GC(465) Pause Young (Normal) (G1 Evacuation Pause) 787M->179M(1024M) 1.170ms
[170284ms] GC(466) Pause Young (Normal) (G1 Evacuation Pause) 795M->179M(1024M) 1.330ms
[170498ms] GC(467) Pause Young (Normal) (G1 Evacuation Pause) 799M->179M(1024M) 1.549ms
[170711ms] GC(468) Pause Young (Normal) (G1 Evacuation Pause) 791M->179M(1024M) 1.205ms
[170949ms] GC(469) Pause Young (Normal) (G1 Evacuation Pause) 799M->179M(1024M) 1.892ms
[171215ms] GC(470) Pause Young (Normal) (G1 Evacuation Pause) 787M->177M(1024M) 2.034ms
[171510ms] GC(471) Pause Young (Normal) (G1 Evacuation Pause) 789M->174M(1024M) 3.896ms
[171786ms] GC(472) Pause Young (Normal) (G1 Evacuation Pause) 786M->179M(1024M) 1.522ms
[172021ms] GC(473) Pause Young (Normal) (G1 Evacuation Pause) 787M->176M(1024M) 1.767ms
[172292ms] GC(474) Pause Young (Normal) (G1 Evacuation Pause) 800M->179M(1024M) 1.463ms
[172549ms] GC(475) Pause Young (Normal) (G1 Evacuation Pause) 791M->179M(1024M) 1.904ms
[172794ms] GC(476) Pause Young (Normal) (G1 Evacuation Pause) 799M->179M(1024M) 2.145ms
[173034ms] GC(477) Pause Young (Normal) (G1 Evacuation Pause) 795M->180M(1024M) 1.690ms
[173257ms] GC(478) Pause Young (Normal) (G1 Evacuation Pause) 796M->179M(1024M) 1.238ms
[173464ms] GC(479) Pause Young (Normal) (G1 Evacuation Pause) 795M->179M(1024M) 1.134ms
[174033ms] GC(480) Pause Young (Normal) (G1 Evacuation Pause) 795M->178M(1024M) 0.955ms
[174352ms] GC(481) Pause Young (Normal) (G1 Evacuation Pause) 794M->178M(1024M) 1.381ms
[174593ms] GC(482) Pause Young (Normal) (G1 Evacuation Pause) 794M->179M(1024M) 1.126ms
[174831ms] GC(483) Pause Young (Normal) (G1 Evacuation Pause) 795M->179M(1024M) 1.272ms
[175038ms] GC(484) Pause Young (Normal) (G1 Evacuation Pause) 795M->180M(1024M) 1.448ms
[175261ms] GC(485) Pause Young (Normal) (G1 Evacuation Pause) 796M->179M(1024M) 1.430ms
[175514ms] GC(486) Pause Young (Normal) (G1 Evacuation Pause) 795M->180M(1024M) 2.901ms
[175764ms] GC(487) Pause Young (Normal) (G1 Evacuation Pause) 796M->180M(1024M) 1.701ms
[176002ms] GC(488) Pause Young (Normal) (G1 Evacuation Pause) 796M->179M(1024M) 1.308ms
[176253ms] GC(489) Pause Young (Normal) (G1 Evacuation Pause) 799M->179M(1024M) 1.601ms
[176512ms] GC(490) Pause Young (Normal) (G1 Evacuation Pause) 791M->180M(1024M) 1.212ms
[176750ms] GC(491) Pause Young (Normal) (G1 Evacuation Pause) 800M->179M(1024M) 1.183ms
[176999ms] GC(492) Pause Young (Normal) (G1 Evacuation Pause) 791M->178M(1024M) 1.115ms
[177229ms] GC(493) Pause Young (Normal) (G1 Evacuation Pause) 802M->182M(1024M) 1.021ms
[177489ms] GC(494) Pause Young (Normal) (G1 Evacuation Pause) 790M->179M(1024M) 1.422ms
[177756ms] GC(495) Pause Young (Normal) (G1 Evacuation Pause) 803M->179M(1024M) 1.693ms
[178017ms] GC(496) Pause Young (Normal) (G1 Evacuation Pause) 787M->179M(1024M) 1.753ms
[178226ms] GC(497) Pause Young (Normal) (G1 Evacuation Pause) 803M->179M(1024M) 1.305ms
[178443ms] GC(498) Pause Young (Normal) (G1 Evacuation Pause) 787M->180M(1024M) 1.678ms
[178681ms] GC(499) Pause Young (Normal) (GCLocker Initiated GC) 804M->179M(1024M) 1.647ms
[178959ms] GC(500) Pause Young (Normal) (G1 Evacuation Pause) 787M->179M(1024M) 1.619ms
[179226ms] GC(501) Pause Young (Normal) (GCLocker Initiated GC) 803M->179M(1024M) 2.709ms
[179482ms] GC(502) Pause Young (Normal) (G1 Evacuation Pause) 787M->180M(1024M) 1.718ms
[179755ms] GC(503) Pause Young (Normal) (G1 Evacuation Pause) 804M->179M(1024M) 3.172ms
[180001ms] GC(504) Pause Young (Normal) (G1 Evacuation Pause) 795M->179M(1024M) 1.153ms
[180449ms] GC(505) Pause Young (Normal) (G1 Evacuation Pause) 795M->179M(1024M) 1.257ms
[180755ms] GC(506) Pause Young (Normal) (G1 Evacuation Pause) 795M->179M(1024M) 0.996ms
[181008ms] GC(507) Pause Young (Normal) (G1 Evacuation Pause) 795M->179M(1024M) 1.045ms
[182405ms] GC(508) Pause Full (Heap Inspection Initiated GC) 487M->162M(1024M) 29.424ms
[182931ms] GC(509) Pause Young (Normal) (G1 Evacuation Pause) 790M->179M(1024M) 1.377ms
[183223ms] GC(510) Pause Young (Normal) (G1 Evacuation Pause) 787M->179M(1024M) 1.227ms
[183466ms] GC(511) Pause Young (Normal) (GCLocker Initiated GC) 803M->178M(1024M) 1.069ms
[183728ms] GC(512) Pause Young (Normal) (G1 Evacuation Pause) 786M->179M(1024M) 1.438ms
[183990ms] GC(513) Pause Young (Normal) (G1 Evacuation Pause) 803M->179M(1024M) 1.830ms
[184290ms] GC(514) Pause Young (Normal) (G1 Evacuation Pause) 787M->180M(1024M) 1.295ms
[184609ms] GC(515) Pause Young (Normal) (G1 Evacuation Pause) 804M->178M(1024M) 1.192ms
[184874ms] GC(516) Pause Young (Normal) (G1 Evacuation Pause) 786M->179M(1024M) 1.450ms
[188131ms] GC(517) Pause Full (Heap Inspection Initiated GC) 788M->145M(1024M) 22.059ms
[193098ms] GC(518) Pause Full (Heap Inspection Initiated GC) 166M->137M(1024M) 25.435ms
[201660ms] GC(519) Pause Full (Heap Inspection Initiated GC) 160M->128M(1024M) 23.828ms
[209017ms] GC(520) Pause Full (Heap Inspection Initiated GC) 145M->119M(1024M) 24.428ms
